<?xml version="1.0" encoding="UTF-8"?>
<TestRun id="3f6ef6a6-f8d3-4898-9c5a-4fd32924beb6" name="tfsmladm@TFSBUILD11 2015-09-28 09:43:23" runUser="REDMOND\tfsmladm" xmlns="http://microsoft.com/schemas/VisualStudio/TeamTest/2010">
  <Times creation="2015-09-28T09:43:23.3430774-07:00" queuing="2015-09-28T09:43:23.3430774-07:00" start="2015-09-28T09:43:23.3430774-07:00" finish="2015-09-28T09:43:23.5149643-07:00" />
  <TestSettings name="default" id="a37bf1ac-8d9a-476f-90e9-5ca92311c0be">
    <Execution>
      <TestTypeSpecific />
    </Execution>
    <Deployment runDeploymentRoot="tfsmladm_TFSBUILD11 2015-09-28 09_43_23" />
    <Properties />
  </TestSettings>
  <Results>
    <UnitTestResult executionId="25ad4b36-79a9-4f24-85a8-be3adcce9832" testId="7b577b79-4b42-ec70-7ec8-51fe42fa5d88" testName="CompareToOffers" computerName="TFSBUILD11" duration="00:00:00.0057764" startTime="2015-09-28T09:43:22.9055457-07:00" endTime="2015-09-28T09:43:22.9680510-07:00" testType="13cdc9d9-ddb5-4fa4-a97d-d965ccfc6d4b" outcome="Passed" testListId="8c84fa94-04c1-424b-9868-57a2d4851a1d" relativeResultsDirectory="25ad4b36-79a9-4f24-85a8-be3adcce9832" />
    <UnitTestResult executionId="fc9e5e11-7dec-4f04-a3e4-8f9e6a47ac81" testId="178fe0af-3133-e885-76f9-a761a28c261e" testName="EqualsOffers" computerName="TFSBUILD11" duration="00:00:00.0005236" startTime="2015-09-28T09:43:22.9836771-07:00" endTime="2015-09-28T09:43:22.9836771-07:00" testType="13cdc9d9-ddb5-4fa4-a97d-d965ccfc6d4b" outcome="Passed" testListId="8c84fa94-04c1-424b-9868-57a2d4851a1d" relativeResultsDirectory="fc9e5e11-7dec-4f04-a3e4-8f9e6a47ac81" />
    <UnitTestResult executionId="6db31256-2a3b-4bb9-a24b-db0a4e6637f9" testId="85dcf1cf-6ace-bbb0-4d13-68baaf4af351" testName="CompareTo" computerName="TFSBUILD11" startTime="2015-09-28T09:43:22.9836771-07:00" endTime="2015-09-28T09:43:22.9836771-07:00" testType="13cdc9d9-ddb5-4fa4-a97d-d965ccfc6d4b" outcome="NotExecuted" testListId="8c84fa94-04c1-424b-9868-57a2d4851a1d" relativeResultsDirectory="6db31256-2a3b-4bb9-a24b-db0a4e6637f9" />
    <UnitTestResult executionId="6bccb740-a29c-4cc9-83e6-7eeab09a57a8" testId="8987cd76-e38f-862c-750c-e9997aba03e9" testName="Equals" computerName="TFSBUILD11" duration="00:00:00.0014882" startTime="2015-09-28T09:43:22.9836771-07:00" endTime="2015-09-28T09:43:22.9836771-07:00" testType="13cdc9d9-ddb5-4fa4-a97d-d965ccfc6d4b" outcome="Passed" testListId="8c84fa94-04c1-424b-9868-57a2d4851a1d" relativeResultsDirectory="6bccb740-a29c-4cc9-83e6-7eeab09a57a8" />
    <UnitTestResult executionId="8bf23bf9-5f6d-4efa-be71-fc059d3cfd8c" testId="8eb95b20-0c46-398f-2125-6dc09c3d5f6b" testName="GetPersonalizedVisualStudioOffers_ThrowsWhenPassedNullRequestContext" computerName="TFSBUILD11" duration="00:00:00.0124236" startTime="2015-09-28T09:43:22.9836771-07:00" endTime="2015-09-28T09:43:22.9993030-07:00" testType="13cdc9d9-ddb5-4fa4-a97d-d965ccfc6d4b" outcome="Passed" testListId="8c84fa94-04c1-424b-9868-57a2d4851a1d" relativeResultsDirectory="8bf23bf9-5f6d-4efa-be71-fc059d3cfd8c" />
    <UnitTestResult executionId="6aaf1438-67ea-4354-8dca-1cb73e55b241" testId="2eda2359-5430-f865-2e61-588725a71bdc" testName="GetPersonalizedVisualStudioOffers_ThrowsWhenQueryContextProductIsNull" computerName="TFSBUILD11" duration="00:00:00.2967062" startTime="2015-09-28T09:43:22.9993030-07:00" endTime="2015-09-28T09:43:23.2961991-07:00" testType="13cdc9d9-ddb5-4fa4-a97d-d965ccfc6d4b" outcome="Passed" testListId="8c84fa94-04c1-424b-9868-57a2d4851a1d" relativeResultsDirectory="6aaf1438-67ea-4354-8dca-1cb73e55b241" />
    <UnitTestResult executionId="370ced04-0509-4e5d-9b31-15aa1996f1e9" testId="f868a57e-4330-fe6a-451f-04c33304ef71" testName="GetPersonalizedVisualStudioOffers_ThrowsWhenQueryContextReleaseIsUnspecified" computerName="TFSBUILD11" duration="00:00:00.0057238" startTime="2015-09-28T09:43:23.2961991-07:00" endTime="2015-09-28T09:43:23.2961991-07:00" testType="13cdc9d9-ddb5-4fa4-a97d-d965ccfc6d4b" outcome="Passed" testListId="8c84fa94-04c1-424b-9868-57a2d4851a1d" relativeResultsDirectory="370ced04-0509-4e5d-9b31-15aa1996f1e9" />
    <UnitTestResult executionId="3b258429-336b-4ddb-b89a-57b621ecda6e" testId="f437877b-1319-cd01-d79b-3bb28f57bde5" testName="GetPersonalizedVisualStudioOffers_ThrowsWhenQueryContextReleaseIsInComplete" computerName="TFSBUILD11" duration="00:00:00.0031075" startTime="2015-09-28T09:43:23.2961991-07:00" endTime="2015-09-28T09:43:23.2961991-07:00" testType="13cdc9d9-ddb5-4fa4-a97d-d965ccfc6d4b" outcome="Passed" testListId="8c84fa94-04c1-424b-9868-57a2d4851a1d" relativeResultsDirectory="3b258429-336b-4ddb-b89a-57b621ecda6e" />
    <UnitTestResult executionId="c3c4fd78-da4f-4910-b8a9-a2371644c2b4" testId="b7078b51-c013-cea8-b171-7d16c0658937" testName="GetPersonalizedVisualStudioOffers_ReturnsRequestedOffer_WhenRequestedProductIsSupported" computerName="TFSBUILD11" duration="00:00:00.0075625" startTime="2015-09-28T09:43:23.2961991-07:00" endTime="2015-09-28T09:43:23.3118246-07:00" testType="13cdc9d9-ddb5-4fa4-a97d-d965ccfc6d4b" outcome="Passed" testListId="8c84fa94-04c1-424b-9868-57a2d4851a1d" relativeResultsDirectory="c3c4fd78-da4f-4910-b8a9-a2371644c2b4" />
    <UnitTestResult executionId="59111d34-6d1d-4378-9613-1c561bb09227" testId="757079ab-34db-6c7a-c27d-f47cad758846" testName="GetPersonalizedVisualStudioOffers_DoesNotReturnAnyOfferWithRequestedTag_WhenQueryContextProductFamilyIsUnsupported" computerName="TFSBUILD11" duration="00:00:00.0036454" startTime="2015-09-28T09:43:23.3118246-07:00" endTime="2015-09-28T09:43:23.3118246-07:00" testType="13cdc9d9-ddb5-4fa4-a97d-d965ccfc6d4b" outcome="Passed" testListId="8c84fa94-04c1-424b-9868-57a2d4851a1d" relativeResultsDirectory="59111d34-6d1d-4378-9613-1c561bb09227" />
    <UnitTestResult executionId="9e6c5f69-d36e-4e64-9b5f-7abc4de6af85" testId="5d9bdde3-205b-2146-4d45-5705e40d3a1b" testName="GetPersonalizedVisualStudioOffers_ReturnsBasicOffers_WhenRequestedProductIsSupported" computerName="TFSBUILD11" startTime="2015-09-28T09:43:23.3118246-07:00" endTime="2015-09-28T09:43:23.3118246-07:00" testType="13cdc9d9-ddb5-4fa4-a97d-d965ccfc6d4b" outcome="NotExecuted" testListId="8c84fa94-04c1-424b-9868-57a2d4851a1d" relativeResultsDirectory="9e6c5f69-d36e-4e64-9b5f-7abc4de6af85" />
    <UnitTestResult executionId="b8222bee-ae28-4bc4-b28b-4b6fbbedd78e" testId="194f3e5e-38d8-c237-13cf-046cd6eb2ef0" testName="GetPersonalizedVisualStudioOffers_ReturnsUpgradeOffer_WhenRequestedProductIsWorseThanHeroProduct" computerName="TFSBUILD11" duration="00:00:00.0034767" startTime="2015-09-28T09:43:23.3118246-07:00" endTime="2015-09-28T09:43:23.3118246-07:00" testType="13cdc9d9-ddb5-4fa4-a97d-d965ccfc6d4b" outcome="Passed" testListId="8c84fa94-04c1-424b-9868-57a2d4851a1d" relativeResultsDirectory="b8222bee-ae28-4bc4-b28b-4b6fbbedd78e" />
    <UnitTestResult executionId="bf490e76-e9ad-48d5-8045-58961653423f" testId="d52de9d9-bd05-2862-425e-5d7433595e0a" testName="GetPersonalizedVisualStudioOffers_DoesNotReturnUpgradeOffer_WhenRequestedProductIsEqualToHeroProduct" computerName="TFSBUILD11" duration="00:00:00.0035037" startTime="2015-09-28T09:43:23.3118246-07:00" endTime="2015-09-28T09:43:23.3274513-07:00" testType="13cdc9d9-ddb5-4fa4-a97d-d965ccfc6d4b" outcome="Passed" testListId="8c84fa94-04c1-424b-9868-57a2d4851a1d" relativeResultsDirectory="bf490e76-e9ad-48d5-8045-58961653423f" />
    <UnitTestResult executionId="88c88a0d-d522-40ee-8378-a679a051549e" testId="9d5c8d38-e528-4571-3632-63940c05903c" testName="GetPersonalizedVisualStudioOffers_DoesNotReturnEligibleOffer_WhenCheckForRightsIsFalse" computerName="TFSBUILD11" duration="00:00:00.0033382" startTime="2015-09-28T09:43:23.3274513-07:00" endTime="2015-09-28T09:43:23.3274513-07:00" testType="13cdc9d9-ddb5-4fa4-a97d-d965ccfc6d4b" outcome="Passed" testListId="8c84fa94-04c1-424b-9868-57a2d4851a1d" relativeResultsDirectory="88c88a0d-d522-40ee-8378-a679a051549e" />
    <UnitTestResult executionId="9fba8df3-0099-404b-b882-8b7526046405" testId="b5cd6307-9de5-427f-0373-10694ad52b83" testName="GetPersonalizedVisualStudioOffers_ReturnsNonLocalizedOffers_WhenLanguageIsNotProvided" computerName="TFSBUILD11" duration="00:00:00.0038943" startTime="2015-09-28T09:43:23.3274513-07:00" endTime="2015-09-28T09:43:23.3274513-07:00" testType="13cdc9d9-ddb5-4fa4-a97d-d965ccfc6d4b" outcome="Passed" testListId="8c84fa94-04c1-424b-9868-57a2d4851a1d" relativeResultsDirectory="9fba8df3-0099-404b-b882-8b7526046405" />
    <UnitTestResult executionId="ab5a6ef0-37da-4dec-a758-d3c3d383782f" testId="8057d98b-18b0-a169-215b-c6c2d85aca0b" testName="GetPersonalizedVisualStudioOffers_ReturnsLocalizedOffers_WhenSupportedLanguageIsProvided" computerName="TFSBUILD11" duration="00:00:00.0063516" startTime="2015-09-28T09:43:23.3274513-07:00" endTime="2015-09-28T09:43:23.3430774-07:00" testType="13cdc9d9-ddb5-4fa4-a97d-d965ccfc6d4b" outcome="Passed" testListId="8c84fa94-04c1-424b-9868-57a2d4851a1d" relativeResultsDirectory="ab5a6ef0-37da-4dec-a758-d3c3d383782f" />
    <UnitTestResult executionId="09107a22-df37-4ced-bf1f-13dadac09537" testId="4d603bd7-6cbc-8514-e013-12b03066a6f4" testName="GetPersonalizedVisualStudioOffers_ReturnsEligibleOffer_WhenUserHasEntitlements" computerName="TFSBUILD11" duration="00:00:00.0724708" startTime="2015-09-28T09:43:23.3430774-07:00" endTime="2015-09-28T09:43:23.4055824-07:00" testType="13cdc9d9-ddb5-4fa4-a97d-d965ccfc6d4b" outcome="Passed" testListId="8c84fa94-04c1-424b-9868-57a2d4851a1d" relativeResultsDirectory="09107a22-df37-4ced-bf1f-13dadac09537" />
    <UnitTestResult executionId="4102b8fd-56ab-4bda-ac6d-a717bd581266" testId="2a62c340-e54c-2ac9-a7b5-fc67aa4490ae" testName="GetDefaultVisualStudioOffers_ThrowsWhenPassedNullRequestContext" computerName="TFSBUILD11" duration="00:00:00.0013038" startTime="2015-09-28T09:43:23.4055824-07:00" endTime="2015-09-28T09:43:23.4212077-07:00" testType="13cdc9d9-ddb5-4fa4-a97d-d965ccfc6d4b" outcome="Passed" testListId="8c84fa94-04c1-424b-9868-57a2d4851a1d" relativeResultsDirectory="4102b8fd-56ab-4bda-ac6d-a717bd581266" />
    <UnitTestResult executionId="afc21e9d-acea-4932-8ef1-6de25224c56b" testId="0ca7bea0-6913-124c-e177-4afba6606000" testName="GetDefaultVisualStudioOffers_ReturnsBasicOffersWhenReleaseNotRequested" computerName="TFSBUILD11" startTime="2015-09-28T09:43:23.4212077-07:00" endTime="2015-09-28T09:43:23.4212077-07:00" testType="13cdc9d9-ddb5-4fa4-a97d-d965ccfc6d4b" outcome="NotExecuted" testListId="8c84fa94-04c1-424b-9868-57a2d4851a1d" relativeResultsDirectory="afc21e9d-acea-4932-8ef1-6de25224c56b" />
    <UnitTestResult executionId="703ce26a-0688-4b7e-932f-f7b45f86f99b" testId="b3c7d14d-72c2-bf40-923c-1d3e424ddb36" testName="GetDefaultVisualStudioOffers_ReturnsBasicOffersWhenReleaseIsRequested" computerName="TFSBUILD11" startTime="2015-09-28T09:43:23.4212077-07:00" endTime="2015-09-28T09:43:23.4212077-07:00" testType="13cdc9d9-ddb5-4fa4-a97d-d965ccfc6d4b" outcome="NotExecuted" testListId="8c84fa94-04c1-424b-9868-57a2d4851a1d" relativeResultsDirectory="703ce26a-0688-4b7e-932f-f7b45f86f99b" />
    <UnitTestResult executionId="f78021f6-649f-4cf4-a7ab-ad8e9c9c3782" testId="08786b91-0b6a-1bed-4bdc-8666c19d2d94" testName="GetDefaultVisualStudioOffers_ReturnsUpgradeOfferWhenReleaseNotRequested" computerName="TFSBUILD11" duration="00:00:00.0046256" startTime="2015-09-28T09:43:23.4212077-07:00" endTime="2015-09-28T09:43:23.4212077-07:00" testType="13cdc9d9-ddb5-4fa4-a97d-d965ccfc6d4b" outcome="Passed" testListId="8c84fa94-04c1-424b-9868-57a2d4851a1d" relativeResultsDirectory="f78021f6-649f-4cf4-a7ab-ad8e9c9c3782" />
    <UnitTestResult executionId="bd672164-cf27-4ad0-a283-7527ce3562d6" testId="9be7a9e9-888e-9d2b-fee1-34e55517f65b" testName="GetDefaultVisualStudioOffers_ReturnsUpgradeOfferWhenReleaseIsRequested" computerName="TFSBUILD11" duration="00:00:00.0039500" startTime="2015-09-28T09:43:23.4212077-07:00" endTime="2015-09-28T09:43:23.4212077-07:00" testType="13cdc9d9-ddb5-4fa4-a97d-d965ccfc6d4b" outcome="Passed" testListId="8c84fa94-04c1-424b-9868-57a2d4851a1d" relativeResultsDirectory="bd672164-cf27-4ad0-a283-7527ce3562d6" />
    <UnitTestResult executionId="2788b7a3-ea8c-43e4-8528-3f5422b1d2bf" testId="badb984d-6620-7ee5-1daa-c67857a5487f" testName="GetDefaultVisualStudioOffers_DoesNotReturnEligibleOfferWhenReleaseNotRequested" computerName="TFSBUILD11" duration="00:00:00.0059499" startTime="2015-09-28T09:43:23.4212077-07:00" endTime="2015-09-28T09:43:23.4368341-07:00" testType="13cdc9d9-ddb5-4fa4-a97d-d965ccfc6d4b" outcome="Passed" testListId="8c84fa94-04c1-424b-9868-57a2d4851a1d" relativeResultsDirectory="2788b7a3-ea8c-43e4-8528-3f5422b1d2bf" />
    <UnitTestResult executionId="cac72610-845f-4bf3-ab81-1896983d9c94" testId="82a1ac5a-34f7-668d-bf8c-cb1b83343d25" testName="GetDefaultVisualStudioOffers_ReturnsEligibleOfferWhenReleaseIsRequested" computerName="TFSBUILD11" duration="00:00:00.0062953" startTime="2015-09-28T09:43:23.4368341-07:00" endTime="2015-09-28T09:43:23.4368341-07:00" testType="13cdc9d9-ddb5-4fa4-a97d-d965ccfc6d4b" outcome="Passed" testListId="8c84fa94-04c1-424b-9868-57a2d4851a1d" relativeResultsDirectory="cac72610-845f-4bf3-ab81-1896983d9c94" />
    <UnitTestResult executionId="74dd7419-dc0d-47dd-a551-9f33b5dcca90" testId="57a1a695-5304-8490-ffa9-e32daa1a6ccc" testName="GetDefaultVisualStudioOffers_ReturnsNonLocalizedOffers" computerName="TFSBUILD11" duration="00:00:00.0033257" startTime="2015-09-28T09:43:23.4368341-07:00" endTime="2015-09-28T09:43:23.4368341-07:00" testType="13cdc9d9-ddb5-4fa4-a97d-d965ccfc6d4b" outcome="Passed" testListId="8c84fa94-04c1-424b-9868-57a2d4851a1d" relativeResultsDirectory="74dd7419-dc0d-47dd-a551-9f33b5dcca90" />
    <UnitTestResult executionId="9699c214-5221-4ce7-bfe5-bd181c5e9564" testId="28bac2a4-940c-c796-49b6-f12de8258267" testName="IsValidVisualStudioProduct_ReturnsFalseWhenNoProductDetails" computerName="TFSBUILD11" duration="00:00:00.0026060" startTime="2015-09-28T09:43:23.4368341-07:00" endTime="2015-09-28T09:43:23.4524602-07:00" testType="13cdc9d9-ddb5-4fa4-a97d-d965ccfc6d4b" outcome="Passed" testListId="8c84fa94-04c1-424b-9868-57a2d4851a1d" relativeResultsDirectory="9699c214-5221-4ce7-bfe5-bd181c5e9564" />
    <UnitTestResult executionId="ea401f0f-2531-446e-be23-ce5796171537" testId="6afcc017-abe8-8f93-dad4-1aa50cdee23e" testName="IsValidVisualStudioProduct_ReturnsFalseWhenIncompleteProductDetails" computerName="TFSBUILD11" duration="00:00:00.0032193" startTime="2015-09-28T09:43:23.4524602-07:00" endTime="2015-09-28T09:43:23.4524602-07:00" testType="13cdc9d9-ddb5-4fa4-a97d-d965ccfc6d4b" outcome="Passed" testListId="8c84fa94-04c1-424b-9868-57a2d4851a1d" relativeResultsDirectory="ea401f0f-2531-446e-be23-ce5796171537" />
    <UnitTestResult executionId="6345aacd-d48f-4118-b544-298fd4af70c2" testId="fdd01d1b-ec72-fa41-0f5f-c7773df199bc" testName="IsValidVisualStudioProduct_ReturnsFalseWhenInvalidProductDetails" computerName="TFSBUILD11" duration="00:00:00.0026433" startTime="2015-09-28T09:43:23.4524602-07:00" endTime="2015-09-28T09:43:23.4524602-07:00" testType="13cdc9d9-ddb5-4fa4-a97d-d965ccfc6d4b" outcome="Passed" testListId="8c84fa94-04c1-424b-9868-57a2d4851a1d" relativeResultsDirectory="6345aacd-d48f-4118-b544-298fd4af70c2" />
    <UnitTestResult executionId="f1142cfe-de25-45c0-a88b-e426a594fc49" testId="86e7ef2a-69d4-d133-eced-a411f49d3b0a" testName="IsValidVisualStudioProduct_ReturnsTrueWhenValidProductDetails" computerName="TFSBUILD11" duration="00:00:00.0027613" startTime="2015-09-28T09:43:23.4524602-07:00" endTime="2015-09-28T09:43:23.4524602-07:00" testType="13cdc9d9-ddb5-4fa4-a97d-d965ccfc6d4b" outcome="Passed" testListId="8c84fa94-04c1-424b-9868-57a2d4851a1d" relativeResultsDirectory="f1142cfe-de25-45c0-a88b-e426a594fc49" />
    <UnitTestResult executionId="bf51656b-1376-414f-be78-98c00487a5af" testId="b88b40ed-1a01-ce0a-00eb-81a8af8740bc" testName="AddVisualStudioProductWithAttributes_ThrowsWhenPassedNullRequestContext" computerName="TFSBUILD11" duration="00:00:00.0010350" startTime="2015-09-28T09:43:23.4524602-07:00" endTime="2015-09-28T09:43:23.4524602-07:00" testType="13cdc9d9-ddb5-4fa4-a97d-d965ccfc6d4b" outcome="Passed" testListId="8c84fa94-04c1-424b-9868-57a2d4851a1d" relativeResultsDirectory="bf51656b-1376-414f-be78-98c00487a5af" />
    <UnitTestResult executionId="9d012482-0436-41e1-bda3-eef2f26fcddf" testId="a7f76f73-33bc-42da-7491-5b8055f5c204" testName="AddVisualStudioProductWithAttributes_ThrowsWhenPassedInvalidRequestContext" computerName="TFSBUILD11" duration="00:00:00.0112383" startTime="2015-09-28T09:43:23.4524602-07:00" endTime="2015-09-28T09:43:23.4680863-07:00" testType="13cdc9d9-ddb5-4fa4-a97d-d965ccfc6d4b" outcome="Passed" testListId="8c84fa94-04c1-424b-9868-57a2d4851a1d" relativeResultsDirectory="9d012482-0436-41e1-bda3-eef2f26fcddf" />
    <UnitTestResult executionId="b57818d7-7baf-400e-a59b-2a3b3ebefa1a" testId="664a0c41-0417-c5d4-d711-3c140cbcb1d4" testName="AddVisualStudioProductWithAttributes_ThrowsWhenRequiredProductProperties_ReleaseMissing" computerName="TFSBUILD11" duration="00:00:00.0051305" startTime="2015-09-28T09:43:23.4680863-07:00" endTime="2015-09-28T09:43:23.4680863-07:00" testType="13cdc9d9-ddb5-4fa4-a97d-d965ccfc6d4b" outcome="Passed" testListId="8c84fa94-04c1-424b-9868-57a2d4851a1d" relativeResultsDirectory="b57818d7-7baf-400e-a59b-2a3b3ebefa1a" />
    <UnitTestResult executionId="f29a7f94-7de7-4e01-ae65-3ba018603c46" testId="9ed59e78-5a5c-260c-d6f5-68a8fe871948" testName="AddVisualStudioProductWithAttributes_ThrowsWhenRequiredProductProperties_EditionMissing" computerName="TFSBUILD11" duration="00:00:00.0029420" startTime="2015-09-28T09:43:23.4680863-07:00" endTime="2015-09-28T09:43:23.4837133-07:00" testType="13cdc9d9-ddb5-4fa4-a97d-d965ccfc6d4b" outcome="Passed" testListId="8c84fa94-04c1-424b-9868-57a2d4851a1d" relativeResultsDirectory="f29a7f94-7de7-4e01-ae65-3ba018603c46" />
    <UnitTestResult executionId="77313525-d674-4ea8-ae62-f3d198673b55" testId="f0bd4e06-3016-6886-da97-9d8e043b2fba" testName="AddVisualStudioProductWithAttributes_ThrowsWhenRequiredProductProperties_FamilyMissing" computerName="TFSBUILD11" duration="00:00:00.0027895" startTime="2015-09-28T09:43:23.4837133-07:00" endTime="2015-09-28T09:43:23.4837133-07:00" testType="13cdc9d9-ddb5-4fa4-a97d-d965ccfc6d4b" outcome="Passed" testListId="8c84fa94-04c1-424b-9868-57a2d4851a1d" relativeResultsDirectory="77313525-d674-4ea8-ae62-f3d198673b55" />
    <UnitTestResult executionId="53a55ee5-fe28-4a51-b1ef-94574507f0b3" testId="0976e196-8b15-ab44-ac0d-0d7d071b1960" testName="AddVisualStudioOffer_ThrowsWhenPassedNullRequestContext" computerName="TFSBUILD11" duration="00:00:00.0006735" startTime="2015-09-28T09:43:23.4837133-07:00" endTime="2015-09-28T09:43:23.4837133-07:00" testType="13cdc9d9-ddb5-4fa4-a97d-d965ccfc6d4b" outcome="Passed" testListId="8c84fa94-04c1-424b-9868-57a2d4851a1d" relativeResultsDirectory="53a55ee5-fe28-4a51-b1ef-94574507f0b3" />
    <UnitTestResult executionId="5053dc6f-a0fa-433d-9b6d-aa417e6caa60" testId="5597184b-7046-4012-8148-de8511b813f0" testName="AddVisualStudioOffer_ThrowsWhenPassedInvalidRequestContext" computerName="TFSBUILD11" duration="00:00:00.0026458" startTime="2015-09-28T09:43:23.4837133-07:00" endTime="2015-09-28T09:43:23.4837133-07:00" testType="13cdc9d9-ddb5-4fa4-a97d-d965ccfc6d4b" outcome="Passed" testListId="8c84fa94-04c1-424b-9868-57a2d4851a1d" relativeResultsDirectory="5053dc6f-a0fa-433d-9b6d-aa417e6caa60" />
    <UnitTestResult executionId="3f4f3a2d-c2e2-4327-8949-e35621cdb194" testId="b5a51ed3-447d-3acb-6a2e-3553203c45b1" testName="AddVisualStudioOffer_ThrowsWhenOfferIsNull" computerName="TFSBUILD11" duration="00:00:00.0030557" startTime="2015-09-28T09:43:23.4837133-07:00" endTime="2015-09-28T09:43:23.4837133-07:00" testType="13cdc9d9-ddb5-4fa4-a97d-d965ccfc6d4b" outcome="Passed" testListId="8c84fa94-04c1-424b-9868-57a2d4851a1d" relativeResultsDirectory="3f4f3a2d-c2e2-4327-8949-e35621cdb194" />
    <UnitTestResult executionId="71affe8d-91b9-479c-9e2e-7e49000cf6c9" testId="825464c7-d8ef-9fc5-2495-03d8a9086999" testName="AddVisualStudioOffer_ThrowsWhenRequiredOfferProductMissing" computerName="TFSBUILD11" duration="00:00:00.0031627" startTime="2015-09-28T09:43:23.4837133-07:00" endTime="2015-09-28T09:43:23.4837133-07:00" testType="13cdc9d9-ddb5-4fa4-a97d-d965ccfc6d4b" outcome="Passed" testListId="8c84fa94-04c1-424b-9868-57a2d4851a1d" relativeResultsDirectory="71affe8d-91b9-479c-9e2e-7e49000cf6c9" />
    <UnitTestResult executionId="8792a2e0-0bbb-4f96-a8dd-46e7aabef5f2" testId="37e7266b-4548-e3bf-ac4a-3b1c1c4cc874" testName="AddVisualStudioOffer_ThrowsWhenOfferProductIsInvalid" computerName="TFSBUILD11" duration="00:00:00.0036349" startTime="2015-09-28T09:43:23.4837133-07:00" endTime="2015-09-28T09:43:23.4993382-07:00" testType="13cdc9d9-ddb5-4fa4-a97d-d965ccfc6d4b" outcome="Passed" testListId="8c84fa94-04c1-424b-9868-57a2d4851a1d" relativeResultsDirectory="8792a2e0-0bbb-4f96-a8dd-46e7aabef5f2" />
  </Results>
  <TestDefinitions>
    <UnitTest name="CompareToOffers" storage="d:\v2.0\a1\_work\dbded102\bin\release.anycpu\sps.service\ms.vs.services.marketing.l0.tests\ms.vs.services.marketing.l0.tests.dll" id="7b577b79-4b42-ec70-7ec8-51fe42fa5d88">
      <Execution id="25ad4b36-79a9-4f24-85a8-be3adcce9832" />
      <TestMethod codeBase="D:\v2.0\A1\_work\dbded102\bin\Release.AnyCPU\Sps.Service\MS.VS.Services.Marketing.L0.Tests\MS.VS.Services.Marketing.L0.Tests.dll" adapterTypeName="Microsoft.VisualStudio.TestTools.TestTypes.Unit.UnitTestAdapter" className="MS.VS.Services.Marketing.L0.Tests.VisualStudioProductOffersTests" name="CompareToOffers" />
    </UnitTest>
    <UnitTest name="EqualsOffers" storage="d:\v2.0\a1\_work\dbded102\bin\release.anycpu\sps.service\ms.vs.services.marketing.l0.tests\ms.vs.services.marketing.l0.tests.dll" id="178fe0af-3133-e885-76f9-a761a28c261e">
      <Execution id="fc9e5e11-7dec-4f04-a3e4-8f9e6a47ac81" />
      <TestMethod codeBase="D:\v2.0\A1\_work\dbded102\bin\Release.AnyCPU\Sps.Service\MS.VS.Services.Marketing.L0.Tests\MS.VS.Services.Marketing.L0.Tests.dll" adapterTypeName="Microsoft.VisualStudio.TestTools.TestTypes.Unit.UnitTestAdapter" className="MS.VS.Services.Marketing.L0.Tests.VisualStudioProductOffersTests" name="EqualsOffers" />
    </UnitTest>
    <UnitTest name="CompareTo" storage="d:\v2.0\a1\_work\dbded102\bin\release.anycpu\sps.service\ms.vs.services.marketing.l0.tests\ms.vs.services.marketing.l0.tests.dll" id="85dcf1cf-6ace-bbb0-4d13-68baaf4af351">
      <Execution id="6db31256-2a3b-4bb9-a24b-db0a4e6637f9" />
      <TestMethod codeBase="D:\v2.0\A1\_work\dbded102\bin\Release.AnyCPU\Sps.Service\MS.VS.Services.Marketing.L0.Tests\MS.VS.Services.Marketing.L0.Tests.dll" adapterTypeName="Microsoft.VisualStudio.TestTools.TestTypes.Unit.UnitTestAdapter" className="MS.VS.Services.Marketing.L0.Tests.VisualStudioProductDescriptorTests" name="CompareTo" />
    </UnitTest>
    <UnitTest name="Equals" storage="d:\v2.0\a1\_work\dbded102\bin\release.anycpu\sps.service\ms.vs.services.marketing.l0.tests\ms.vs.services.marketing.l0.tests.dll" id="8987cd76-e38f-862c-750c-e9997aba03e9">
      <Execution id="6bccb740-a29c-4cc9-83e6-7eeab09a57a8" />
      <TestMethod codeBase="D:\v2.0\A1\_work\dbded102\bin\Release.AnyCPU\Sps.Service\MS.VS.Services.Marketing.L0.Tests\MS.VS.Services.Marketing.L0.Tests.dll" adapterTypeName="Microsoft.VisualStudio.TestTools.TestTypes.Unit.UnitTestAdapter" className="MS.VS.Services.Marketing.L0.Tests.VisualStudioProductDescriptorTests" name="Equals" />
    </UnitTest>
    <UnitTest name="GetPersonalizedVisualStudioOffers_ThrowsWhenPassedNullRequestContext" storage="d:\v2.0\a1\_work\dbded102\bin\release.anycpu\sps.service\ms.vs.services.marketing.l0.tests\ms.vs.services.marketing.l0.tests.dll" id="8eb95b20-0c46-398f-2125-6dc09c3d5f6b">
      <Execution id="8bf23bf9-5f6d-4efa-be71-fc059d3cfd8c" />
      <TestMethod codeBase="D:\v2.0\A1\_work\dbded102\bin\Release.AnyCPU\Sps.Service\MS.VS.Services.Marketing.L0.Tests\MS.VS.Services.Marketing.L0.Tests.dll" adapterTypeName="Microsoft.VisualStudio.TestTools.TestTypes.Unit.UnitTestAdapter" className="MS.VS.Services.Marketing.L0.Tests.VisualStudioOffersTests+GetPersonalizedVisualStudioOffers" name="GetPersonalizedVisualStudioOffers_ThrowsWhenPassedNullRequestContext" />
    </UnitTest>
    <UnitTest name="GetPersonalizedVisualStudioOffers_ThrowsWhenQueryContextProductIsNull" storage="d:\v2.0\a1\_work\dbded102\bin\release.anycpu\sps.service\ms.vs.services.marketing.l0.tests\ms.vs.services.marketing.l0.tests.dll" id="2eda2359-5430-f865-2e61-588725a71bdc">
      <Execution id="6aaf1438-67ea-4354-8dca-1cb73e55b241" />
      <TestMethod codeBase="D:\v2.0\A1\_work\dbded102\bin\Release.AnyCPU\Sps.Service\MS.VS.Services.Marketing.L0.Tests\MS.VS.Services.Marketing.L0.Tests.dll" adapterTypeName="Microsoft.VisualStudio.TestTools.TestTypes.Unit.UnitTestAdapter" className="MS.VS.Services.Marketing.L0.Tests.VisualStudioOffersTests+GetPersonalizedVisualStudioOffers" name="GetPersonalizedVisualStudioOffers_ThrowsWhenQueryContextProductIsNull" />
    </UnitTest>
    <UnitTest name="GetPersonalizedVisualStudioOffers_ThrowsWhenQueryContextReleaseIsUnspecified" storage="d:\v2.0\a1\_work\dbded102\bin\release.anycpu\sps.service\ms.vs.services.marketing.l0.tests\ms.vs.services.marketing.l0.tests.dll" id="f868a57e-4330-fe6a-451f-04c33304ef71">
      <Execution id="370ced04-0509-4e5d-9b31-15aa1996f1e9" />
      <TestMethod codeBase="D:\v2.0\A1\_work\dbded102\bin\Release.AnyCPU\Sps.Service\MS.VS.Services.Marketing.L0.Tests\MS.VS.Services.Marketing.L0.Tests.dll" adapterTypeName="Microsoft.VisualStudio.TestTools.TestTypes.Unit.UnitTestAdapter" className="MS.VS.Services.Marketing.L0.Tests.VisualStudioOffersTests+GetPersonalizedVisualStudioOffers" name="GetPersonalizedVisualStudioOffers_ThrowsWhenQueryContextReleaseIsUnspecified" />
    </UnitTest>
    <UnitTest name="GetPersonalizedVisualStudioOffers_ThrowsWhenQueryContextReleaseIsInComplete" storage="d:\v2.0\a1\_work\dbded102\bin\release.anycpu\sps.service\ms.vs.services.marketing.l0.tests\ms.vs.services.marketing.l0.tests.dll" id="f437877b-1319-cd01-d79b-3bb28f57bde5">
      <Execution id="3b258429-336b-4ddb-b89a-57b621ecda6e" />
      <TestMethod codeBase="D:\v2.0\A1\_work\dbded102\bin\Release.AnyCPU\Sps.Service\MS.VS.Services.Marketing.L0.Tests\MS.VS.Services.Marketing.L0.Tests.dll" adapterTypeName="Microsoft.VisualStudio.TestTools.TestTypes.Unit.UnitTestAdapter" className="MS.VS.Services.Marketing.L0.Tests.VisualStudioOffersTests+GetPersonalizedVisualStudioOffers" name="GetPersonalizedVisualStudioOffers_ThrowsWhenQueryContextReleaseIsInComplete" />
    </UnitTest>
    <UnitTest name="GetPersonalizedVisualStudioOffers_ReturnsRequestedOffer_WhenRequestedProductIsSupported" storage="d:\v2.0\a1\_work\dbded102\bin\release.anycpu\sps.service\ms.vs.services.marketing.l0.tests\ms.vs.services.marketing.l0.tests.dll" id="b7078b51-c013-cea8-b171-7d16c0658937">
      <Execution id="c3c4fd78-da4f-4910-b8a9-a2371644c2b4" />
      <TestMethod codeBase="D:\v2.0\A1\_work\dbded102\bin\Release.AnyCPU\Sps.Service\MS.VS.Services.Marketing.L0.Tests\MS.VS.Services.Marketing.L0.Tests.dll" adapterTypeName="Microsoft.VisualStudio.TestTools.TestTypes.Unit.UnitTestAdapter" className="MS.VS.Services.Marketing.L0.Tests.VisualStudioOffersTests+GetPersonalizedVisualStudioOffers" name="GetPersonalizedVisualStudioOffers_ReturnsRequestedOffer_WhenRequestedProductIsSupported" />
    </UnitTest>
    <UnitTest name="GetPersonalizedVisualStudioOffers_DoesNotReturnAnyOfferWithRequestedTag_WhenQueryContextProductFamilyIsUnsupported" storage="d:\v2.0\a1\_work\dbded102\bin\release.anycpu\sps.service\ms.vs.services.marketing.l0.tests\ms.vs.services.marketing.l0.tests.dll" id="757079ab-34db-6c7a-c27d-f47cad758846">
      <Execution id="59111d34-6d1d-4378-9613-1c561bb09227" />
      <TestMethod codeBase="D:\v2.0\A1\_work\dbded102\bin\Release.AnyCPU\Sps.Service\MS.VS.Services.Marketing.L0.Tests\MS.VS.Services.Marketing.L0.Tests.dll" adapterTypeName="Microsoft.VisualStudio.TestTools.TestTypes.Unit.UnitTestAdapter" className="MS.VS.Services.Marketing.L0.Tests.VisualStudioOffersTests+GetPersonalizedVisualStudioOffers" name="GetPersonalizedVisualStudioOffers_DoesNotReturnAnyOfferWithRequestedTag_WhenQueryContextProductFamilyIsUnsupported" />
    </UnitTest>
    <UnitTest name="GetPersonalizedVisualStudioOffers_ReturnsBasicOffers_WhenRequestedProductIsSupported" storage="d:\v2.0\a1\_work\dbded102\bin\release.anycpu\sps.service\ms.vs.services.marketing.l0.tests\ms.vs.services.marketing.l0.tests.dll" id="5d9bdde3-205b-2146-4d45-5705e40d3a1b">
      <Execution id="9e6c5f69-d36e-4e64-9b5f-7abc4de6af85" />
      <TestMethod codeBase="D:\v2.0\A1\_work\dbded102\bin\Release.AnyCPU\Sps.Service\MS.VS.Services.Marketing.L0.Tests\MS.VS.Services.Marketing.L0.Tests.dll" adapterTypeName="Microsoft.VisualStudio.TestTools.TestTypes.Unit.UnitTestAdapter" className="MS.VS.Services.Marketing.L0.Tests.VisualStudioOffersTests+GetPersonalizedVisualStudioOffers" name="GetPersonalizedVisualStudioOffers_ReturnsBasicOffers_WhenRequestedProductIsSupported" />
    </UnitTest>
    <UnitTest name="GetPersonalizedVisualStudioOffers_ReturnsUpgradeOffer_WhenRequestedProductIsWorseThanHeroProduct" storage="d:\v2.0\a1\_work\dbded102\bin\release.anycpu\sps.service\ms.vs.services.marketing.l0.tests\ms.vs.services.marketing.l0.tests.dll" id="194f3e5e-38d8-c237-13cf-046cd6eb2ef0">
      <Execution id="b8222bee-ae28-4bc4-b28b-4b6fbbedd78e" />
      <TestMethod codeBase="D:\v2.0\A1\_work\dbded102\bin\Release.AnyCPU\Sps.Service\MS.VS.Services.Marketing.L0.Tests\MS.VS.Services.Marketing.L0.Tests.dll" adapterTypeName="Microsoft.VisualStudio.TestTools.TestTypes.Unit.UnitTestAdapter" className="MS.VS.Services.Marketing.L0.Tests.VisualStudioOffersTests+GetPersonalizedVisualStudioOffers" name="GetPersonalizedVisualStudioOffers_ReturnsUpgradeOffer_WhenRequestedProductIsWorseThanHeroProduct" />
    </UnitTest>
    <UnitTest name="GetPersonalizedVisualStudioOffers_DoesNotReturnUpgradeOffer_WhenRequestedProductIsEqualToHeroProduct" storage="d:\v2.0\a1\_work\dbded102\bin\release.anycpu\sps.service\ms.vs.services.marketing.l0.tests\ms.vs.services.marketing.l0.tests.dll" id="d52de9d9-bd05-2862-425e-5d7433595e0a">
      <Execution id="bf490e76-e9ad-48d5-8045-58961653423f" />
      <TestMethod codeBase="D:\v2.0\A1\_work\dbded102\bin\Release.AnyCPU\Sps.Service\MS.VS.Services.Marketing.L0.Tests\MS.VS.Services.Marketing.L0.Tests.dll" adapterTypeName="Microsoft.VisualStudio.TestTools.TestTypes.Unit.UnitTestAdapter" className="MS.VS.Services.Marketing.L0.Tests.VisualStudioOffersTests+GetPersonalizedVisualStudioOffers" name="GetPersonalizedVisualStudioOffers_DoesNotReturnUpgradeOffer_WhenRequestedProductIsEqualToHeroProduct" />
    </UnitTest>
    <UnitTest name="GetPersonalizedVisualStudioOffers_DoesNotReturnEligibleOffer_WhenCheckForRightsIsFalse" storage="d:\v2.0\a1\_work\dbded102\bin\release.anycpu\sps.service\ms.vs.services.marketing.l0.tests\ms.vs.services.marketing.l0.tests.dll" id="9d5c8d38-e528-4571-3632-63940c05903c">
      <Execution id="88c88a0d-d522-40ee-8378-a679a051549e" />
      <TestMethod codeBase="D:\v2.0\A1\_work\dbded102\bin\Release.AnyCPU\Sps.Service\MS.VS.Services.Marketing.L0.Tests\MS.VS.Services.Marketing.L0.Tests.dll" adapterTypeName="Microsoft.VisualStudio.TestTools.TestTypes.Unit.UnitTestAdapter" className="MS.VS.Services.Marketing.L0.Tests.VisualStudioOffersTests+GetPersonalizedVisualStudioOffers" name="GetPersonalizedVisualStudioOffers_DoesNotReturnEligibleOffer_WhenCheckForRightsIsFalse" />
    </UnitTest>
    <UnitTest name="GetPersonalizedVisualStudioOffers_ReturnsNonLocalizedOffers_WhenLanguageIsNotProvided" storage="d:\v2.0\a1\_work\dbded102\bin\release.anycpu\sps.service\ms.vs.services.marketing.l0.tests\ms.vs.services.marketing.l0.tests.dll" id="b5cd6307-9de5-427f-0373-10694ad52b83">
      <Execution id="9fba8df3-0099-404b-b882-8b7526046405" />
      <TestMethod codeBase="D:\v2.0\A1\_work\dbded102\bin\Release.AnyCPU\Sps.Service\MS.VS.Services.Marketing.L0.Tests\MS.VS.Services.Marketing.L0.Tests.dll" adapterTypeName="Microsoft.VisualStudio.TestTools.TestTypes.Unit.UnitTestAdapter" className="MS.VS.Services.Marketing.L0.Tests.VisualStudioOffersTests+GetPersonalizedVisualStudioOffers" name="GetPersonalizedVisualStudioOffers_ReturnsNonLocalizedOffers_WhenLanguageIsNotProvided" />
    </UnitTest>
    <UnitTest name="GetPersonalizedVisualStudioOffers_ReturnsLocalizedOffers_WhenSupportedLanguageIsProvided" storage="d:\v2.0\a1\_work\dbded102\bin\release.anycpu\sps.service\ms.vs.services.marketing.l0.tests\ms.vs.services.marketing.l0.tests.dll" id="8057d98b-18b0-a169-215b-c6c2d85aca0b">
      <Execution id="ab5a6ef0-37da-4dec-a758-d3c3d383782f" />
      <TestMethod codeBase="D:\v2.0\A1\_work\dbded102\bin\Release.AnyCPU\Sps.Service\MS.VS.Services.Marketing.L0.Tests\MS.VS.Services.Marketing.L0.Tests.dll" adapterTypeName="Microsoft.VisualStudio.TestTools.TestTypes.Unit.UnitTestAdapter" className="MS.VS.Services.Marketing.L0.Tests.VisualStudioOffersTests+GetPersonalizedVisualStudioOffers" name="GetPersonalizedVisualStudioOffers_ReturnsLocalizedOffers_WhenSupportedLanguageIsProvided" />
    </UnitTest>
    <UnitTest name="GetPersonalizedVisualStudioOffers_ReturnsEligibleOffer_WhenUserHasEntitlements" storage="d:\v2.0\a1\_work\dbded102\bin\release.anycpu\sps.service\ms.vs.services.marketing.l0.tests\ms.vs.services.marketing.l0.tests.dll" id="4d603bd7-6cbc-8514-e013-12b03066a6f4">
      <Execution id="09107a22-df37-4ced-bf1f-13dadac09537" />
      <TestMethod codeBase="D:\v2.0\A1\_work\dbded102\bin\Release.AnyCPU\Sps.Service\MS.VS.Services.Marketing.L0.Tests\MS.VS.Services.Marketing.L0.Tests.dll" adapterTypeName="Microsoft.VisualStudio.TestTools.TestTypes.Unit.UnitTestAdapter" className="MS.VS.Services.Marketing.L0.Tests.VisualStudioOffersTests+GetPersonalizedVisualStudioOffers" name="GetPersonalizedVisualStudioOffers_ReturnsEligibleOffer_WhenUserHasEntitlements" />
    </UnitTest>
    <UnitTest name="GetDefaultVisualStudioOffers_ThrowsWhenPassedNullRequestContext" storage="d:\v2.0\a1\_work\dbded102\bin\release.anycpu\sps.service\ms.vs.services.marketing.l0.tests\ms.vs.services.marketing.l0.tests.dll" id="2a62c340-e54c-2ac9-a7b5-fc67aa4490ae">
      <Execution id="4102b8fd-56ab-4bda-ac6d-a717bd581266" />
      <TestMethod codeBase="D:\v2.0\A1\_work\dbded102\bin\Release.AnyCPU\Sps.Service\MS.VS.Services.Marketing.L0.Tests\MS.VS.Services.Marketing.L0.Tests.dll" adapterTypeName="Microsoft.VisualStudio.TestTools.TestTypes.Unit.UnitTestAdapter" className="MS.VS.Services.Marketing.L0.Tests.VisualStudioOffersTests+GetDefaultVisualStudioOffers" name="GetDefaultVisualStudioOffers_ThrowsWhenPassedNullRequestContext" />
    </UnitTest>
    <UnitTest name="GetDefaultVisualStudioOffers_ReturnsBasicOffersWhenReleaseNotRequested" storage="d:\v2.0\a1\_work\dbded102\bin\release.anycpu\sps.service\ms.vs.services.marketing.l0.tests\ms.vs.services.marketing.l0.tests.dll" id="0ca7bea0-6913-124c-e177-4afba6606000">
      <Execution id="afc21e9d-acea-4932-8ef1-6de25224c56b" />
      <TestMethod codeBase="D:\v2.0\A1\_work\dbded102\bin\Release.AnyCPU\Sps.Service\MS.VS.Services.Marketing.L0.Tests\MS.VS.Services.Marketing.L0.Tests.dll" adapterTypeName="Microsoft.VisualStudio.TestTools.TestTypes.Unit.UnitTestAdapter" className="MS.VS.Services.Marketing.L0.Tests.VisualStudioOffersTests+GetDefaultVisualStudioOffers" name="GetDefaultVisualStudioOffers_ReturnsBasicOffersWhenReleaseNotRequested" />
    </UnitTest>
    <UnitTest name="GetDefaultVisualStudioOffers_ReturnsBasicOffersWhenReleaseIsRequested" storage="d:\v2.0\a1\_work\dbded102\bin\release.anycpu\sps.service\ms.vs.services.marketing.l0.tests\ms.vs.services.marketing.l0.tests.dll" id="b3c7d14d-72c2-bf40-923c-1d3e424ddb36">
      <Execution id="703ce26a-0688-4b7e-932f-f7b45f86f99b" />
      <TestMethod codeBase="D:\v2.0\A1\_work\dbded102\bin\Release.AnyCPU\Sps.Service\MS.VS.Services.Marketing.L0.Tests\MS.VS.Services.Marketing.L0.Tests.dll" adapterTypeName="Microsoft.VisualStudio.TestTools.TestTypes.Unit.UnitTestAdapter" className="MS.VS.Services.Marketing.L0.Tests.VisualStudioOffersTests+GetDefaultVisualStudioOffers" name="GetDefaultVisualStudioOffers_ReturnsBasicOffersWhenReleaseIsRequested" />
    </UnitTest>
    <UnitTest name="GetDefaultVisualStudioOffers_ReturnsUpgradeOfferWhenReleaseNotRequested" storage="d:\v2.0\a1\_work\dbded102\bin\release.anycpu\sps.service\ms.vs.services.marketing.l0.tests\ms.vs.services.marketing.l0.tests.dll" id="08786b91-0b6a-1bed-4bdc-8666c19d2d94">
      <Execution id="f78021f6-649f-4cf4-a7ab-ad8e9c9c3782" />
      <TestMethod codeBase="D:\v2.0\A1\_work\dbded102\bin\Release.AnyCPU\Sps.Service\MS.VS.Services.Marketing.L0.Tests\MS.VS.Services.Marketing.L0.Tests.dll" adapterTypeName="Microsoft.VisualStudio.TestTools.TestTypes.Unit.UnitTestAdapter" className="MS.VS.Services.Marketing.L0.Tests.VisualStudioOffersTests+GetDefaultVisualStudioOffers" name="GetDefaultVisualStudioOffers_ReturnsUpgradeOfferWhenReleaseNotRequested" />
    </UnitTest>
    <UnitTest name="GetDefaultVisualStudioOffers_ReturnsUpgradeOfferWhenReleaseIsRequested" storage="d:\v2.0\a1\_work\dbded102\bin\release.anycpu\sps.service\ms.vs.services.marketing.l0.tests\ms.vs.services.marketing.l0.tests.dll" id="9be7a9e9-888e-9d2b-fee1-34e55517f65b">
      <Execution id="bd672164-cf27-4ad0-a283-7527ce3562d6" />
      <TestMethod codeBase="D:\v2.0\A1\_work\dbded102\bin\Release.AnyCPU\Sps.Service\MS.VS.Services.Marketing.L0.Tests\MS.VS.Services.Marketing.L0.Tests.dll" adapterTypeName="Microsoft.VisualStudio.TestTools.TestTypes.Unit.UnitTestAdapter" className="MS.VS.Services.Marketing.L0.Tests.VisualStudioOffersTests+GetDefaultVisualStudioOffers" name="GetDefaultVisualStudioOffers_ReturnsUpgradeOfferWhenReleaseIsRequested" />
    </UnitTest>
    <UnitTest name="GetDefaultVisualStudioOffers_DoesNotReturnEligibleOfferWhenReleaseNotRequested" storage="d:\v2.0\a1\_work\dbded102\bin\release.anycpu\sps.service\ms.vs.services.marketing.l0.tests\ms.vs.services.marketing.l0.tests.dll" id="badb984d-6620-7ee5-1daa-c67857a5487f">
      <Execution id="2788b7a3-ea8c-43e4-8528-3f5422b1d2bf" />
      <TestMethod codeBase="D:\v2.0\A1\_work\dbded102\bin\Release.AnyCPU\Sps.Service\MS.VS.Services.Marketing.L0.Tests\MS.VS.Services.Marketing.L0.Tests.dll" adapterTypeName="Microsoft.VisualStudio.TestTools.TestTypes.Unit.UnitTestAdapter" className="MS.VS.Services.Marketing.L0.Tests.VisualStudioOffersTests+GetDefaultVisualStudioOffers" name="GetDefaultVisualStudioOffers_DoesNotReturnEligibleOfferWhenReleaseNotRequested" />
    </UnitTest>
    <UnitTest name="GetDefaultVisualStudioOffers_ReturnsEligibleOfferWhenReleaseIsRequested" storage="d:\v2.0\a1\_work\dbded102\bin\release.anycpu\sps.service\ms.vs.services.marketing.l0.tests\ms.vs.services.marketing.l0.tests.dll" id="82a1ac5a-34f7-668d-bf8c-cb1b83343d25">
      <Execution id="cac72610-845f-4bf3-ab81-1896983d9c94" />
      <TestMethod codeBase="D:\v2.0\A1\_work\dbded102\bin\Release.AnyCPU\Sps.Service\MS.VS.Services.Marketing.L0.Tests\MS.VS.Services.Marketing.L0.Tests.dll" adapterTypeName="Microsoft.VisualStudio.TestTools.TestTypes.Unit.UnitTestAdapter" className="MS.VS.Services.Marketing.L0.Tests.VisualStudioOffersTests+GetDefaultVisualStudioOffers" name="GetDefaultVisualStudioOffers_ReturnsEligibleOfferWhenReleaseIsRequested" />
    </UnitTest>
    <UnitTest name="GetDefaultVisualStudioOffers_ReturnsNonLocalizedOffers" storage="d:\v2.0\a1\_work\dbded102\bin\release.anycpu\sps.service\ms.vs.services.marketing.l0.tests\ms.vs.services.marketing.l0.tests.dll" id="57a1a695-5304-8490-ffa9-e32daa1a6ccc">
      <Execution id="74dd7419-dc0d-47dd-a551-9f33b5dcca90" />
      <TestMethod codeBase="D:\v2.0\A1\_work\dbded102\bin\Release.AnyCPU\Sps.Service\MS.VS.Services.Marketing.L0.Tests\MS.VS.Services.Marketing.L0.Tests.dll" adapterTypeName="Microsoft.VisualStudio.TestTools.TestTypes.Unit.UnitTestAdapter" className="MS.VS.Services.Marketing.L0.Tests.VisualStudioOffersTests+GetDefaultVisualStudioOffers" name="GetDefaultVisualStudioOffers_ReturnsNonLocalizedOffers" />
    </UnitTest>
    <UnitTest name="IsValidVisualStudioProduct_ReturnsFalseWhenNoProductDetails" storage="d:\v2.0\a1\_work\dbded102\bin\release.anycpu\sps.service\ms.vs.services.marketing.l0.tests\ms.vs.services.marketing.l0.tests.dll" id="28bac2a4-940c-c796-49b6-f12de8258267">
      <Execution id="9699c214-5221-4ce7-bfe5-bd181c5e9564" />
      <TestMethod codeBase="D:\v2.0\A1\_work\dbded102\bin\Release.AnyCPU\Sps.Service\MS.VS.Services.Marketing.L0.Tests\MS.VS.Services.Marketing.L0.Tests.dll" adapterTypeName="Microsoft.VisualStudio.TestTools.TestTypes.Unit.UnitTestAdapter" className="MS.VS.Services.Marketing.L0.Tests.VisualStudioOffersTests+IsValidVisualStudioProduct" name="IsValidVisualStudioProduct_ReturnsFalseWhenNoProductDetails" />
    </UnitTest>
    <UnitTest name="IsValidVisualStudioProduct_ReturnsFalseWhenIncompleteProductDetails" storage="d:\v2.0\a1\_work\dbded102\bin\release.anycpu\sps.service\ms.vs.services.marketing.l0.tests\ms.vs.services.marketing.l0.tests.dll" id="6afcc017-abe8-8f93-dad4-1aa50cdee23e">
      <Execution id="ea401f0f-2531-446e-be23-ce5796171537" />
      <TestMethod codeBase="D:\v2.0\A1\_work\dbded102\bin\Release.AnyCPU\Sps.Service\MS.VS.Services.Marketing.L0.Tests\MS.VS.Services.Marketing.L0.Tests.dll" adapterTypeName="Microsoft.VisualStudio.TestTools.TestTypes.Unit.UnitTestAdapter" className="MS.VS.Services.Marketing.L0.Tests.VisualStudioOffersTests+IsValidVisualStudioProduct" name="IsValidVisualStudioProduct_ReturnsFalseWhenIncompleteProductDetails" />
    </UnitTest>
    <UnitTest name="IsValidVisualStudioProduct_ReturnsFalseWhenInvalidProductDetails" storage="d:\v2.0\a1\_work\dbded102\bin\release.anycpu\sps.service\ms.vs.services.marketing.l0.tests\ms.vs.services.marketing.l0.tests.dll" id="fdd01d1b-ec72-fa41-0f5f-c7773df199bc">
      <Execution id="6345aacd-d48f-4118-b544-298fd4af70c2" />
      <TestMethod codeBase="D:\v2.0\A1\_work\dbded102\bin\Release.AnyCPU\Sps.Service\MS.VS.Services.Marketing.L0.Tests\MS.VS.Services.Marketing.L0.Tests.dll" adapterTypeName="Microsoft.VisualStudio.TestTools.TestTypes.Unit.UnitTestAdapter" className="MS.VS.Services.Marketing.L0.Tests.VisualStudioOffersTests+IsValidVisualStudioProduct" name="IsValidVisualStudioProduct_ReturnsFalseWhenInvalidProductDetails" />
    </UnitTest>
    <UnitTest name="IsValidVisualStudioProduct_ReturnsTrueWhenValidProductDetails" storage="d:\v2.0\a1\_work\dbded102\bin\release.anycpu\sps.service\ms.vs.services.marketing.l0.tests\ms.vs.services.marketing.l0.tests.dll" id="86e7ef2a-69d4-d133-eced-a411f49d3b0a">
      <Execution id="f1142cfe-de25-45c0-a88b-e426a594fc49" />
      <TestMethod codeBase="D:\v2.0\A1\_work\dbded102\bin\Release.AnyCPU\Sps.Service\MS.VS.Services.Marketing.L0.Tests\MS.VS.Services.Marketing.L0.Tests.dll" adapterTypeName="Microsoft.VisualStudio.TestTools.TestTypes.Unit.UnitTestAdapter" className="MS.VS.Services.Marketing.L0.Tests.VisualStudioOffersTests+IsValidVisualStudioProduct" name="IsValidVisualStudioProduct_ReturnsTrueWhenValidProductDetails" />
    </UnitTest>
    <UnitTest name="AddVisualStudioProductWithAttributes_ThrowsWhenPassedNullRequestContext" storage="d:\v2.0\a1\_work\dbded102\bin\release.anycpu\sps.service\ms.vs.services.marketing.l0.tests\ms.vs.services.marketing.l0.tests.dll" id="b88b40ed-1a01-ce0a-00eb-81a8af8740bc">
      <Execution id="bf51656b-1376-414f-be78-98c00487a5af" />
      <TestMethod codeBase="D:\v2.0\A1\_work\dbded102\bin\Release.AnyCPU\Sps.Service\MS.VS.Services.Marketing.L0.Tests\MS.VS.Services.Marketing.L0.Tests.dll" adapterTypeName="Microsoft.VisualStudio.TestTools.TestTypes.Unit.UnitTestAdapter" className="MS.VS.Services.Marketing.L0.Tests.VisualStudioOffersTests+InsertVisualStudioOffers" name="AddVisualStudioProductWithAttributes_ThrowsWhenPassedNullRequestContext" />
    </UnitTest>
    <UnitTest name="AddVisualStudioProductWithAttributes_ThrowsWhenPassedInvalidRequestContext" storage="d:\v2.0\a1\_work\dbded102\bin\release.anycpu\sps.service\ms.vs.services.marketing.l0.tests\ms.vs.services.marketing.l0.tests.dll" id="a7f76f73-33bc-42da-7491-5b8055f5c204">
      <Execution id="9d012482-0436-41e1-bda3-eef2f26fcddf" />
      <TestMethod codeBase="D:\v2.0\A1\_work\dbded102\bin\Release.AnyCPU\Sps.Service\MS.VS.Services.Marketing.L0.Tests\MS.VS.Services.Marketing.L0.Tests.dll" adapterTypeName="Microsoft.VisualStudio.TestTools.TestTypes.Unit.UnitTestAdapter" className="MS.VS.Services.Marketing.L0.Tests.VisualStudioOffersTests+InsertVisualStudioOffers" name="AddVisualStudioProductWithAttributes_ThrowsWhenPassedInvalidRequestContext" />
    </UnitTest>
    <UnitTest name="AddVisualStudioProductWithAttributes_ThrowsWhenRequiredProductProperties_ReleaseMissing" storage="d:\v2.0\a1\_work\dbded102\bin\release.anycpu\sps.service\ms.vs.services.marketing.l0.tests\ms.vs.services.marketing.l0.tests.dll" id="664a0c41-0417-c5d4-d711-3c140cbcb1d4">
      <Execution id="b57818d7-7baf-400e-a59b-2a3b3ebefa1a" />
      <TestMethod codeBase="D:\v2.0\A1\_work\dbded102\bin\Release.AnyCPU\Sps.Service\MS.VS.Services.Marketing.L0.Tests\MS.VS.Services.Marketing.L0.Tests.dll" adapterTypeName="Microsoft.VisualStudio.TestTools.TestTypes.Unit.UnitTestAdapter" className="MS.VS.Services.Marketing.L0.Tests.VisualStudioOffersTests+InsertVisualStudioOffers" name="AddVisualStudioProductWithAttributes_ThrowsWhenRequiredProductProperties_ReleaseMissing" />
    </UnitTest>
    <UnitTest name="AddVisualStudioProductWithAttributes_ThrowsWhenRequiredProductProperties_EditionMissing" storage="d:\v2.0\a1\_work\dbded102\bin\release.anycpu\sps.service\ms.vs.services.marketing.l0.tests\ms.vs.services.marketing.l0.tests.dll" id="9ed59e78-5a5c-260c-d6f5-68a8fe871948">
      <Execution id="f29a7f94-7de7-4e01-ae65-3ba018603c46" />
      <TestMethod codeBase="D:\v2.0\A1\_work\dbded102\bin\Release.AnyCPU\Sps.Service\MS.VS.Services.Marketing.L0.Tests\MS.VS.Services.Marketing.L0.Tests.dll" adapterTypeName="Microsoft.VisualStudio.TestTools.TestTypes.Unit.UnitTestAdapter" className="MS.VS.Services.Marketing.L0.Tests.VisualStudioOffersTests+InsertVisualStudioOffers" name="AddVisualStudioProductWithAttributes_ThrowsWhenRequiredProductProperties_EditionMissing" />
    </UnitTest>
    <UnitTest name="AddVisualStudioProductWithAttributes_ThrowsWhenRequiredProductProperties_FamilyMissing" storage="d:\v2.0\a1\_work\dbded102\bin\release.anycpu\sps.service\ms.vs.services.marketing.l0.tests\ms.vs.services.marketing.l0.tests.dll" id="f0bd4e06-3016-6886-da97-9d8e043b2fba">
      <Execution id="77313525-d674-4ea8-ae62-f3d198673b55" />
      <TestMethod codeBase="D:\v2.0\A1\_work\dbded102\bin\Release.AnyCPU\Sps.Service\MS.VS.Services.Marketing.L0.Tests\MS.VS.Services.Marketing.L0.Tests.dll" adapterTypeName="Microsoft.VisualStudio.TestTools.TestTypes.Unit.UnitTestAdapter" className="MS.VS.Services.Marketing.L0.Tests.VisualStudioOffersTests+InsertVisualStudioOffers" name="AddVisualStudioProductWithAttributes_ThrowsWhenRequiredProductProperties_FamilyMissing" />
    </UnitTest>
    <UnitTest name="AddVisualStudioOffer_ThrowsWhenPassedNullRequestContext" storage="d:\v2.0\a1\_work\dbded102\bin\release.anycpu\sps.service\ms.vs.services.marketing.l0.tests\ms.vs.services.marketing.l0.tests.dll" id="0976e196-8b15-ab44-ac0d-0d7d071b1960">
      <Execution id="53a55ee5-fe28-4a51-b1ef-94574507f0b3" />
      <TestMethod codeBase="D:\v2.0\A1\_work\dbded102\bin\Release.AnyCPU\Sps.Service\MS.VS.Services.Marketing.L0.Tests\MS.VS.Services.Marketing.L0.Tests.dll" adapterTypeName="Microsoft.VisualStudio.TestTools.TestTypes.Unit.UnitTestAdapter" className="MS.VS.Services.Marketing.L0.Tests.VisualStudioOffersTests+InsertVisualStudioOffers" name="AddVisualStudioOffer_ThrowsWhenPassedNullRequestContext" />
    </UnitTest>
    <UnitTest name="AddVisualStudioOffer_ThrowsWhenPassedInvalidRequestContext" storage="d:\v2.0\a1\_work\dbded102\bin\release.anycpu\sps.service\ms.vs.services.marketing.l0.tests\ms.vs.services.marketing.l0.tests.dll" id="5597184b-7046-4012-8148-de8511b813f0">
      <Execution id="5053dc6f-a0fa-433d-9b6d-aa417e6caa60" />
      <TestMethod codeBase="D:\v2.0\A1\_work\dbded102\bin\Release.AnyCPU\Sps.Service\MS.VS.Services.Marketing.L0.Tests\MS.VS.Services.Marketing.L0.Tests.dll" adapterTypeName="Microsoft.VisualStudio.TestTools.TestTypes.Unit.UnitTestAdapter" className="MS.VS.Services.Marketing.L0.Tests.VisualStudioOffersTests+InsertVisualStudioOffers" name="AddVisualStudioOffer_ThrowsWhenPassedInvalidRequestContext" />
    </UnitTest>
    <UnitTest name="AddVisualStudioOffer_ThrowsWhenOfferIsNull" storage="d:\v2.0\a1\_work\dbded102\bin\release.anycpu\sps.service\ms.vs.services.marketing.l0.tests\ms.vs.services.marketing.l0.tests.dll" id="b5a51ed3-447d-3acb-6a2e-3553203c45b1">
      <Execution id="3f4f3a2d-c2e2-4327-8949-e35621cdb194" />
      <TestMethod codeBase="D:\v2.0\A1\_work\dbded102\bin\Release.AnyCPU\Sps.Service\MS.VS.Services.Marketing.L0.Tests\MS.VS.Services.Marketing.L0.Tests.dll" adapterTypeName="Microsoft.VisualStudio.TestTools.TestTypes.Unit.UnitTestAdapter" className="MS.VS.Services.Marketing.L0.Tests.VisualStudioOffersTests+InsertVisualStudioOffers" name="AddVisualStudioOffer_ThrowsWhenOfferIsNull" />
    </UnitTest>
    <UnitTest name="AddVisualStudioOffer_ThrowsWhenRequiredOfferProductMissing" storage="d:\v2.0\a1\_work\dbded102\bin\release.anycpu\sps.service\ms.vs.services.marketing.l0.tests\ms.vs.services.marketing.l0.tests.dll" id="825464c7-d8ef-9fc5-2495-03d8a9086999">
      <Execution id="71affe8d-91b9-479c-9e2e-7e49000cf6c9" />
      <TestMethod codeBase="D:\v2.0\A1\_work\dbded102\bin\Release.AnyCPU\Sps.Service\MS.VS.Services.Marketing.L0.Tests\MS.VS.Services.Marketing.L0.Tests.dll" adapterTypeName="Microsoft.VisualStudio.TestTools.TestTypes.Unit.UnitTestAdapter" className="MS.VS.Services.Marketing.L0.Tests.VisualStudioOffersTests+InsertVisualStudioOffers" name="AddVisualStudioOffer_ThrowsWhenRequiredOfferProductMissing" />
    </UnitTest>
    <UnitTest name="AddVisualStudioOffer_ThrowsWhenOfferProductIsInvalid" storage="d:\v2.0\a1\_work\dbded102\bin\release.anycpu\sps.service\ms.vs.services.marketing.l0.tests\ms.vs.services.marketing.l0.tests.dll" id="37e7266b-4548-e3bf-ac4a-3b1c1c4cc874">
      <Execution id="8792a2e0-0bbb-4f96-a8dd-46e7aabef5f2" />
      <TestMethod codeBase="D:\v2.0\A1\_work\dbded102\bin\Release.AnyCPU\Sps.Service\MS.VS.Services.Marketing.L0.Tests\MS.VS.Services.Marketing.L0.Tests.dll" adapterTypeName="Microsoft.VisualStudio.TestTools.TestTypes.Unit.UnitTestAdapter" className="MS.VS.Services.Marketing.L0.Tests.VisualStudioOffersTests+InsertVisualStudioOffers" name="AddVisualStudioOffer_ThrowsWhenOfferProductIsInvalid" />
    </UnitTest>
  </TestDefinitions>
  <TestEntries>
    <TestEntry testId="7b577b79-4b42-ec70-7ec8-51fe42fa5d88" executionId="25ad4b36-79a9-4f24-85a8-be3adcce9832" testListId="8c84fa94-04c1-424b-9868-57a2d4851a1d" />
    <TestEntry testId="178fe0af-3133-e885-76f9-a761a28c261e" executionId="fc9e5e11-7dec-4f04-a3e4-8f9e6a47ac81" testListId="8c84fa94-04c1-424b-9868-57a2d4851a1d" />
    <TestEntry testId="85dcf1cf-6ace-bbb0-4d13-68baaf4af351" executionId="6db31256-2a3b-4bb9-a24b-db0a4e6637f9" testListId="8c84fa94-04c1-424b-9868-57a2d4851a1d" />
    <TestEntry testId="8987cd76-e38f-862c-750c-e9997aba03e9" executionId="6bccb740-a29c-4cc9-83e6-7eeab09a57a8" testListId="8c84fa94-04c1-424b-9868-57a2d4851a1d" />
    <TestEntry testId="8eb95b20-0c46-398f-2125-6dc09c3d5f6b" executionId="8bf23bf9-5f6d-4efa-be71-fc059d3cfd8c" testListId="8c84fa94-04c1-424b-9868-57a2d4851a1d" />
    <TestEntry testId="2eda2359-5430-f865-2e61-588725a71bdc" executionId="6aaf1438-67ea-4354-8dca-1cb73e55b241" testListId="8c84fa94-04c1-424b-9868-57a2d4851a1d" />
    <TestEntry testId="f868a57e-4330-fe6a-451f-04c33304ef71" executionId="370ced04-0509-4e5d-9b31-15aa1996f1e9" testListId="8c84fa94-04c1-424b-9868-57a2d4851a1d" />
    <TestEntry testId="f437877b-1319-cd01-d79b-3bb28f57bde5" executionId="3b258429-336b-4ddb-b89a-57b621ecda6e" testListId="8c84fa94-04c1-424b-9868-57a2d4851a1d" />
    <TestEntry testId="b7078b51-c013-cea8-b171-7d16c0658937" executionId="c3c4fd78-da4f-4910-b8a9-a2371644c2b4" testListId="8c84fa94-04c1-424b-9868-57a2d4851a1d" />
    <TestEntry testId="757079ab-34db-6c7a-c27d-f47cad758846" executionId="59111d34-6d1d-4378-9613-1c561bb09227" testListId="8c84fa94-04c1-424b-9868-57a2d4851a1d" />
    <TestEntry testId="5d9bdde3-205b-2146-4d45-5705e40d3a1b" executionId="9e6c5f69-d36e-4e64-9b5f-7abc4de6af85" testListId="8c84fa94-04c1-424b-9868-57a2d4851a1d" />
    <TestEntry testId="194f3e5e-38d8-c237-13cf-046cd6eb2ef0" executionId="b8222bee-ae28-4bc4-b28b-4b6fbbedd78e" testListId="8c84fa94-04c1-424b-9868-57a2d4851a1d" />
    <TestEntry testId="d52de9d9-bd05-2862-425e-5d7433595e0a" executionId="bf490e76-e9ad-48d5-8045-58961653423f" testListId="8c84fa94-04c1-424b-9868-57a2d4851a1d" />
    <TestEntry testId="9d5c8d38-e528-4571-3632-63940c05903c" executionId="88c88a0d-d522-40ee-8378-a679a051549e" testListId="8c84fa94-04c1-424b-9868-57a2d4851a1d" />
    <TestEntry testId="b5cd6307-9de5-427f-0373-10694ad52b83" executionId="9fba8df3-0099-404b-b882-8b7526046405" testListId="8c84fa94-04c1-424b-9868-57a2d4851a1d" />
    <TestEntry testId="8057d98b-18b0-a169-215b-c6c2d85aca0b" executionId="ab5a6ef0-37da-4dec-a758-d3c3d383782f" testListId="8c84fa94-04c1-424b-9868-57a2d4851a1d" />
    <TestEntry testId="4d603bd7-6cbc-8514-e013-12b03066a6f4" executionId="09107a22-df37-4ced-bf1f-13dadac09537" testListId="8c84fa94-04c1-424b-9868-57a2d4851a1d" />
    <TestEntry testId="2a62c340-e54c-2ac9-a7b5-fc67aa4490ae" executionId="4102b8fd-56ab-4bda-ac6d-a717bd581266" testListId="8c84fa94-04c1-424b-9868-57a2d4851a1d" />
    <TestEntry testId="0ca7bea0-6913-124c-e177-4afba6606000" executionId="afc21e9d-acea-4932-8ef1-6de25224c56b" testListId="8c84fa94-04c1-424b-9868-57a2d4851a1d" />
    <TestEntry testId="b3c7d14d-72c2-bf40-923c-1d3e424ddb36" executionId="703ce26a-0688-4b7e-932f-f7b45f86f99b" testListId="8c84fa94-04c1-424b-9868-57a2d4851a1d" />
    <TestEntry testId="08786b91-0b6a-1bed-4bdc-8666c19d2d94" executionId="f78021f6-649f-4cf4-a7ab-ad8e9c9c3782" testListId="8c84fa94-04c1-424b-9868-57a2d4851a1d" />
    <TestEntry testId="9be7a9e9-888e-9d2b-fee1-34e55517f65b" executionId="bd672164-cf27-4ad0-a283-7527ce3562d6" testListId="8c84fa94-04c1-424b-9868-57a2d4851a1d" />
    <TestEntry testId="badb984d-6620-7ee5-1daa-c67857a5487f" executionId="2788b7a3-ea8c-43e4-8528-3f5422b1d2bf" testListId="8c84fa94-04c1-424b-9868-57a2d4851a1d" />
    <TestEntry testId="82a1ac5a-34f7-668d-bf8c-cb1b83343d25" executionId="cac72610-845f-4bf3-ab81-1896983d9c94" testListId="8c84fa94-04c1-424b-9868-57a2d4851a1d" />
    <TestEntry testId="57a1a695-5304-8490-ffa9-e32daa1a6ccc" executionId="74dd7419-dc0d-47dd-a551-9f33b5dcca90" testListId="8c84fa94-04c1-424b-9868-57a2d4851a1d" />
    <TestEntry testId="28bac2a4-940c-c796-49b6-f12de8258267" executionId="9699c214-5221-4ce7-bfe5-bd181c5e9564" testListId="8c84fa94-04c1-424b-9868-57a2d4851a1d" />
    <TestEntry testId="6afcc017-abe8-8f93-dad4-1aa50cdee23e" executionId="ea401f0f-2531-446e-be23-ce5796171537" testListId="8c84fa94-04c1-424b-9868-57a2d4851a1d" />
    <TestEntry testId="fdd01d1b-ec72-fa41-0f5f-c7773df199bc" executionId="6345aacd-d48f-4118-b544-298fd4af70c2" testListId="8c84fa94-04c1-424b-9868-57a2d4851a1d" />
    <TestEntry testId="86e7ef2a-69d4-d133-eced-a411f49d3b0a" executionId="f1142cfe-de25-45c0-a88b-e426a594fc49" testListId="8c84fa94-04c1-424b-9868-57a2d4851a1d" />
    <TestEntry testId="b88b40ed-1a01-ce0a-00eb-81a8af8740bc" executionId="bf51656b-1376-414f-be78-98c00487a5af" testListId="8c84fa94-04c1-424b-9868-57a2d4851a1d" />
    <TestEntry testId="a7f76f73-33bc-42da-7491-5b8055f5c204" executionId="9d012482-0436-41e1-bda3-eef2f26fcddf" testListId="8c84fa94-04c1-424b-9868-57a2d4851a1d" />
    <TestEntry testId="664a0c41-0417-c5d4-d711-3c140cbcb1d4" executionId="b57818d7-7baf-400e-a59b-2a3b3ebefa1a" testListId="8c84fa94-04c1-424b-9868-57a2d4851a1d" />
    <TestEntry testId="9ed59e78-5a5c-260c-d6f5-68a8fe871948" executionId="f29a7f94-7de7-4e01-ae65-3ba018603c46" testListId="8c84fa94-04c1-424b-9868-57a2d4851a1d" />
    <TestEntry testId="f0bd4e06-3016-6886-da97-9d8e043b2fba" executionId="77313525-d674-4ea8-ae62-f3d198673b55" testListId="8c84fa94-04c1-424b-9868-57a2d4851a1d" />
    <TestEntry testId="0976e196-8b15-ab44-ac0d-0d7d071b1960" executionId="53a55ee5-fe28-4a51-b1ef-94574507f0b3" testListId="8c84fa94-04c1-424b-9868-57a2d4851a1d" />
    <TestEntry testId="5597184b-7046-4012-8148-de8511b813f0" executionId="5053dc6f-a0fa-433d-9b6d-aa417e6caa60" testListId="8c84fa94-04c1-424b-9868-57a2d4851a1d" />
    <TestEntry testId="b5a51ed3-447d-3acb-6a2e-3553203c45b1" executionId="3f4f3a2d-c2e2-4327-8949-e35621cdb194" testListId="8c84fa94-04c1-424b-9868-57a2d4851a1d" />
    <TestEntry testId="825464c7-d8ef-9fc5-2495-03d8a9086999" executionId="71affe8d-91b9-479c-9e2e-7e49000cf6c9" testListId="8c84fa94-04c1-424b-9868-57a2d4851a1d" />
    <TestEntry testId="37e7266b-4548-e3bf-ac4a-3b1c1c4cc874" executionId="8792a2e0-0bbb-4f96-a8dd-46e7aabef5f2" testListId="8c84fa94-04c1-424b-9868-57a2d4851a1d" />
  </TestEntries>
  <TestLists>
    <TestList name="Results Not in a List" id="8c84fa94-04c1-424b-9868-57a2d4851a1d" />
    <TestList name="All Loaded Results" id="19431567-8539-422a-85d7-44ee4e166bda" />
  </TestLists>
  <ResultSummary outcome="Completed">
    <Counters total="39" executed="35" passed="35" failed="0" error="0" timeout="0" aborted="0" inconclusive="0" passedButRunAborted="0" notRunnable="0" notExecuted="0" disconnected="0" warning="0" completed="0" inProgress="0" pending="0" />
    <Output>
      <StdOut>Test 'CompareTo' was skipped in the test run.Test 'GetPersonalizedVisualStudioOffers_ReturnsBasicOffers_WhenRequestedProductIsSupported' was skipped in the test run.Test 'GetDefaultVisualStudioOffers_ReturnsBasicOffersWhenReleaseNotRequested' was skipped in the test run.Test 'GetDefaultVisualStudioOffers_ReturnsBasicOffersWhenReleaseIsRequested' was skipped in the test run.</StdOut>
    </Output>
  </ResultSummary>
</TestRun>