<?xml version="1.0" encoding="UTF-8"?>
<TestRun id="dbd27fdd-7222-40a3-9133-a5222aef61b4" name="tfsmladm@TFSBUILD11 2015-09-28 09:45:54" runUser="REDMOND\tfsmladm" xmlns="http://microsoft.com/schemas/VisualStudio/TeamTest/2010">
  <Times creation="2015-09-28T09:45:54.5861665-07:00" queuing="2015-09-28T09:45:54.5861665-07:00" start="2015-09-28T09:45:54.5901678-07:00" finish="2015-09-28T09:45:56.3428619-07:00" />
  <TestSettings name="default" id="e0b2f25a-7f84-4cf6-bf2f-ec23765adeb5">
    <Execution>
      <TestTypeSpecific />
    </Execution>
    <Deployment runDeploymentRoot="tfsmladm_TFSBUILD11 2015-09-28 09_45_54" />
    <Properties />
  </TestSettings>
  <Results>
    <UnitTestResult executionId="863a094a-5930-4ae7-890d-e667d79a6c22" testId="34ab0891-72cc-4c5a-8b9f-5293cf131992" testName="TFSTests.ProjectWelcome.DescriptionController IfDescriptionEmptySetDefaultValue" computerName="TFSBUILD11" duration="00:00:00.0740000" startTime="2015-09-28T09:45:54.6237039-07:00" endTime="2015-09-28T09:45:54.6237039-07:00" testType="13cdc9d9-ddb5-4fa4-a97d-d965ccfc6d4b" outcome="Passed" testListId="8c84fa94-04c1-424b-9868-57a2d4851a1d" relativeResultsDirectory="863a094a-5930-4ae7-890d-e667d79a6c22" />
    <UnitTestResult executionId="08e478ab-e77e-4838-9ad3-45c06a851a75" testId="d3910bc7-4d16-40f2-8623-a1e7e852cdf9" testName="TFSTests.ProjectWelcome.DescriptionController OptionsServiceReturnsProjectNameAndId" computerName="TFSBUILD11" duration="00:00:00.0170000" startTime="2015-09-28T09:45:54.6317079-07:00" endTime="2015-09-28T09:45:54.6317079-07:00" testType="13cdc9d9-ddb5-4fa4-a97d-d965ccfc6d4b" outcome="Passed" testListId="8c84fa94-04c1-424b-9868-57a2d4851a1d" relativeResultsDirectory="08e478ab-e77e-4838-9ad3-45c06a851a75" />
    <UnitTestResult executionId="47b73f08-7b90-4c63-9eee-4526f3a722c9" testId="0a965a95-31b5-4579-9da5-430cdad9c182" testName="TFSTests.ProjectWelcome.UrlProviderTests VerifyGetProjectWelcomeUrlAppendsFragment" computerName="TFSBUILD11" duration="00:00:00.0160000" startTime="2015-09-28T09:45:54.6317079-07:00" endTime="2015-09-28T09:45:54.6317079-07:00" testType="13cdc9d9-ddb5-4fa4-a97d-d965ccfc6d4b" outcome="Passed" testListId="8c84fa94-04c1-424b-9868-57a2d4851a1d" relativeResultsDirectory="47b73f08-7b90-4c63-9eee-4526f3a722c9" />
    <UnitTestResult executionId="94ae48dc-d636-4f8d-af34-f9492b317f52" testId="91c31074-ec7c-4bee-9752-cafb0cb4bfac" testName="TFSTests.ProjectWelcome.FileViewerModelBuilder ConstructorHandlesUndefinedInputs" computerName="TFSBUILD11" duration="00:00:00.0160000" startTime="2015-09-28T09:45:54.6317079-07:00" endTime="2015-09-28T09:45:54.6317079-07:00" testType="13cdc9d9-ddb5-4fa4-a97d-d965ccfc6d4b" outcome="Passed" testListId="8c84fa94-04c1-424b-9868-57a2d4851a1d" relativeResultsDirectory="94ae48dc-d636-4f8d-af34-f9492b317f52" />
    <UnitTestResult executionId="18911089-fa8a-4932-a66f-b5493c112775" testId="aaf78a68-7abb-4a7b-9665-5d8eba037ab0" testName="TFSTests.ProjectWelcome.GitFileViewerModelBuilder UsesFileParentToDetermineRepositoryName" computerName="TFSBUILD11" duration="00:00:00.0150000" startTime="2015-09-28T09:45:54.6317079-07:00" endTime="2015-09-28T09:45:54.6317079-07:00" testType="13cdc9d9-ddb5-4fa4-a97d-d965ccfc6d4b" outcome="Passed" testListId="8c84fa94-04c1-424b-9868-57a2d4851a1d" relativeResultsDirectory="18911089-fa8a-4932-a66f-b5493c112775" />
    <UnitTestResult executionId="09e4d33f-7661-4d92-8cae-00e1c7c20c1e" testId="ee49efa7-a10d-4ec3-b7d5-692d5e0ea9b9" testName="TFSTests.ProjectWelcome.GitFileViewerModelBuilder WhenNoFileParentNameThenError" computerName="TFSBUILD11" duration="00:00:00.0150000" startTime="2015-09-28T09:45:54.6317079-07:00" endTime="2015-09-28T09:45:54.6317079-07:00" testType="13cdc9d9-ddb5-4fa4-a97d-d965ccfc6d4b" outcome="Passed" testListId="8c84fa94-04c1-424b-9868-57a2d4851a1d" relativeResultsDirectory="09e4d33f-7661-4d92-8cae-00e1c7c20c1e" />
    <UnitTestResult executionId="27587b64-4bcf-41d1-abe5-0026b0fc7cad" testId="3e5641aa-cbaf-4c34-9c3a-b56f1c0c3723" testName="TFSTests.ProjectWelcome.GitFileViewerModelBuilder UsesDefaultReadmePath" computerName="TFSBUILD11" duration="00:00:00.0150000" startTime="2015-09-28T09:45:54.6317079-07:00" endTime="2015-09-28T09:45:54.6317079-07:00" testType="13cdc9d9-ddb5-4fa4-a97d-d965ccfc6d4b" outcome="Passed" testListId="8c84fa94-04c1-424b-9868-57a2d4851a1d" relativeResultsDirectory="27587b64-4bcf-41d1-abe5-0026b0fc7cad" />
    <UnitTestResult executionId="82f4c775-f07c-4cdb-b8d5-3b1dfbee5093" testId="60d257f2-d6d3-481d-9981-2bcd762b530a" testName="TFSTests.ProjectWelcome.GitFileViewerModelBuilder GetVersionNameReturnsBranchVersionString" computerName="TFSBUILD11" duration="00:00:00.0150000" startTime="2015-09-28T09:45:54.6327075-07:00" endTime="2015-09-28T09:45:54.6327075-07:00" testType="13cdc9d9-ddb5-4fa4-a97d-d965ccfc6d4b" outcome="Passed" testListId="8c84fa94-04c1-424b-9868-57a2d4851a1d" relativeResultsDirectory="82f4c775-f07c-4cdb-b8d5-3b1dfbee5093" />
    <UnitTestResult executionId="e46f54c1-930d-41ff-9f83-dcc44f23359c" testId="91fb3382-6a73-49ce-b365-333b0438a560" testName="TFSTests.ProjectWelcome.GitFileViewerModelBuilder SetsRepositoryContext" computerName="TFSBUILD11" duration="00:00:00.0170000" startTime="2015-09-28T09:45:54.6327075-07:00" endTime="2015-09-28T09:45:54.6327075-07:00" testType="13cdc9d9-ddb5-4fa4-a97d-d965ccfc6d4b" outcome="Passed" testListId="8c84fa94-04c1-424b-9868-57a2d4851a1d" relativeResultsDirectory="e46f54c1-930d-41ff-9f83-dcc44f23359c" />
    <UnitTestResult executionId="f418c216-5974-44cf-96ba-d98ca2402e7b" testId="236f4881-d8dc-4a69-8a2b-619c46b2dcbf" testName="TFSTests.ProjectWelcome.GitFileViewerModelBuilder WhenFileExistsThenSetsNewItemFalseAndDoNotSetDefaultContent" computerName="TFSBUILD11" duration="00:00:00.0150000" startTime="2015-09-28T09:45:54.7074948-07:00" endTime="2015-09-28T09:45:54.7074948-07:00" testType="13cdc9d9-ddb5-4fa4-a97d-d965ccfc6d4b" outcome="Passed" testListId="8c84fa94-04c1-424b-9868-57a2d4851a1d" relativeResultsDirectory="f418c216-5974-44cf-96ba-d98ca2402e7b" />
    <UnitTestResult executionId="b66c25e2-65d8-4984-96e7-56df619da20a" testId="7fe0c9e9-e641-4e74-8442-c5bc000e79ef" testName="TFSTests.ProjectWelcome.GitFileViewerModelBuilder WhenFileDoesNotExistThenSetsNewItemAndSetDefaultContent" computerName="TFSBUILD11" duration="00:00:00.0150000" startTime="2015-09-28T09:45:54.7074948-07:00" endTime="2015-09-28T09:45:54.7074948-07:00" testType="13cdc9d9-ddb5-4fa4-a97d-d965ccfc6d4b" outcome="Passed" testListId="8c84fa94-04c1-424b-9868-57a2d4851a1d" relativeResultsDirectory="b66c25e2-65d8-4984-96e7-56df619da20a" />
    <UnitTestResult executionId="a96caa55-9de5-4956-8863-a8c46978d5b2" testId="ad201c75-54ca-4323-99fb-e9369577bbea" testName="TFSTests.ProjectWelcome.GitFileViewerModelBuilder DefaultContentItemVersionComesFromBranchName" computerName="TFSBUILD11" duration="00:00:00.0150000" startTime="2015-09-28T09:45:54.7074948-07:00" endTime="2015-09-28T09:45:54.7074948-07:00" testType="13cdc9d9-ddb5-4fa4-a97d-d965ccfc6d4b" outcome="Passed" testListId="8c84fa94-04c1-424b-9868-57a2d4851a1d" relativeResultsDirectory="a96caa55-9de5-4956-8863-a8c46978d5b2" />
    <UnitTestResult executionId="13d00cb8-4c61-462b-a799-c568ea65a2ff" testId="0697978b-63cb-4a70-a63b-05319212defa" testName="TFSTests.ProjectWelcome.GitFileViewerModelBuilder WhenNoItemFoundThenSetsNewItemAndSetDefaultContent" computerName="TFSBUILD11" duration="00:00:00.0150000" startTime="2015-09-28T09:45:54.7074948-07:00" endTime="2015-09-28T09:45:54.7074948-07:00" testType="13cdc9d9-ddb5-4fa4-a97d-d965ccfc6d4b" outcome="Passed" testListId="8c84fa94-04c1-424b-9868-57a2d4851a1d" relativeResultsDirectory="13d00cb8-4c61-462b-a799-c568ea65a2ff" />
    <UnitTestResult executionId="a95fd966-15c6-493f-a8ea-84f711d65c2d" testId="cef9f4a1-63c4-4233-a780-4e93c362d3cb" testName="TFSTests.ProjectWelcome.GitFileViewerModelBuilder WhenItemErrorAndDocumentUnknownStateThenSetDocumentNotExistStateAndReturnDefaultContent" computerName="TFSBUILD11" duration="00:00:00.0150000" startTime="2015-09-28T09:45:54.7074948-07:00" endTime="2015-09-28T09:45:54.7074948-07:00" testType="13cdc9d9-ddb5-4fa4-a97d-d965ccfc6d4b" outcome="Passed" testListId="8c84fa94-04c1-424b-9868-57a2d4851a1d" relativeResultsDirectory="a95fd966-15c6-493f-a8ea-84f711d65c2d" />
    <UnitTestResult executionId="f6449176-40a8-48c7-be1e-1fa9a55f9bc3" testId="dc4784f1-37d9-4648-84e7-b880816d7f50" testName="TFSTests.ProjectWelcome.GitFileViewerModelBuilder WhenItemErrorAndDocumentExistsThenRejectAndSendErrorObject" computerName="TFSBUILD11" duration="00:00:00.0140000" startTime="2015-09-28T09:45:54.7074948-07:00" endTime="2015-09-28T09:45:54.7074948-07:00" testType="13cdc9d9-ddb5-4fa4-a97d-d965ccfc6d4b" outcome="Passed" testListId="8c84fa94-04c1-424b-9868-57a2d4851a1d" relativeResultsDirectory="f6449176-40a8-48c7-be1e-1fa9a55f9bc3" />
    <UnitTestResult executionId="ab67e323-98c7-4477-87df-865878426b13" testId="6d4812df-697d-45bb-85ef-dd6fd2cf0344" testName="TFSTests.ProjectWelcome.GitFileViewerModelBuilder CreateDefaultContentModelForNonDefaultRepository" computerName="TFSBUILD11" duration="00:00:00.0170000" startTime="2015-09-28T09:45:54.7074948-07:00" endTime="2015-09-28T09:45:54.7074948-07:00" testType="13cdc9d9-ddb5-4fa4-a97d-d965ccfc6d4b" outcome="Passed" testListId="8c84fa94-04c1-424b-9868-57a2d4851a1d" relativeResultsDirectory="ab67e323-98c7-4477-87df-865878426b13" />
    <UnitTestResult executionId="a18df9ca-e87e-425d-8d93-e1ef63dc1efa" testId="ef81b2b9-0720-4c49-bef9-f15f5d7a1543" testName="TFSTests.ProjectWelcome.GitFileViewerModelBuilder CreateDefaultContentModelForDefaultRepositoryWhichDoesNotExist" computerName="TFSBUILD11" duration="00:00:00.0170000" startTime="2015-09-28T09:45:54.7084949-07:00" endTime="2015-09-28T09:45:54.7084949-07:00" testType="13cdc9d9-ddb5-4fa4-a97d-d965ccfc6d4b" outcome="Passed" testListId="8c84fa94-04c1-424b-9868-57a2d4851a1d" relativeResultsDirectory="a18df9ca-e87e-425d-8d93-e1ef63dc1efa" />
    <UnitTestResult executionId="bfd526cd-3b46-4ce7-9fad-b21d1d3c5e89" testId="47bc4316-b833-4896-a696-20cd9a8daae8" testName="TFSTests.ProjectWelcome.GitFileViewerModelBuilder CreateDefaultContentModelForDefaultRepository" computerName="TFSBUILD11" duration="00:00:00.0160000" startTime="2015-09-28T09:45:54.7084949-07:00" endTime="2015-09-28T09:45:54.7084949-07:00" testType="13cdc9d9-ddb5-4fa4-a97d-d965ccfc6d4b" outcome="Passed" testListId="8c84fa94-04c1-424b-9868-57a2d4851a1d" relativeResultsDirectory="bfd526cd-3b46-4ce7-9fad-b21d1d3c5e89" />
    <UnitTestResult executionId="272859cb-2119-4b2a-89bf-eab1a614df82" testId="4ef44e2b-1c3b-4f38-9e47-80a97929e0ea" testName="TFSTests.ProjectWelcome.TfvcFileViewerModelBuilder UsesFileParentToDetermineProjectName" computerName="TFSBUILD11" duration="00:00:00.0140000" startTime="2015-09-28T09:45:54.8394919-07:00" endTime="2015-09-28T09:45:54.8394919-07:00" testType="13cdc9d9-ddb5-4fa4-a97d-d965ccfc6d4b" outcome="Passed" testListId="8c84fa94-04c1-424b-9868-57a2d4851a1d" relativeResultsDirectory="272859cb-2119-4b2a-89bf-eab1a614df82" />
    <UnitTestResult executionId="edc43ed3-a9f0-4201-94be-5b0e8d020388" testId="c692588d-6696-4772-ba83-6fabf118944c" testName="TFSTests.ProjectWelcome.TfvcFileViewerModelBuilder WhenNoFileParentNameThenError" computerName="TFSBUILD11" duration="00:00:00.0150000" startTime="2015-09-28T09:45:54.8394919-07:00" endTime="2015-09-28T09:45:54.8394919-07:00" testType="13cdc9d9-ddb5-4fa4-a97d-d965ccfc6d4b" outcome="Passed" testListId="8c84fa94-04c1-424b-9868-57a2d4851a1d" relativeResultsDirectory="edc43ed3-a9f0-4201-94be-5b0e8d020388" />
    <UnitTestResult executionId="04e451ab-fd37-4c85-8356-c2f431afaf5e" testId="604a30c7-5d74-4997-ae6f-994ba70e57b2" testName="TFSTests.ProjectWelcome.TfvcFileViewerModelBuilder GeneratesTfvcPathForDefaultReadme" computerName="TFSBUILD11" duration="00:00:00.0140000" startTime="2015-09-28T09:45:54.8404918-07:00" endTime="2015-09-28T09:45:54.8404918-07:00" testType="13cdc9d9-ddb5-4fa4-a97d-d965ccfc6d4b" outcome="Passed" testListId="8c84fa94-04c1-424b-9868-57a2d4851a1d" relativeResultsDirectory="04e451ab-fd37-4c85-8356-c2f431afaf5e" />
    <UnitTestResult executionId="c3eaf08e-6c8a-4675-a7c1-22889b9f6247" testId="4b1d1c30-ff91-47a7-9f43-c9a491f88b84" testName="TFSTests.ProjectWelcome.TfvcFileViewerModelBuilder GetVersionNameReturnsUndefinedResult" computerName="TFSBUILD11" duration="00:00:00.0150000" startTime="2015-09-28T09:45:54.8404918-07:00" endTime="2015-09-28T09:45:54.8404918-07:00" testType="13cdc9d9-ddb5-4fa4-a97d-d965ccfc6d4b" outcome="Passed" testListId="8c84fa94-04c1-424b-9868-57a2d4851a1d" relativeResultsDirectory="c3eaf08e-6c8a-4675-a7c1-22889b9f6247" />
    <UnitTestResult executionId="3d80acf1-9573-454b-9a71-60166bdac853" testId="4621da05-5329-4bb4-bda3-5871b797ca59" testName="TFSTests.ProjectWelcome.TfvcFileViewerModelBuilder WhenFileExistsThenSetsNewItemFalseAndDoNotSetDefaultContent" computerName="TFSBUILD11" duration="00:00:00.0150000" startTime="2015-09-28T09:45:54.8404918-07:00" endTime="2015-09-28T09:45:54.8404918-07:00" testType="13cdc9d9-ddb5-4fa4-a97d-d965ccfc6d4b" outcome="Passed" testListId="8c84fa94-04c1-424b-9868-57a2d4851a1d" relativeResultsDirectory="3d80acf1-9573-454b-9a71-60166bdac853" />
    <UnitTestResult executionId="e89fcec9-2d80-4932-9cc0-c81c23ab83d8" testId="d85bdf03-c64a-46c7-841d-9ba02302eb3c" testName="TFSTests.ProjectWelcome.TfvcFileViewerModelBuilder WhenFileDoesNotExistThenSetsNewItemAndSetDefaultContent" computerName="TFSBUILD11" duration="00:00:00.0150000" startTime="2015-09-28T09:45:54.8404918-07:00" endTime="2015-09-28T09:45:54.8404918-07:00" testType="13cdc9d9-ddb5-4fa4-a97d-d965ccfc6d4b" outcome="Passed" testListId="8c84fa94-04c1-424b-9868-57a2d4851a1d" relativeResultsDirectory="e89fcec9-2d80-4932-9cc0-c81c23ab83d8" />
    <UnitTestResult executionId="a2b4299c-c94a-4077-985b-ed94f5280f39" testId="121bcd6f-6c1e-4309-88d2-dad3c0ad9346" testName="TFSTests.ProjectWelcome.TfvcFileViewerModelBuilder WhenNoItemFoundThenSetsNewItemAndSetDefaultContent" computerName="TFSBUILD11" duration="00:00:00.0140000" startTime="2015-09-28T09:45:54.8404918-07:00" endTime="2015-09-28T09:45:54.8404918-07:00" testType="13cdc9d9-ddb5-4fa4-a97d-d965ccfc6d4b" outcome="Passed" testListId="8c84fa94-04c1-424b-9868-57a2d4851a1d" relativeResultsDirectory="a2b4299c-c94a-4077-985b-ed94f5280f39" />
    <UnitTestResult executionId="c68533cc-4fd1-42b6-ab95-6027243b25f4" testId="e8c45feb-06de-4110-ac68-d548da17ef5b" testName="TFSTests.ProjectWelcome.TfvcFileViewerModelBuilder WhenItemErrorAndDocumentUnknownStateThenSetDocumentNotExistStateAndReturnDefaultConent" computerName="TFSBUILD11" duration="00:00:00.0140000" startTime="2015-09-28T09:45:54.8404918-07:00" endTime="2015-09-28T09:45:54.8404918-07:00" testType="13cdc9d9-ddb5-4fa4-a97d-d965ccfc6d4b" outcome="Passed" testListId="8c84fa94-04c1-424b-9868-57a2d4851a1d" relativeResultsDirectory="c68533cc-4fd1-42b6-ab95-6027243b25f4" />
    <UnitTestResult executionId="71e7ad48-4f25-4c2b-b2e4-51694e81a9a5" testId="2c271f31-d0cc-47e4-9165-586098a1ed66" testName="TFSTests.ProjectWelcome.TfvcFileViewerModelBuilder WhenItemErrorAndDocumentExistsThenRejectAndSendErrorObject" computerName="TFSBUILD11" duration="00:00:00.0140000" startTime="2015-09-28T09:45:54.8404918-07:00" endTime="2015-09-28T09:45:54.8404918-07:00" testType="13cdc9d9-ddb5-4fa4-a97d-d965ccfc6d4b" outcome="Passed" testListId="8c84fa94-04c1-424b-9868-57a2d4851a1d" relativeResultsDirectory="71e7ad48-4f25-4c2b-b2e4-51694e81a9a5" />
    <UnitTestResult executionId="1bc6b201-04ac-4da0-be49-26260673e460" testId="01b0f584-820a-4c22-b926-b659679e37b5" testName="TFSTests.ProjectWelcome.TfvcFileViewerModelBuilder CreateDefaultContentModel" computerName="TFSBUILD11" duration="00:00:00.0160000" startTime="2015-09-28T09:45:54.9853162-07:00" endTime="2015-09-28T09:45:54.9853162-07:00" testType="13cdc9d9-ddb5-4fa4-a97d-d965ccfc6d4b" outcome="Passed" testListId="8c84fa94-04c1-424b-9868-57a2d4851a1d" relativeResultsDirectory="1bc6b201-04ac-4da0-be49-26260673e460" />
    <UnitTestResult executionId="8c341a0e-9c9a-4569-a4d6-2286570d5e8b" testId="21055e07-77e2-4b06-ac6a-3d927bae7f8b" testName="TFSTests.GitDocumentProviderTests BeginGetProjectRepositoriesCreatesFakeProjectRepositoryIfItDoesNotExist" computerName="TFSBUILD11" duration="00:00:00.0160000" startTime="2015-09-28T09:45:54.9853162-07:00" endTime="2015-09-28T09:45:54.9853162-07:00" testType="13cdc9d9-ddb5-4fa4-a97d-d965ccfc6d4b" outcome="Passed" testListId="8c84fa94-04c1-424b-9868-57a2d4851a1d" relativeResultsDirectory="8c341a0e-9c9a-4569-a4d6-2286570d5e8b" />
    <UnitTestResult executionId="9a9f08b3-375c-4018-aac8-5007b4cf716e" testId="5a32bba4-d680-4b07-a81f-b2c5f54e93d0" testName="TFSTests.GitDocumentProviderTests BeginGetProjectRepositoriesDoesNotCreateFakeRepositoryIfItAlreadyExists" computerName="TFSBUILD11" duration="00:00:00.0150000" startTime="2015-09-28T09:45:54.9853162-07:00" endTime="2015-09-28T09:45:54.9853162-07:00" testType="13cdc9d9-ddb5-4fa4-a97d-d965ccfc6d4b" outcome="Passed" testListId="8c84fa94-04c1-424b-9868-57a2d4851a1d" relativeResultsDirectory="9a9f08b3-375c-4018-aac8-5007b4cf716e" />
    <UnitTestResult executionId="c9a8142b-d1a2-492f-a5d5-a94b641160f7" testId="87a6199f-bb0e-480d-997c-5542f60133d5" testName="TFSTests.TfvcDocumentProviderTests BeginGetProjectRepositoriesAlwaysReturnsOneRepo" computerName="TFSBUILD11" duration="00:00:00.0140000" startTime="2015-09-28T09:45:54.9853162-07:00" endTime="2015-09-28T09:45:54.9853162-07:00" testType="13cdc9d9-ddb5-4fa4-a97d-d965ccfc6d4b" outcome="Passed" testListId="8c84fa94-04c1-424b-9868-57a2d4851a1d" relativeResultsDirectory="c9a8142b-d1a2-492f-a5d5-a94b641160f7" />
    <UnitTestResult executionId="bc9425e9-d500-44af-b6c6-6229a348305d" testId="29213769-c6bf-4cd7-9044-45b42a01b127" testName="TFSTests.ProjectWelcome.WikiLinkTransformerTests VerifyGetBrowserUriCallsGetCodeExplorerUrlForNonMarkdownFiles" computerName="TFSBUILD11" duration="00:00:00.0140000" startTime="2015-09-28T09:45:54.9853162-07:00" endTime="2015-09-28T09:45:54.9853162-07:00" testType="13cdc9d9-ddb5-4fa4-a97d-d965ccfc6d4b" outcome="Passed" testListId="8c84fa94-04c1-424b-9868-57a2d4851a1d" relativeResultsDirectory="bc9425e9-d500-44af-b6c6-6229a348305d" />
    <UnitTestResult executionId="0df203fc-8bea-43c4-a22a-c9a67be598b4" testId="e9295878-83e7-4e2b-852e-eead8e5ada15" testName="TFSTests.ProjectWelcome.WikiLinkTransformerTests VerifyGetBrowserUriCallsGetProjectWelcomeUrlForMarkdownFiles" computerName="TFSBUILD11" duration="00:00:00.0200000" startTime="2015-09-28T09:45:54.9853162-07:00" endTime="2015-09-28T09:45:54.9853162-07:00" testType="13cdc9d9-ddb5-4fa4-a97d-d965ccfc6d4b" outcome="Passed" testListId="8c84fa94-04c1-424b-9868-57a2d4851a1d" relativeResultsDirectory="0df203fc-8bea-43c4-a22a-c9a67be598b4" />
    <UnitTestResult executionId="445995cc-3159-4ce0-a887-61ad0f36640d" testId="112394e7-3637-497d-b9e7-78a2c99f7784" testName="TFSTests.ProjectWelcome.ContentWidgetController ContentWidgetUpdatesViewAllLink" computerName="TFSBUILD11" duration="00:00:00.0180000" startTime="2015-09-28T09:45:54.9853162-07:00" endTime="2015-09-28T09:45:54.9853162-07:00" testType="13cdc9d9-ddb5-4fa4-a97d-d965ccfc6d4b" outcome="Passed" testListId="8c84fa94-04c1-424b-9868-57a2d4851a1d" relativeResultsDirectory="445995cc-3159-4ce0-a887-61ad0f36640d" />
    <UnitTestResult executionId="b0a570bf-914b-4914-867e-e2d9801e74fd" testId="fc533d44-4420-4872-801d-17b8c2fcfdd7" testName="TFSTests.ProjectWelcome.RepoListController GetRepositoryName_ReturnsRepoName_IfGitIsSupported" computerName="TFSBUILD11" duration="00:00:00.0160000" startTime="2015-09-28T09:45:54.9853162-07:00" endTime="2015-09-28T09:45:54.9853162-07:00" testType="13cdc9d9-ddb5-4fa4-a97d-d965ccfc6d4b" outcome="Passed" testListId="8c84fa94-04c1-424b-9868-57a2d4851a1d" relativeResultsDirectory="b0a570bf-914b-4914-867e-e2d9801e74fd" />
    <UnitTestResult executionId="84f217b9-a004-4013-a7dc-743c09069ad1" testId="6dc52baa-c3bb-4d42-a21e-02a20e3b2b0d" testName="TFSTests.ProjectWelcome.RepoListController GetRepositoryName_ReturnsProject_IfGitIsNotSupported" computerName="TFSBUILD11" duration="00:00:00.0150000" startTime="2015-09-28T09:45:54.9853162-07:00" endTime="2015-09-28T09:45:54.9853162-07:00" testType="13cdc9d9-ddb5-4fa4-a97d-d965ccfc6d4b" outcome="Passed" testListId="8c84fa94-04c1-424b-9868-57a2d4851a1d" relativeResultsDirectory="84f217b9-a004-4013-a7dc-743c09069ad1" />
    <UnitTestResult executionId="fcb5de13-1c18-4b6f-a29d-0fe33832ab4e" testId="33904a39-aeec-4721-9b78-772663240393" testName="TFSTests.ProjectWelcome.RepoListController GetRepositoryUrl_ReturnsGitRepoName_IfGitIsSupported" computerName="TFSBUILD11" duration="00:00:00.0150000" startTime="2015-09-28T09:45:56.3377931-07:00" endTime="2015-09-28T09:45:56.3377931-07:00" testType="13cdc9d9-ddb5-4fa4-a97d-d965ccfc6d4b" outcome="Passed" testListId="8c84fa94-04c1-424b-9868-57a2d4851a1d" relativeResultsDirectory="fcb5de13-1c18-4b6f-a29d-0fe33832ab4e" />
    <UnitTestResult executionId="40e48c97-6e6d-45ca-b066-4d08087b135d" testId="c3d8e6b2-fbea-47e7-918b-c9148e03ed44" testName="TFSTests.ProjectWelcome.RepoListController GetRepositoryUrl_ReturnsVersionControl_IfGitIsNotSupported" computerName="TFSBUILD11" duration="00:00:00.0150000" startTime="2015-09-28T09:45:56.3377931-07:00" endTime="2015-09-28T09:45:56.3377931-07:00" testType="13cdc9d9-ddb5-4fa4-a97d-d965ccfc6d4b" outcome="Passed" testListId="8c84fa94-04c1-424b-9868-57a2d4851a1d" relativeResultsDirectory="40e48c97-6e6d-45ca-b066-4d08087b135d" />
  </Results>
  <TestDefinitions>
    <UnitTest name="TFSTests.ProjectWelcome.DescriptionController IfDescriptionEmptySetDefaultValue" storage="d:\v2.0\a1\_work\dbded102\vso\tfs\service\webaccess\projectwelcome\testscripts\tests\tfstests.projectwelcome.descriptioncontrol.ts" id="34ab0891-72cc-4c5a-8b9f-5293cf131992">
      <Execution id="863a094a-5930-4ae7-890d-e667d79a6c22" />
      <TestMethod codeBase="d:\v2.0\a1\_work\dbded102\vso\tfs\service\webaccess\projectwelcome\testscripts\tests\tfstests.projectwelcome.descriptioncontrol.ts" adapterTypeName="Microsoft.VisualStudio.TestTools.TestTypes.Unit.UnitTestAdapter" className="d:\v2.0\a1\_work\dbded102\vso\tfs\service\webaccess\projectwelcome\testscripts\tests\tfstests.projectwelcome.descriptioncontrol.ts::tfstests.projectwelcome" name="TFSTests.ProjectWelcome.DescriptionController IfDescriptionEmptySetDefaultValue" />
    </UnitTest>
    <UnitTest name="TFSTests.ProjectWelcome.DescriptionController OptionsServiceReturnsProjectNameAndId" storage="d:\v2.0\a1\_work\dbded102\vso\tfs\service\webaccess\projectwelcome\testscripts\tests\tfstests.projectwelcome.descriptioncontrol.ts" id="d3910bc7-4d16-40f2-8623-a1e7e852cdf9">
      <Execution id="08e478ab-e77e-4838-9ad3-45c06a851a75" />
      <TestMethod codeBase="d:\v2.0\a1\_work\dbded102\vso\tfs\service\webaccess\projectwelcome\testscripts\tests\tfstests.projectwelcome.descriptioncontrol.ts" adapterTypeName="Microsoft.VisualStudio.TestTools.TestTypes.Unit.UnitTestAdapter" className="d:\v2.0\a1\_work\dbded102\vso\tfs\service\webaccess\projectwelcome\testscripts\tests\tfstests.projectwelcome.descriptioncontrol.ts::tfstests.projectwelcome" name="TFSTests.ProjectWelcome.DescriptionController OptionsServiceReturnsProjectNameAndId" />
    </UnitTest>
    <UnitTest name="TFSTests.ProjectWelcome.UrlProviderTests VerifyGetProjectWelcomeUrlAppendsFragment" storage="d:\v2.0\a1\_work\dbded102\vso\tfs\service\webaccess\projectwelcome\testscripts\tests\tfstests.projectwelcome.urlprovider.ts" id="0a965a95-31b5-4579-9da5-430cdad9c182">
      <Execution id="47b73f08-7b90-4c63-9eee-4526f3a722c9" />
      <TestMethod codeBase="d:\v2.0\a1\_work\dbded102\vso\tfs\service\webaccess\projectwelcome\testscripts\tests\tfstests.projectwelcome.urlprovider.ts" adapterTypeName="Microsoft.VisualStudio.TestTools.TestTypes.Unit.UnitTestAdapter" className="d:\v2.0\a1\_work\dbded102\vso\tfs\service\webaccess\projectwelcome\testscripts\tests\tfstests.projectwelcome.urlprovider.ts::tfstests.projectwelcome" name="TFSTests.ProjectWelcome.UrlProviderTests VerifyGetProjectWelcomeUrlAppendsFragment" />
    </UnitTest>
    <UnitTest name="TFSTests.ProjectWelcome.FileViewerModelBuilder ConstructorHandlesUndefinedInputs" storage="d:\v2.0\a1\_work\dbded102\vso\tfs\service\webaccess\projectwelcome\testscripts\tests\tfstests.projectwelcome.fileviewermodelbuilder.ts" id="91c31074-ec7c-4bee-9752-cafb0cb4bfac">
      <Execution id="94ae48dc-d636-4f8d-af34-f9492b317f52" />
      <TestMethod codeBase="d:\v2.0\a1\_work\dbded102\vso\tfs\service\webaccess\projectwelcome\testscripts\tests\tfstests.projectwelcome.fileviewermodelbuilder.ts" adapterTypeName="Microsoft.VisualStudio.TestTools.TestTypes.Unit.UnitTestAdapter" className="d:\v2.0\a1\_work\dbded102\vso\tfs\service\webaccess\projectwelcome\testscripts\tests\tfstests.projectwelcome.fileviewermodelbuilder.ts::tfstests.projectwelcome" name="TFSTests.ProjectWelcome.FileViewerModelBuilder ConstructorHandlesUndefinedInputs" />
    </UnitTest>
    <UnitTest name="TFSTests.ProjectWelcome.GitFileViewerModelBuilder UsesFileParentToDetermineRepositoryName" storage="d:\v2.0\a1\_work\dbded102\vso\tfs\service\webaccess\projectwelcome\testscripts\tests\tfstests.projectwelcome.fileviewermodelbuilder.ts" id="aaf78a68-7abb-4a7b-9665-5d8eba037ab0">
      <Execution id="18911089-fa8a-4932-a66f-b5493c112775" />
      <TestMethod codeBase="d:\v2.0\a1\_work\dbded102\vso\tfs\service\webaccess\projectwelcome\testscripts\tests\tfstests.projectwelcome.fileviewermodelbuilder.ts" adapterTypeName="Microsoft.VisualStudio.TestTools.TestTypes.Unit.UnitTestAdapter" className="d:\v2.0\a1\_work\dbded102\vso\tfs\service\webaccess\projectwelcome\testscripts\tests\tfstests.projectwelcome.fileviewermodelbuilder.ts::tfstests.projectwelcome" name="TFSTests.ProjectWelcome.GitFileViewerModelBuilder UsesFileParentToDetermineRepositoryName" />
    </UnitTest>
    <UnitTest name="TFSTests.ProjectWelcome.GitFileViewerModelBuilder WhenNoFileParentNameThenError" storage="d:\v2.0\a1\_work\dbded102\vso\tfs\service\webaccess\projectwelcome\testscripts\tests\tfstests.projectwelcome.fileviewermodelbuilder.ts" id="ee49efa7-a10d-4ec3-b7d5-692d5e0ea9b9">
      <Execution id="09e4d33f-7661-4d92-8cae-00e1c7c20c1e" />
      <TestMethod codeBase="d:\v2.0\a1\_work\dbded102\vso\tfs\service\webaccess\projectwelcome\testscripts\tests\tfstests.projectwelcome.fileviewermodelbuilder.ts" adapterTypeName="Microsoft.VisualStudio.TestTools.TestTypes.Unit.UnitTestAdapter" className="d:\v2.0\a1\_work\dbded102\vso\tfs\service\webaccess\projectwelcome\testscripts\tests\tfstests.projectwelcome.fileviewermodelbuilder.ts::tfstests.projectwelcome" name="TFSTests.ProjectWelcome.GitFileViewerModelBuilder WhenNoFileParentNameThenError" />
    </UnitTest>
    <UnitTest name="TFSTests.ProjectWelcome.GitFileViewerModelBuilder UsesDefaultReadmePath" storage="d:\v2.0\a1\_work\dbded102\vso\tfs\service\webaccess\projectwelcome\testscripts\tests\tfstests.projectwelcome.fileviewermodelbuilder.ts" id="3e5641aa-cbaf-4c34-9c3a-b56f1c0c3723">
      <Execution id="27587b64-4bcf-41d1-abe5-0026b0fc7cad" />
      <TestMethod codeBase="d:\v2.0\a1\_work\dbded102\vso\tfs\service\webaccess\projectwelcome\testscripts\tests\tfstests.projectwelcome.fileviewermodelbuilder.ts" adapterTypeName="Microsoft.VisualStudio.TestTools.TestTypes.Unit.UnitTestAdapter" className="d:\v2.0\a1\_work\dbded102\vso\tfs\service\webaccess\projectwelcome\testscripts\tests\tfstests.projectwelcome.fileviewermodelbuilder.ts::tfstests.projectwelcome" name="TFSTests.ProjectWelcome.GitFileViewerModelBuilder UsesDefaultReadmePath" />
    </UnitTest>
    <UnitTest name="TFSTests.ProjectWelcome.GitFileViewerModelBuilder GetVersionNameReturnsBranchVersionString" storage="d:\v2.0\a1\_work\dbded102\vso\tfs\service\webaccess\projectwelcome\testscripts\tests\tfstests.projectwelcome.fileviewermodelbuilder.ts" id="60d257f2-d6d3-481d-9981-2bcd762b530a">
      <Execution id="82f4c775-f07c-4cdb-b8d5-3b1dfbee5093" />
      <TestMethod codeBase="d:\v2.0\a1\_work\dbded102\vso\tfs\service\webaccess\projectwelcome\testscripts\tests\tfstests.projectwelcome.fileviewermodelbuilder.ts" adapterTypeName="Microsoft.VisualStudio.TestTools.TestTypes.Unit.UnitTestAdapter" className="d:\v2.0\a1\_work\dbded102\vso\tfs\service\webaccess\projectwelcome\testscripts\tests\tfstests.projectwelcome.fileviewermodelbuilder.ts::tfstests.projectwelcome" name="TFSTests.ProjectWelcome.GitFileViewerModelBuilder GetVersionNameReturnsBranchVersionString" />
    </UnitTest>
    <UnitTest name="TFSTests.ProjectWelcome.GitFileViewerModelBuilder SetsRepositoryContext" storage="d:\v2.0\a1\_work\dbded102\vso\tfs\service\webaccess\projectwelcome\testscripts\tests\tfstests.projectwelcome.fileviewermodelbuilder.ts" id="91fb3382-6a73-49ce-b365-333b0438a560">
      <Execution id="e46f54c1-930d-41ff-9f83-dcc44f23359c" />
      <TestMethod codeBase="d:\v2.0\a1\_work\dbded102\vso\tfs\service\webaccess\projectwelcome\testscripts\tests\tfstests.projectwelcome.fileviewermodelbuilder.ts" adapterTypeName="Microsoft.VisualStudio.TestTools.TestTypes.Unit.UnitTestAdapter" className="d:\v2.0\a1\_work\dbded102\vso\tfs\service\webaccess\projectwelcome\testscripts\tests\tfstests.projectwelcome.fileviewermodelbuilder.ts::tfstests.projectwelcome" name="TFSTests.ProjectWelcome.GitFileViewerModelBuilder SetsRepositoryContext" />
    </UnitTest>
    <UnitTest name="TFSTests.ProjectWelcome.GitFileViewerModelBuilder WhenFileExistsThenSetsNewItemFalseAndDoNotSetDefaultContent" storage="d:\v2.0\a1\_work\dbded102\vso\tfs\service\webaccess\projectwelcome\testscripts\tests\tfstests.projectwelcome.fileviewermodelbuilder.ts" id="236f4881-d8dc-4a69-8a2b-619c46b2dcbf">
      <Execution id="f418c216-5974-44cf-96ba-d98ca2402e7b" />
      <TestMethod codeBase="d:\v2.0\a1\_work\dbded102\vso\tfs\service\webaccess\projectwelcome\testscripts\tests\tfstests.projectwelcome.fileviewermodelbuilder.ts" adapterTypeName="Microsoft.VisualStudio.TestTools.TestTypes.Unit.UnitTestAdapter" className="d:\v2.0\a1\_work\dbded102\vso\tfs\service\webaccess\projectwelcome\testscripts\tests\tfstests.projectwelcome.fileviewermodelbuilder.ts::tfstests.projectwelcome" name="TFSTests.ProjectWelcome.GitFileViewerModelBuilder WhenFileExistsThenSetsNewItemFalseAndDoNotSetDefaultContent" />
    </UnitTest>
    <UnitTest name="TFSTests.ProjectWelcome.GitFileViewerModelBuilder WhenFileDoesNotExistThenSetsNewItemAndSetDefaultContent" storage="d:\v2.0\a1\_work\dbded102\vso\tfs\service\webaccess\projectwelcome\testscripts\tests\tfstests.projectwelcome.fileviewermodelbuilder.ts" id="7fe0c9e9-e641-4e74-8442-c5bc000e79ef">
      <Execution id="b66c25e2-65d8-4984-96e7-56df619da20a" />
      <TestMethod codeBase="d:\v2.0\a1\_work\dbded102\vso\tfs\service\webaccess\projectwelcome\testscripts\tests\tfstests.projectwelcome.fileviewermodelbuilder.ts" adapterTypeName="Microsoft.VisualStudio.TestTools.TestTypes.Unit.UnitTestAdapter" className="d:\v2.0\a1\_work\dbded102\vso\tfs\service\webaccess\projectwelcome\testscripts\tests\tfstests.projectwelcome.fileviewermodelbuilder.ts::tfstests.projectwelcome" name="TFSTests.ProjectWelcome.GitFileViewerModelBuilder WhenFileDoesNotExistThenSetsNewItemAndSetDefaultContent" />
    </UnitTest>
    <UnitTest name="TFSTests.ProjectWelcome.GitFileViewerModelBuilder DefaultContentItemVersionComesFromBranchName" storage="d:\v2.0\a1\_work\dbded102\vso\tfs\service\webaccess\projectwelcome\testscripts\tests\tfstests.projectwelcome.fileviewermodelbuilder.ts" id="ad201c75-54ca-4323-99fb-e9369577bbea">
      <Execution id="a96caa55-9de5-4956-8863-a8c46978d5b2" />
      <TestMethod codeBase="d:\v2.0\a1\_work\dbded102\vso\tfs\service\webaccess\projectwelcome\testscripts\tests\tfstests.projectwelcome.fileviewermodelbuilder.ts" adapterTypeName="Microsoft.VisualStudio.TestTools.TestTypes.Unit.UnitTestAdapter" className="d:\v2.0\a1\_work\dbded102\vso\tfs\service\webaccess\projectwelcome\testscripts\tests\tfstests.projectwelcome.fileviewermodelbuilder.ts::tfstests.projectwelcome" name="TFSTests.ProjectWelcome.GitFileViewerModelBuilder DefaultContentItemVersionComesFromBranchName" />
    </UnitTest>
    <UnitTest name="TFSTests.ProjectWelcome.GitFileViewerModelBuilder WhenNoItemFoundThenSetsNewItemAndSetDefaultContent" storage="d:\v2.0\a1\_work\dbded102\vso\tfs\service\webaccess\projectwelcome\testscripts\tests\tfstests.projectwelcome.fileviewermodelbuilder.ts" id="0697978b-63cb-4a70-a63b-05319212defa">
      <Execution id="13d00cb8-4c61-462b-a799-c568ea65a2ff" />
      <TestMethod codeBase="d:\v2.0\a1\_work\dbded102\vso\tfs\service\webaccess\projectwelcome\testscripts\tests\tfstests.projectwelcome.fileviewermodelbuilder.ts" adapterTypeName="Microsoft.VisualStudio.TestTools.TestTypes.Unit.UnitTestAdapter" className="d:\v2.0\a1\_work\dbded102\vso\tfs\service\webaccess\projectwelcome\testscripts\tests\tfstests.projectwelcome.fileviewermodelbuilder.ts::tfstests.projectwelcome" name="TFSTests.ProjectWelcome.GitFileViewerModelBuilder WhenNoItemFoundThenSetsNewItemAndSetDefaultContent" />
    </UnitTest>
    <UnitTest name="TFSTests.ProjectWelcome.GitFileViewerModelBuilder WhenItemErrorAndDocumentUnknownStateThenSetDocumentNotExistStateAndReturnDefaultContent" storage="d:\v2.0\a1\_work\dbded102\vso\tfs\service\webaccess\projectwelcome\testscripts\tests\tfstests.projectwelcome.fileviewermodelbuilder.ts" id="cef9f4a1-63c4-4233-a780-4e93c362d3cb">
      <Execution id="a95fd966-15c6-493f-a8ea-84f711d65c2d" />
      <TestMethod codeBase="d:\v2.0\a1\_work\dbded102\vso\tfs\service\webaccess\projectwelcome\testscripts\tests\tfstests.projectwelcome.fileviewermodelbuilder.ts" adapterTypeName="Microsoft.VisualStudio.TestTools.TestTypes.Unit.UnitTestAdapter" className="d:\v2.0\a1\_work\dbded102\vso\tfs\service\webaccess\projectwelcome\testscripts\tests\tfstests.projectwelcome.fileviewermodelbuilder.ts::tfstests.projectwelcome" name="TFSTests.ProjectWelcome.GitFileViewerModelBuilder WhenItemErrorAndDocumentUnknownStateThenSetDocumentNotExistStateAndReturnDefaultContent" />
    </UnitTest>
    <UnitTest name="TFSTests.ProjectWelcome.GitFileViewerModelBuilder WhenItemErrorAndDocumentExistsThenRejectAndSendErrorObject" storage="d:\v2.0\a1\_work\dbded102\vso\tfs\service\webaccess\projectwelcome\testscripts\tests\tfstests.projectwelcome.fileviewermodelbuilder.ts" id="dc4784f1-37d9-4648-84e7-b880816d7f50">
      <Execution id="f6449176-40a8-48c7-be1e-1fa9a55f9bc3" />
      <TestMethod codeBase="d:\v2.0\a1\_work\dbded102\vso\tfs\service\webaccess\projectwelcome\testscripts\tests\tfstests.projectwelcome.fileviewermodelbuilder.ts" adapterTypeName="Microsoft.VisualStudio.TestTools.TestTypes.Unit.UnitTestAdapter" className="d:\v2.0\a1\_work\dbded102\vso\tfs\service\webaccess\projectwelcome\testscripts\tests\tfstests.projectwelcome.fileviewermodelbuilder.ts::tfstests.projectwelcome" name="TFSTests.ProjectWelcome.GitFileViewerModelBuilder WhenItemErrorAndDocumentExistsThenRejectAndSendErrorObject" />
    </UnitTest>
    <UnitTest name="TFSTests.ProjectWelcome.GitFileViewerModelBuilder CreateDefaultContentModelForNonDefaultRepository" storage="d:\v2.0\a1\_work\dbded102\vso\tfs\service\webaccess\projectwelcome\testscripts\tests\tfstests.projectwelcome.fileviewermodelbuilder.ts" id="6d4812df-697d-45bb-85ef-dd6fd2cf0344">
      <Execution id="ab67e323-98c7-4477-87df-865878426b13" />
      <TestMethod codeBase="d:\v2.0\a1\_work\dbded102\vso\tfs\service\webaccess\projectwelcome\testscripts\tests\tfstests.projectwelcome.fileviewermodelbuilder.ts" adapterTypeName="Microsoft.VisualStudio.TestTools.TestTypes.Unit.UnitTestAdapter" className="d:\v2.0\a1\_work\dbded102\vso\tfs\service\webaccess\projectwelcome\testscripts\tests\tfstests.projectwelcome.fileviewermodelbuilder.ts::tfstests.projectwelcome" name="TFSTests.ProjectWelcome.GitFileViewerModelBuilder CreateDefaultContentModelForNonDefaultRepository" />
    </UnitTest>
    <UnitTest name="TFSTests.ProjectWelcome.GitFileViewerModelBuilder CreateDefaultContentModelForDefaultRepositoryWhichDoesNotExist" storage="d:\v2.0\a1\_work\dbded102\vso\tfs\service\webaccess\projectwelcome\testscripts\tests\tfstests.projectwelcome.fileviewermodelbuilder.ts" id="ef81b2b9-0720-4c49-bef9-f15f5d7a1543">
      <Execution id="a18df9ca-e87e-425d-8d93-e1ef63dc1efa" />
      <TestMethod codeBase="d:\v2.0\a1\_work\dbded102\vso\tfs\service\webaccess\projectwelcome\testscripts\tests\tfstests.projectwelcome.fileviewermodelbuilder.ts" adapterTypeName="Microsoft.VisualStudio.TestTools.TestTypes.Unit.UnitTestAdapter" className="d:\v2.0\a1\_work\dbded102\vso\tfs\service\webaccess\projectwelcome\testscripts\tests\tfstests.projectwelcome.fileviewermodelbuilder.ts::tfstests.projectwelcome" name="TFSTests.ProjectWelcome.GitFileViewerModelBuilder CreateDefaultContentModelForDefaultRepositoryWhichDoesNotExist" />
    </UnitTest>
    <UnitTest name="TFSTests.ProjectWelcome.GitFileViewerModelBuilder CreateDefaultContentModelForDefaultRepository" storage="d:\v2.0\a1\_work\dbded102\vso\tfs\service\webaccess\projectwelcome\testscripts\tests\tfstests.projectwelcome.fileviewermodelbuilder.ts" id="47bc4316-b833-4896-a696-20cd9a8daae8">
      <Execution id="bfd526cd-3b46-4ce7-9fad-b21d1d3c5e89" />
      <TestMethod codeBase="d:\v2.0\a1\_work\dbded102\vso\tfs\service\webaccess\projectwelcome\testscripts\tests\tfstests.projectwelcome.fileviewermodelbuilder.ts" adapterTypeName="Microsoft.VisualStudio.TestTools.TestTypes.Unit.UnitTestAdapter" className="d:\v2.0\a1\_work\dbded102\vso\tfs\service\webaccess\projectwelcome\testscripts\tests\tfstests.projectwelcome.fileviewermodelbuilder.ts::tfstests.projectwelcome" name="TFSTests.ProjectWelcome.GitFileViewerModelBuilder CreateDefaultContentModelForDefaultRepository" />
    </UnitTest>
    <UnitTest name="TFSTests.ProjectWelcome.TfvcFileViewerModelBuilder UsesFileParentToDetermineProjectName" storage="d:\v2.0\a1\_work\dbded102\vso\tfs\service\webaccess\projectwelcome\testscripts\tests\tfstests.projectwelcome.fileviewermodelbuilder.ts" id="4ef44e2b-1c3b-4f38-9e47-80a97929e0ea">
      <Execution id="272859cb-2119-4b2a-89bf-eab1a614df82" />
      <TestMethod codeBase="d:\v2.0\a1\_work\dbded102\vso\tfs\service\webaccess\projectwelcome\testscripts\tests\tfstests.projectwelcome.fileviewermodelbuilder.ts" adapterTypeName="Microsoft.VisualStudio.TestTools.TestTypes.Unit.UnitTestAdapter" className="d:\v2.0\a1\_work\dbded102\vso\tfs\service\webaccess\projectwelcome\testscripts\tests\tfstests.projectwelcome.fileviewermodelbuilder.ts::tfstests.projectwelcome" name="TFSTests.ProjectWelcome.TfvcFileViewerModelBuilder UsesFileParentToDetermineProjectName" />
    </UnitTest>
    <UnitTest name="TFSTests.ProjectWelcome.TfvcFileViewerModelBuilder WhenNoFileParentNameThenError" storage="d:\v2.0\a1\_work\dbded102\vso\tfs\service\webaccess\projectwelcome\testscripts\tests\tfstests.projectwelcome.fileviewermodelbuilder.ts" id="c692588d-6696-4772-ba83-6fabf118944c">
      <Execution id="edc43ed3-a9f0-4201-94be-5b0e8d020388" />
      <TestMethod codeBase="d:\v2.0\a1\_work\dbded102\vso\tfs\service\webaccess\projectwelcome\testscripts\tests\tfstests.projectwelcome.fileviewermodelbuilder.ts" adapterTypeName="Microsoft.VisualStudio.TestTools.TestTypes.Unit.UnitTestAdapter" className="d:\v2.0\a1\_work\dbded102\vso\tfs\service\webaccess\projectwelcome\testscripts\tests\tfstests.projectwelcome.fileviewermodelbuilder.ts::tfstests.projectwelcome" name="TFSTests.ProjectWelcome.TfvcFileViewerModelBuilder WhenNoFileParentNameThenError" />
    </UnitTest>
    <UnitTest name="TFSTests.ProjectWelcome.TfvcFileViewerModelBuilder GeneratesTfvcPathForDefaultReadme" storage="d:\v2.0\a1\_work\dbded102\vso\tfs\service\webaccess\projectwelcome\testscripts\tests\tfstests.projectwelcome.fileviewermodelbuilder.ts" id="604a30c7-5d74-4997-ae6f-994ba70e57b2">
      <Execution id="04e451ab-fd37-4c85-8356-c2f431afaf5e" />
      <TestMethod codeBase="d:\v2.0\a1\_work\dbded102\vso\tfs\service\webaccess\projectwelcome\testscripts\tests\tfstests.projectwelcome.fileviewermodelbuilder.ts" adapterTypeName="Microsoft.VisualStudio.TestTools.TestTypes.Unit.UnitTestAdapter" className="d:\v2.0\a1\_work\dbded102\vso\tfs\service\webaccess\projectwelcome\testscripts\tests\tfstests.projectwelcome.fileviewermodelbuilder.ts::tfstests.projectwelcome" name="TFSTests.ProjectWelcome.TfvcFileViewerModelBuilder GeneratesTfvcPathForDefaultReadme" />
    </UnitTest>
    <UnitTest name="TFSTests.ProjectWelcome.TfvcFileViewerModelBuilder GetVersionNameReturnsUndefinedResult" storage="d:\v2.0\a1\_work\dbded102\vso\tfs\service\webaccess\projectwelcome\testscripts\tests\tfstests.projectwelcome.fileviewermodelbuilder.ts" id="4b1d1c30-ff91-47a7-9f43-c9a491f88b84">
      <Execution id="c3eaf08e-6c8a-4675-a7c1-22889b9f6247" />
      <TestMethod codeBase="d:\v2.0\a1\_work\dbded102\vso\tfs\service\webaccess\projectwelcome\testscripts\tests\tfstests.projectwelcome.fileviewermodelbuilder.ts" adapterTypeName="Microsoft.VisualStudio.TestTools.TestTypes.Unit.UnitTestAdapter" className="d:\v2.0\a1\_work\dbded102\vso\tfs\service\webaccess\projectwelcome\testscripts\tests\tfstests.projectwelcome.fileviewermodelbuilder.ts::tfstests.projectwelcome" name="TFSTests.ProjectWelcome.TfvcFileViewerModelBuilder GetVersionNameReturnsUndefinedResult" />
    </UnitTest>
    <UnitTest name="TFSTests.ProjectWelcome.TfvcFileViewerModelBuilder WhenFileExistsThenSetsNewItemFalseAndDoNotSetDefaultContent" storage="d:\v2.0\a1\_work\dbded102\vso\tfs\service\webaccess\projectwelcome\testscripts\tests\tfstests.projectwelcome.fileviewermodelbuilder.ts" id="4621da05-5329-4bb4-bda3-5871b797ca59">
      <Execution id="3d80acf1-9573-454b-9a71-60166bdac853" />
      <TestMethod codeBase="d:\v2.0\a1\_work\dbded102\vso\tfs\service\webaccess\projectwelcome\testscripts\tests\tfstests.projectwelcome.fileviewermodelbuilder.ts" adapterTypeName="Microsoft.VisualStudio.TestTools.TestTypes.Unit.UnitTestAdapter" className="d:\v2.0\a1\_work\dbded102\vso\tfs\service\webaccess\projectwelcome\testscripts\tests\tfstests.projectwelcome.fileviewermodelbuilder.ts::tfstests.projectwelcome" name="TFSTests.ProjectWelcome.TfvcFileViewerModelBuilder WhenFileExistsThenSetsNewItemFalseAndDoNotSetDefaultContent" />
    </UnitTest>
    <UnitTest name="TFSTests.ProjectWelcome.TfvcFileViewerModelBuilder WhenFileDoesNotExistThenSetsNewItemAndSetDefaultContent" storage="d:\v2.0\a1\_work\dbded102\vso\tfs\service\webaccess\projectwelcome\testscripts\tests\tfstests.projectwelcome.fileviewermodelbuilder.ts" id="d85bdf03-c64a-46c7-841d-9ba02302eb3c">
      <Execution id="e89fcec9-2d80-4932-9cc0-c81c23ab83d8" />
      <TestMethod codeBase="d:\v2.0\a1\_work\dbded102\vso\tfs\service\webaccess\projectwelcome\testscripts\tests\tfstests.projectwelcome.fileviewermodelbuilder.ts" adapterTypeName="Microsoft.VisualStudio.TestTools.TestTypes.Unit.UnitTestAdapter" className="d:\v2.0\a1\_work\dbded102\vso\tfs\service\webaccess\projectwelcome\testscripts\tests\tfstests.projectwelcome.fileviewermodelbuilder.ts::tfstests.projectwelcome" name="TFSTests.ProjectWelcome.TfvcFileViewerModelBuilder WhenFileDoesNotExistThenSetsNewItemAndSetDefaultContent" />
    </UnitTest>
    <UnitTest name="TFSTests.ProjectWelcome.TfvcFileViewerModelBuilder WhenNoItemFoundThenSetsNewItemAndSetDefaultContent" storage="d:\v2.0\a1\_work\dbded102\vso\tfs\service\webaccess\projectwelcome\testscripts\tests\tfstests.projectwelcome.fileviewermodelbuilder.ts" id="121bcd6f-6c1e-4309-88d2-dad3c0ad9346">
      <Execution id="a2b4299c-c94a-4077-985b-ed94f5280f39" />
      <TestMethod codeBase="d:\v2.0\a1\_work\dbded102\vso\tfs\service\webaccess\projectwelcome\testscripts\tests\tfstests.projectwelcome.fileviewermodelbuilder.ts" adapterTypeName="Microsoft.VisualStudio.TestTools.TestTypes.Unit.UnitTestAdapter" className="d:\v2.0\a1\_work\dbded102\vso\tfs\service\webaccess\projectwelcome\testscripts\tests\tfstests.projectwelcome.fileviewermodelbuilder.ts::tfstests.projectwelcome" name="TFSTests.ProjectWelcome.TfvcFileViewerModelBuilder WhenNoItemFoundThenSetsNewItemAndSetDefaultContent" />
    </UnitTest>
    <UnitTest name="TFSTests.ProjectWelcome.TfvcFileViewerModelBuilder WhenItemErrorAndDocumentUnknownStateThenSetDocumentNotExistStateAndReturnDefaultConent" storage="d:\v2.0\a1\_work\dbded102\vso\tfs\service\webaccess\projectwelcome\testscripts\tests\tfstests.projectwelcome.fileviewermodelbuilder.ts" id="e8c45feb-06de-4110-ac68-d548da17ef5b">
      <Execution id="c68533cc-4fd1-42b6-ab95-6027243b25f4" />
      <TestMethod codeBase="d:\v2.0\a1\_work\dbded102\vso\tfs\service\webaccess\projectwelcome\testscripts\tests\tfstests.projectwelcome.fileviewermodelbuilder.ts" adapterTypeName="Microsoft.VisualStudio.TestTools.TestTypes.Unit.UnitTestAdapter" className="d:\v2.0\a1\_work\dbded102\vso\tfs\service\webaccess\projectwelcome\testscripts\tests\tfstests.projectwelcome.fileviewermodelbuilder.ts::tfstests.projectwelcome" name="TFSTests.ProjectWelcome.TfvcFileViewerModelBuilder WhenItemErrorAndDocumentUnknownStateThenSetDocumentNotExistStateAndReturnDefaultConent" />
    </UnitTest>
    <UnitTest name="TFSTests.ProjectWelcome.TfvcFileViewerModelBuilder WhenItemErrorAndDocumentExistsThenRejectAndSendErrorObject" storage="d:\v2.0\a1\_work\dbded102\vso\tfs\service\webaccess\projectwelcome\testscripts\tests\tfstests.projectwelcome.fileviewermodelbuilder.ts" id="2c271f31-d0cc-47e4-9165-586098a1ed66">
      <Execution id="71e7ad48-4f25-4c2b-b2e4-51694e81a9a5" />
      <TestMethod codeBase="d:\v2.0\a1\_work\dbded102\vso\tfs\service\webaccess\projectwelcome\testscripts\tests\tfstests.projectwelcome.fileviewermodelbuilder.ts" adapterTypeName="Microsoft.VisualStudio.TestTools.TestTypes.Unit.UnitTestAdapter" className="d:\v2.0\a1\_work\dbded102\vso\tfs\service\webaccess\projectwelcome\testscripts\tests\tfstests.projectwelcome.fileviewermodelbuilder.ts::tfstests.projectwelcome" name="TFSTests.ProjectWelcome.TfvcFileViewerModelBuilder WhenItemErrorAndDocumentExistsThenRejectAndSendErrorObject" />
    </UnitTest>
    <UnitTest name="TFSTests.ProjectWelcome.TfvcFileViewerModelBuilder CreateDefaultContentModel" storage="d:\v2.0\a1\_work\dbded102\vso\tfs\service\webaccess\projectwelcome\testscripts\tests\tfstests.projectwelcome.fileviewermodelbuilder.ts" id="01b0f584-820a-4c22-b926-b659679e37b5">
      <Execution id="1bc6b201-04ac-4da0-be49-26260673e460" />
      <TestMethod codeBase="d:\v2.0\a1\_work\dbded102\vso\tfs\service\webaccess\projectwelcome\testscripts\tests\tfstests.projectwelcome.fileviewermodelbuilder.ts" adapterTypeName="Microsoft.VisualStudio.TestTools.TestTypes.Unit.UnitTestAdapter" className="d:\v2.0\a1\_work\dbded102\vso\tfs\service\webaccess\projectwelcome\testscripts\tests\tfstests.projectwelcome.fileviewermodelbuilder.ts::tfstests.projectwelcome" name="TFSTests.ProjectWelcome.TfvcFileViewerModelBuilder CreateDefaultContentModel" />
    </UnitTest>
    <UnitTest name="TFSTests.GitDocumentProviderTests BeginGetProjectRepositoriesCreatesFakeProjectRepositoryIfItDoesNotExist" storage="d:\v2.0\a1\_work\dbded102\vso\tfs\service\webaccess\projectwelcome\testscripts\tests\tfstests.projectwelcome.welcomeproviders.ts" id="21055e07-77e2-4b06-ac6a-3d927bae7f8b">
      <Execution id="8c341a0e-9c9a-4569-a4d6-2286570d5e8b" />
      <TestMethod codeBase="d:\v2.0\a1\_work\dbded102\vso\tfs\service\webaccess\projectwelcome\testscripts\tests\tfstests.projectwelcome.welcomeproviders.ts" adapterTypeName="Microsoft.VisualStudio.TestTools.TestTypes.Unit.UnitTestAdapter" className="d:\v2.0\a1\_work\dbded102\vso\tfs\service\webaccess\projectwelcome\testscripts\tests\tfstests.projectwelcome.welcomeproviders.ts::tfstests" name="TFSTests.GitDocumentProviderTests BeginGetProjectRepositoriesCreatesFakeProjectRepositoryIfItDoesNotExist" />
    </UnitTest>
    <UnitTest name="TFSTests.GitDocumentProviderTests BeginGetProjectRepositoriesDoesNotCreateFakeRepositoryIfItAlreadyExists" storage="d:\v2.0\a1\_work\dbded102\vso\tfs\service\webaccess\projectwelcome\testscripts\tests\tfstests.projectwelcome.welcomeproviders.ts" id="5a32bba4-d680-4b07-a81f-b2c5f54e93d0">
      <Execution id="9a9f08b3-375c-4018-aac8-5007b4cf716e" />
      <TestMethod codeBase="d:\v2.0\a1\_work\dbded102\vso\tfs\service\webaccess\projectwelcome\testscripts\tests\tfstests.projectwelcome.welcomeproviders.ts" adapterTypeName="Microsoft.VisualStudio.TestTools.TestTypes.Unit.UnitTestAdapter" className="d:\v2.0\a1\_work\dbded102\vso\tfs\service\webaccess\projectwelcome\testscripts\tests\tfstests.projectwelcome.welcomeproviders.ts::tfstests" name="TFSTests.GitDocumentProviderTests BeginGetProjectRepositoriesDoesNotCreateFakeRepositoryIfItAlreadyExists" />
    </UnitTest>
    <UnitTest name="TFSTests.TfvcDocumentProviderTests BeginGetProjectRepositoriesAlwaysReturnsOneRepo" storage="d:\v2.0\a1\_work\dbded102\vso\tfs\service\webaccess\projectwelcome\testscripts\tests\tfstests.projectwelcome.welcomeproviders.ts" id="87a6199f-bb0e-480d-997c-5542f60133d5">
      <Execution id="c9a8142b-d1a2-492f-a5d5-a94b641160f7" />
      <TestMethod codeBase="d:\v2.0\a1\_work\dbded102\vso\tfs\service\webaccess\projectwelcome\testscripts\tests\tfstests.projectwelcome.welcomeproviders.ts" adapterTypeName="Microsoft.VisualStudio.TestTools.TestTypes.Unit.UnitTestAdapter" className="d:\v2.0\a1\_work\dbded102\vso\tfs\service\webaccess\projectwelcome\testscripts\tests\tfstests.projectwelcome.welcomeproviders.ts::tfstests" name="TFSTests.TfvcDocumentProviderTests BeginGetProjectRepositoriesAlwaysReturnsOneRepo" />
    </UnitTest>
    <UnitTest name="TFSTests.ProjectWelcome.WikiLinkTransformerTests VerifyGetBrowserUriCallsGetCodeExplorerUrlForNonMarkdownFiles" storage="d:\v2.0\a1\_work\dbded102\vso\tfs\service\webaccess\projectwelcome\testscripts\tests\tfstests.projectwelcome.wikilinktransformer.ts" id="29213769-c6bf-4cd7-9044-45b42a01b127">
      <Execution id="bc9425e9-d500-44af-b6c6-6229a348305d" />
      <TestMethod codeBase="d:\v2.0\a1\_work\dbded102\vso\tfs\service\webaccess\projectwelcome\testscripts\tests\tfstests.projectwelcome.wikilinktransformer.ts" adapterTypeName="Microsoft.VisualStudio.TestTools.TestTypes.Unit.UnitTestAdapter" className="d:\v2.0\a1\_work\dbded102\vso\tfs\service\webaccess\projectwelcome\testscripts\tests\tfstests.projectwelcome.wikilinktransformer.ts::tfstests.projectwelcome" name="TFSTests.ProjectWelcome.WikiLinkTransformerTests VerifyGetBrowserUriCallsGetCodeExplorerUrlForNonMarkdownFiles" />
    </UnitTest>
    <UnitTest name="TFSTests.ProjectWelcome.WikiLinkTransformerTests VerifyGetBrowserUriCallsGetProjectWelcomeUrlForMarkdownFiles" storage="d:\v2.0\a1\_work\dbded102\vso\tfs\service\webaccess\projectwelcome\testscripts\tests\tfstests.projectwelcome.wikilinktransformer.ts" id="e9295878-83e7-4e2b-852e-eead8e5ada15">
      <Execution id="0df203fc-8bea-43c4-a22a-c9a67be598b4" />
      <TestMethod codeBase="d:\v2.0\a1\_work\dbded102\vso\tfs\service\webaccess\projectwelcome\testscripts\tests\tfstests.projectwelcome.wikilinktransformer.ts" adapterTypeName="Microsoft.VisualStudio.TestTools.TestTypes.Unit.UnitTestAdapter" className="d:\v2.0\a1\_work\dbded102\vso\tfs\service\webaccess\projectwelcome\testscripts\tests\tfstests.projectwelcome.wikilinktransformer.ts::tfstests.projectwelcome" name="TFSTests.ProjectWelcome.WikiLinkTransformerTests VerifyGetBrowserUriCallsGetProjectWelcomeUrlForMarkdownFiles" />
    </UnitTest>
    <UnitTest name="TFSTests.ProjectWelcome.ContentWidgetController ContentWidgetUpdatesViewAllLink" storage="d:\v2.0\a1\_work\dbded102\vso\tfs\service\webaccess\projectwelcome\testscripts\tests\tfstests.projectwelcome.contentwidgetcontrol.ts" id="112394e7-3637-497d-b9e7-78a2c99f7784">
      <Execution id="445995cc-3159-4ce0-a887-61ad0f36640d" />
      <TestMethod codeBase="d:\v2.0\a1\_work\dbded102\vso\tfs\service\webaccess\projectwelcome\testscripts\tests\tfstests.projectwelcome.contentwidgetcontrol.ts" adapterTypeName="Microsoft.VisualStudio.TestTools.TestTypes.Unit.UnitTestAdapter" className="d:\v2.0\a1\_work\dbded102\vso\tfs\service\webaccess\projectwelcome\testscripts\tests\tfstests.projectwelcome.contentwidgetcontrol.ts::tfstests.projectwelcome" name="TFSTests.ProjectWelcome.ContentWidgetController ContentWidgetUpdatesViewAllLink" />
    </UnitTest>
    <UnitTest name="TFSTests.ProjectWelcome.RepoListController GetRepositoryName_ReturnsRepoName_IfGitIsSupported" storage="d:\v2.0\a1\_work\dbded102\vso\tfs\service\webaccess\projectwelcome\testscripts\tests\tfstests.projectwelcome.repositorycontrol.ts" id="fc533d44-4420-4872-801d-17b8c2fcfdd7">
      <Execution id="b0a570bf-914b-4914-867e-e2d9801e74fd" />
      <TestMethod codeBase="d:\v2.0\a1\_work\dbded102\vso\tfs\service\webaccess\projectwelcome\testscripts\tests\tfstests.projectwelcome.repositorycontrol.ts" adapterTypeName="Microsoft.VisualStudio.TestTools.TestTypes.Unit.UnitTestAdapter" className="d:\v2.0\a1\_work\dbded102\vso\tfs\service\webaccess\projectwelcome\testscripts\tests\tfstests.projectwelcome.repositorycontrol.ts::tfstests.projectwelcome" name="TFSTests.ProjectWelcome.RepoListController GetRepositoryName_ReturnsRepoName_IfGitIsSupported" />
    </UnitTest>
    <UnitTest name="TFSTests.ProjectWelcome.RepoListController GetRepositoryName_ReturnsProject_IfGitIsNotSupported" storage="d:\v2.0\a1\_work\dbded102\vso\tfs\service\webaccess\projectwelcome\testscripts\tests\tfstests.projectwelcome.repositorycontrol.ts" id="6dc52baa-c3bb-4d42-a21e-02a20e3b2b0d">
      <Execution id="84f217b9-a004-4013-a7dc-743c09069ad1" />
      <TestMethod codeBase="d:\v2.0\a1\_work\dbded102\vso\tfs\service\webaccess\projectwelcome\testscripts\tests\tfstests.projectwelcome.repositorycontrol.ts" adapterTypeName="Microsoft.VisualStudio.TestTools.TestTypes.Unit.UnitTestAdapter" className="d:\v2.0\a1\_work\dbded102\vso\tfs\service\webaccess\projectwelcome\testscripts\tests\tfstests.projectwelcome.repositorycontrol.ts::tfstests.projectwelcome" name="TFSTests.ProjectWelcome.RepoListController GetRepositoryName_ReturnsProject_IfGitIsNotSupported" />
    </UnitTest>
    <UnitTest name="TFSTests.ProjectWelcome.RepoListController GetRepositoryUrl_ReturnsGitRepoName_IfGitIsSupported" storage="d:\v2.0\a1\_work\dbded102\vso\tfs\service\webaccess\projectwelcome\testscripts\tests\tfstests.projectwelcome.repositorycontrol.ts" id="33904a39-aeec-4721-9b78-772663240393">
      <Execution id="fcb5de13-1c18-4b6f-a29d-0fe33832ab4e" />
      <TestMethod codeBase="d:\v2.0\a1\_work\dbded102\vso\tfs\service\webaccess\projectwelcome\testscripts\tests\tfstests.projectwelcome.repositorycontrol.ts" adapterTypeName="Microsoft.VisualStudio.TestTools.TestTypes.Unit.UnitTestAdapter" className="d:\v2.0\a1\_work\dbded102\vso\tfs\service\webaccess\projectwelcome\testscripts\tests\tfstests.projectwelcome.repositorycontrol.ts::tfstests.projectwelcome" name="TFSTests.ProjectWelcome.RepoListController GetRepositoryUrl_ReturnsGitRepoName_IfGitIsSupported" />
    </UnitTest>
    <UnitTest name="TFSTests.ProjectWelcome.RepoListController GetRepositoryUrl_ReturnsVersionControl_IfGitIsNotSupported" storage="d:\v2.0\a1\_work\dbded102\vso\tfs\service\webaccess\projectwelcome\testscripts\tests\tfstests.projectwelcome.repositorycontrol.ts" id="c3d8e6b2-fbea-47e7-918b-c9148e03ed44">
      <Execution id="40e48c97-6e6d-45ca-b066-4d08087b135d" />
      <TestMethod codeBase="d:\v2.0\a1\_work\dbded102\vso\tfs\service\webaccess\projectwelcome\testscripts\tests\tfstests.projectwelcome.repositorycontrol.ts" adapterTypeName="Microsoft.VisualStudio.TestTools.TestTypes.Unit.UnitTestAdapter" className="d:\v2.0\a1\_work\dbded102\vso\tfs\service\webaccess\projectwelcome\testscripts\tests\tfstests.projectwelcome.repositorycontrol.ts::tfstests.projectwelcome" name="TFSTests.ProjectWelcome.RepoListController GetRepositoryUrl_ReturnsVersionControl_IfGitIsNotSupported" />
    </UnitTest>
  </TestDefinitions>
  <TestEntries>
    <TestEntry testId="34ab0891-72cc-4c5a-8b9f-5293cf131992" executionId="863a094a-5930-4ae7-890d-e667d79a6c22" testListId="8c84fa94-04c1-424b-9868-57a2d4851a1d" />
    <TestEntry testId="d3910bc7-4d16-40f2-8623-a1e7e852cdf9" executionId="08e478ab-e77e-4838-9ad3-45c06a851a75" testListId="8c84fa94-04c1-424b-9868-57a2d4851a1d" />
    <TestEntry testId="0a965a95-31b5-4579-9da5-430cdad9c182" executionId="47b73f08-7b90-4c63-9eee-4526f3a722c9" testListId="8c84fa94-04c1-424b-9868-57a2d4851a1d" />
    <TestEntry testId="91c31074-ec7c-4bee-9752-cafb0cb4bfac" executionId="94ae48dc-d636-4f8d-af34-f9492b317f52" testListId="8c84fa94-04c1-424b-9868-57a2d4851a1d" />
    <TestEntry testId="aaf78a68-7abb-4a7b-9665-5d8eba037ab0" executionId="18911089-fa8a-4932-a66f-b5493c112775" testListId="8c84fa94-04c1-424b-9868-57a2d4851a1d" />
    <TestEntry testId="ee49efa7-a10d-4ec3-b7d5-692d5e0ea9b9" executionId="09e4d33f-7661-4d92-8cae-00e1c7c20c1e" testListId="8c84fa94-04c1-424b-9868-57a2d4851a1d" />
    <TestEntry testId="3e5641aa-cbaf-4c34-9c3a-b56f1c0c3723" executionId="27587b64-4bcf-41d1-abe5-0026b0fc7cad" testListId="8c84fa94-04c1-424b-9868-57a2d4851a1d" />
    <TestEntry testId="60d257f2-d6d3-481d-9981-2bcd762b530a" executionId="82f4c775-f07c-4cdb-b8d5-3b1dfbee5093" testListId="8c84fa94-04c1-424b-9868-57a2d4851a1d" />
    <TestEntry testId="91fb3382-6a73-49ce-b365-333b0438a560" executionId="e46f54c1-930d-41ff-9f83-dcc44f23359c" testListId="8c84fa94-04c1-424b-9868-57a2d4851a1d" />
    <TestEntry testId="236f4881-d8dc-4a69-8a2b-619c46b2dcbf" executionId="f418c216-5974-44cf-96ba-d98ca2402e7b" testListId="8c84fa94-04c1-424b-9868-57a2d4851a1d" />
    <TestEntry testId="7fe0c9e9-e641-4e74-8442-c5bc000e79ef" executionId="b66c25e2-65d8-4984-96e7-56df619da20a" testListId="8c84fa94-04c1-424b-9868-57a2d4851a1d" />
    <TestEntry testId="ad201c75-54ca-4323-99fb-e9369577bbea" executionId="a96caa55-9de5-4956-8863-a8c46978d5b2" testListId="8c84fa94-04c1-424b-9868-57a2d4851a1d" />
    <TestEntry testId="0697978b-63cb-4a70-a63b-05319212defa" executionId="13d00cb8-4c61-462b-a799-c568ea65a2ff" testListId="8c84fa94-04c1-424b-9868-57a2d4851a1d" />
    <TestEntry testId="cef9f4a1-63c4-4233-a780-4e93c362d3cb" executionId="a95fd966-15c6-493f-a8ea-84f711d65c2d" testListId="8c84fa94-04c1-424b-9868-57a2d4851a1d" />
    <TestEntry testId="dc4784f1-37d9-4648-84e7-b880816d7f50" executionId="f6449176-40a8-48c7-be1e-1fa9a55f9bc3" testListId="8c84fa94-04c1-424b-9868-57a2d4851a1d" />
    <TestEntry testId="6d4812df-697d-45bb-85ef-dd6fd2cf0344" executionId="ab67e323-98c7-4477-87df-865878426b13" testListId="8c84fa94-04c1-424b-9868-57a2d4851a1d" />
    <TestEntry testId="ef81b2b9-0720-4c49-bef9-f15f5d7a1543" executionId="a18df9ca-e87e-425d-8d93-e1ef63dc1efa" testListId="8c84fa94-04c1-424b-9868-57a2d4851a1d" />
    <TestEntry testId="47bc4316-b833-4896-a696-20cd9a8daae8" executionId="bfd526cd-3b46-4ce7-9fad-b21d1d3c5e89" testListId="8c84fa94-04c1-424b-9868-57a2d4851a1d" />
    <TestEntry testId="4ef44e2b-1c3b-4f38-9e47-80a97929e0ea" executionId="272859cb-2119-4b2a-89bf-eab1a614df82" testListId="8c84fa94-04c1-424b-9868-57a2d4851a1d" />
    <TestEntry testId="c692588d-6696-4772-ba83-6fabf118944c" executionId="edc43ed3-a9f0-4201-94be-5b0e8d020388" testListId="8c84fa94-04c1-424b-9868-57a2d4851a1d" />
    <TestEntry testId="604a30c7-5d74-4997-ae6f-994ba70e57b2" executionId="04e451ab-fd37-4c85-8356-c2f431afaf5e" testListId="8c84fa94-04c1-424b-9868-57a2d4851a1d" />
    <TestEntry testId="4b1d1c30-ff91-47a7-9f43-c9a491f88b84" executionId="c3eaf08e-6c8a-4675-a7c1-22889b9f6247" testListId="8c84fa94-04c1-424b-9868-57a2d4851a1d" />
    <TestEntry testId="4621da05-5329-4bb4-bda3-5871b797ca59" executionId="3d80acf1-9573-454b-9a71-60166bdac853" testListId="8c84fa94-04c1-424b-9868-57a2d4851a1d" />
    <TestEntry testId="d85bdf03-c64a-46c7-841d-9ba02302eb3c" executionId="e89fcec9-2d80-4932-9cc0-c81c23ab83d8" testListId="8c84fa94-04c1-424b-9868-57a2d4851a1d" />
    <TestEntry testId="121bcd6f-6c1e-4309-88d2-dad3c0ad9346" executionId="a2b4299c-c94a-4077-985b-ed94f5280f39" testListId="8c84fa94-04c1-424b-9868-57a2d4851a1d" />
    <TestEntry testId="e8c45feb-06de-4110-ac68-d548da17ef5b" executionId="c68533cc-4fd1-42b6-ab95-6027243b25f4" testListId="8c84fa94-04c1-424b-9868-57a2d4851a1d" />
    <TestEntry testId="2c271f31-d0cc-47e4-9165-586098a1ed66" executionId="71e7ad48-4f25-4c2b-b2e4-51694e81a9a5" testListId="8c84fa94-04c1-424b-9868-57a2d4851a1d" />
    <TestEntry testId="01b0f584-820a-4c22-b926-b659679e37b5" executionId="1bc6b201-04ac-4da0-be49-26260673e460" testListId="8c84fa94-04c1-424b-9868-57a2d4851a1d" />
    <TestEntry testId="21055e07-77e2-4b06-ac6a-3d927bae7f8b" executionId="8c341a0e-9c9a-4569-a4d6-2286570d5e8b" testListId="8c84fa94-04c1-424b-9868-57a2d4851a1d" />
    <TestEntry testId="5a32bba4-d680-4b07-a81f-b2c5f54e93d0" executionId="9a9f08b3-375c-4018-aac8-5007b4cf716e" testListId="8c84fa94-04c1-424b-9868-57a2d4851a1d" />
    <TestEntry testId="87a6199f-bb0e-480d-997c-5542f60133d5" executionId="c9a8142b-d1a2-492f-a5d5-a94b641160f7" testListId="8c84fa94-04c1-424b-9868-57a2d4851a1d" />
    <TestEntry testId="29213769-c6bf-4cd7-9044-45b42a01b127" executionId="bc9425e9-d500-44af-b6c6-6229a348305d" testListId="8c84fa94-04c1-424b-9868-57a2d4851a1d" />
    <TestEntry testId="e9295878-83e7-4e2b-852e-eead8e5ada15" executionId="0df203fc-8bea-43c4-a22a-c9a67be598b4" testListId="8c84fa94-04c1-424b-9868-57a2d4851a1d" />
    <TestEntry testId="112394e7-3637-497d-b9e7-78a2c99f7784" executionId="445995cc-3159-4ce0-a887-61ad0f36640d" testListId="8c84fa94-04c1-424b-9868-57a2d4851a1d" />
    <TestEntry testId="fc533d44-4420-4872-801d-17b8c2fcfdd7" executionId="b0a570bf-914b-4914-867e-e2d9801e74fd" testListId="8c84fa94-04c1-424b-9868-57a2d4851a1d" />
    <TestEntry testId="6dc52baa-c3bb-4d42-a21e-02a20e3b2b0d" executionId="84f217b9-a004-4013-a7dc-743c09069ad1" testListId="8c84fa94-04c1-424b-9868-57a2d4851a1d" />
    <TestEntry testId="33904a39-aeec-4721-9b78-772663240393" executionId="fcb5de13-1c18-4b6f-a29d-0fe33832ab4e" testListId="8c84fa94-04c1-424b-9868-57a2d4851a1d" />
    <TestEntry testId="c3d8e6b2-fbea-47e7-918b-c9148e03ed44" executionId="40e48c97-6e6d-45ca-b066-4d08087b135d" testListId="8c84fa94-04c1-424b-9868-57a2d4851a1d" />
  </TestEntries>
  <TestLists>
    <TestList name="Results Not in a List" id="8c84fa94-04c1-424b-9868-57a2d4851a1d" />
    <TestList name="All Loaded Results" id="19431567-8539-422a-85d7-44ee4e166bda" />
  </TestLists>
  <ResultSummary outcome="Completed">
    <Counters total="38" executed="38" passed="38" failed="0" error="0" timeout="0" aborted="0" inconclusive="0" passedButRunAborted="0" notRunnable="0" notExecuted="0" disconnected="0" warning="0" completed="0" inProgress="0" pending="0" />
  </ResultSummary>
</TestRun>