<?xml version="1.0" encoding="UTF-8"?>
<TestRun id="b1970ea7-5ec1-48a8-ae5c-d8fdeb5a5b4f" name="tfsmladm@TFSBUILD11 2015-09-28 09:43:26" runUser="REDMOND\tfsmladm" xmlns="http://microsoft.com/schemas/VisualStudio/TeamTest/2010">
  <Times creation="2015-09-28T09:43:26.2964121-07:00" queuing="2015-09-28T09:43:26.2964121-07:00" start="2015-09-28T09:43:26.2964121-07:00" finish="2015-09-28T09:43:26.3432907-07:00" />
  <TestSettings name="default" id="d7e7bf26-6010-4a05-8691-d78835cafb22">
    <Execution>
      <TestTypeSpecific />
    </Execution>
    <Deployment runDeploymentRoot="tfsmladm_TFSBUILD11 2015-09-28 09_43_26" />
    <Properties />
  </TestSettings>
  <Results>
    <UnitTestResult executionId="ae057855-6045-4609-8ce1-096aed1913a6" testId="7b32d62a-ed66-1331-a75c-f0e031fce601" testName="VerifySpecicalNamesForQueryFolderAndQueryWorks" computerName="TFSBUILD11" duration="00:00:00.0200129" startTime="2015-09-28T09:43:26.1714029-07:00" endTime="2015-09-28T09:43:26.2339082-07:00" testType="13cdc9d9-ddb5-4fa4-a97d-d965ccfc6d4b" outcome="Passed" testListId="8c84fa94-04c1-424b-9868-57a2d4851a1d" relativeResultsDirectory="ae057855-6045-4609-8ce1-096aed1913a6" />
    <UnitTestResult executionId="d6fc4919-9b0d-419e-bfdf-a5d71fbc2cf0" testId="2a3628c7-b33c-ffeb-2a52-31f25585a12a" testName="VerifyCheckNameMethodTrimNames" computerName="TFSBUILD11" duration="00:00:00.0001442" startTime="2015-09-28T09:43:26.2339082-07:00" endTime="2015-09-28T09:43:26.2339082-07:00" testType="13cdc9d9-ddb5-4fa4-a97d-d965ccfc6d4b" outcome="Passed" testListId="8c84fa94-04c1-424b-9868-57a2d4851a1d" relativeResultsDirectory="d6fc4919-9b0d-419e-bfdf-a5d71fbc2cf0" />
    <UnitTestResult executionId="8dcb4d0e-d9a6-49ff-8d97-d63a02ec6145" testId="6d4e20a4-70b1-1f86-8a55-18fbd729b6fb" testName="VerifyExceptionThrownForLongNames" computerName="TFSBUILD11" duration="00:00:00.0029297" startTime="2015-09-28T09:43:26.2339082-07:00" endTime="2015-09-28T09:43:26.2495344-07:00" testType="13cdc9d9-ddb5-4fa4-a97d-d965ccfc6d4b" outcome="Passed" testListId="8c84fa94-04c1-424b-9868-57a2d4851a1d" relativeResultsDirectory="8dcb4d0e-d9a6-49ff-8d97-d63a02ec6145" />
    <UnitTestResult executionId="d7e81298-494c-4793-b967-710b06f77df2" testId="4ed5baeb-92c0-8d21-2eae-20ab828c4d49" testName="VerifyExceptionThrownForInvalidChars" computerName="TFSBUILD11" duration="00:00:00.0004073" startTime="2015-09-28T09:43:26.2495344-07:00" endTime="2015-09-28T09:43:26.2495344-07:00" testType="13cdc9d9-ddb5-4fa4-a97d-d965ccfc6d4b" outcome="Passed" testListId="8c84fa94-04c1-424b-9868-57a2d4851a1d" relativeResultsDirectory="d7e81298-494c-4793-b967-710b06f77df2" />
    <UnitTestResult executionId="2b2b3b15-697d-4bd0-b830-78e2d6e9ec87" testId="5c07a20c-757d-d947-a32d-7a856b500aca" testName="VerifyExceptionThrownForEmptyName" computerName="TFSBUILD11" duration="00:00:00.0003197" startTime="2015-09-28T09:43:26.2495344-07:00" endTime="2015-09-28T09:43:26.2495344-07:00" testType="13cdc9d9-ddb5-4fa4-a97d-d965ccfc6d4b" outcome="Passed" testListId="8c84fa94-04c1-424b-9868-57a2d4851a1d" relativeResultsDirectory="2b2b3b15-697d-4bd0-b830-78e2d6e9ec87" />
  </Results>
  <TestDefinitions>
    <UnitTest name="VerifySpecicalNamesForQueryFolderAndQueryWorks" storage="d:\v2.0\a1\_work\dbded102\bin\release.anycpu\tfs.extendedclient\ms.tf.workitemtracking.common.l0.tests\ms.tf.workitemtracking.common.l0.tests.dll" id="7b32d62a-ed66-1331-a75c-f0e031fce601">
      <Execution id="ae057855-6045-4609-8ce1-096aed1913a6" />
      <TestMethod codeBase="D:\v2.0\A1\_work\dbded102\bin\Release.AnyCPU\Tfs.ExtendedClient\MS.TF.WorkItemTracking.Common.L0.Tests\MS.TF.WorkItemTracking.Common.L0.Tests.dll" adapterTypeName="Microsoft.VisualStudio.TestTools.TestTypes.Unit.UnitTestAdapter" className="MS.TF.Test.WorkItemTracking.Common.L0.Tests.QueryItemHelperTests" name="VerifySpecicalNamesForQueryFolderAndQueryWorks" />
    </UnitTest>
    <UnitTest name="VerifyCheckNameMethodTrimNames" storage="d:\v2.0\a1\_work\dbded102\bin\release.anycpu\tfs.extendedclient\ms.tf.workitemtracking.common.l0.tests\ms.tf.workitemtracking.common.l0.tests.dll" id="2a3628c7-b33c-ffeb-2a52-31f25585a12a">
      <Execution id="d6fc4919-9b0d-419e-bfdf-a5d71fbc2cf0" />
      <TestMethod codeBase="D:\v2.0\A1\_work\dbded102\bin\Release.AnyCPU\Tfs.ExtendedClient\MS.TF.WorkItemTracking.Common.L0.Tests\MS.TF.WorkItemTracking.Common.L0.Tests.dll" adapterTypeName="Microsoft.VisualStudio.TestTools.TestTypes.Unit.UnitTestAdapter" className="MS.TF.Test.WorkItemTracking.Common.L0.Tests.QueryItemHelperTests" name="VerifyCheckNameMethodTrimNames" />
    </UnitTest>
    <UnitTest name="VerifyExceptionThrownForLongNames" storage="d:\v2.0\a1\_work\dbded102\bin\release.anycpu\tfs.extendedclient\ms.tf.workitemtracking.common.l0.tests\ms.tf.workitemtracking.common.l0.tests.dll" id="6d4e20a4-70b1-1f86-8a55-18fbd729b6fb">
      <Execution id="8dcb4d0e-d9a6-49ff-8d97-d63a02ec6145" />
      <TestMethod codeBase="D:\v2.0\A1\_work\dbded102\bin\Release.AnyCPU\Tfs.ExtendedClient\MS.TF.WorkItemTracking.Common.L0.Tests\MS.TF.WorkItemTracking.Common.L0.Tests.dll" adapterTypeName="Microsoft.VisualStudio.TestTools.TestTypes.Unit.UnitTestAdapter" className="MS.TF.Test.WorkItemTracking.Common.L0.Tests.QueryItemHelperTests" name="VerifyExceptionThrownForLongNames" />
    </UnitTest>
    <UnitTest name="VerifyExceptionThrownForInvalidChars" storage="d:\v2.0\a1\_work\dbded102\bin\release.anycpu\tfs.extendedclient\ms.tf.workitemtracking.common.l0.tests\ms.tf.workitemtracking.common.l0.tests.dll" id="4ed5baeb-92c0-8d21-2eae-20ab828c4d49">
      <Execution id="d7e81298-494c-4793-b967-710b06f77df2" />
      <TestMethod codeBase="D:\v2.0\A1\_work\dbded102\bin\Release.AnyCPU\Tfs.ExtendedClient\MS.TF.WorkItemTracking.Common.L0.Tests\MS.TF.WorkItemTracking.Common.L0.Tests.dll" adapterTypeName="Microsoft.VisualStudio.TestTools.TestTypes.Unit.UnitTestAdapter" className="MS.TF.Test.WorkItemTracking.Common.L0.Tests.QueryItemHelperTests" name="VerifyExceptionThrownForInvalidChars" />
    </UnitTest>
    <UnitTest name="VerifyExceptionThrownForEmptyName" storage="d:\v2.0\a1\_work\dbded102\bin\release.anycpu\tfs.extendedclient\ms.tf.workitemtracking.common.l0.tests\ms.tf.workitemtracking.common.l0.tests.dll" id="5c07a20c-757d-d947-a32d-7a856b500aca">
      <Execution id="2b2b3b15-697d-4bd0-b830-78e2d6e9ec87" />
      <TestMethod codeBase="D:\v2.0\A1\_work\dbded102\bin\Release.AnyCPU\Tfs.ExtendedClient\MS.TF.WorkItemTracking.Common.L0.Tests\MS.TF.WorkItemTracking.Common.L0.Tests.dll" adapterTypeName="Microsoft.VisualStudio.TestTools.TestTypes.Unit.UnitTestAdapter" className="MS.TF.Test.WorkItemTracking.Common.L0.Tests.QueryItemHelperTests" name="VerifyExceptionThrownForEmptyName" />
    </UnitTest>
  </TestDefinitions>
  <TestEntries>
    <TestEntry testId="7b32d62a-ed66-1331-a75c-f0e031fce601" executionId="ae057855-6045-4609-8ce1-096aed1913a6" testListId="8c84fa94-04c1-424b-9868-57a2d4851a1d" />
    <TestEntry testId="2a3628c7-b33c-ffeb-2a52-31f25585a12a" executionId="d6fc4919-9b0d-419e-bfdf-a5d71fbc2cf0" testListId="8c84fa94-04c1-424b-9868-57a2d4851a1d" />
    <TestEntry testId="6d4e20a4-70b1-1f86-8a55-18fbd729b6fb" executionId="8dcb4d0e-d9a6-49ff-8d97-d63a02ec6145" testListId="8c84fa94-04c1-424b-9868-57a2d4851a1d" />
    <TestEntry testId="4ed5baeb-92c0-8d21-2eae-20ab828c4d49" executionId="d7e81298-494c-4793-b967-710b06f77df2" testListId="8c84fa94-04c1-424b-9868-57a2d4851a1d" />
    <TestEntry testId="5c07a20c-757d-d947-a32d-7a856b500aca" executionId="2b2b3b15-697d-4bd0-b830-78e2d6e9ec87" testListId="8c84fa94-04c1-424b-9868-57a2d4851a1d" />
  </TestEntries>
  <TestLists>
    <TestList name="Results Not in a List" id="8c84fa94-04c1-424b-9868-57a2d4851a1d" />
    <TestList name="All Loaded Results" id="19431567-8539-422a-85d7-44ee4e166bda" />
  </TestLists>
  <ResultSummary outcome="Completed">
    <Counters total="5" executed="5" passed="5" failed="0" error="0" timeout="0" aborted="0" inconclusive="0" passedButRunAborted="0" notRunnable="0" notExecuted="0" disconnected="0" warning="0" completed="0" inProgress="0" pending="0" />
  </ResultSummary>
</TestRun>