<?xml version="1.0" encoding="UTF-8"?>
<TestRun id="6b0b35e4-069d-4648-b370-3e69605a0c8a" name="tfsmladm@TFSBUILD11 2015-09-28 09:43:23" runUser="REDMOND\tfsmladm" xmlns="http://microsoft.com/schemas/VisualStudio/TeamTest/2010">
  <Times creation="2015-09-28T09:43:23.2024427-07:00" queuing="2015-09-28T09:43:23.2024427-07:00" start="2015-09-28T09:43:23.2024427-07:00" finish="2015-09-28T09:43:24.8431844-07:00" />
  <TestSettings name="default" id="d2b2c62b-0b29-44e9-8b8a-1a21201e92af">
    <Execution>
      <TestTypeSpecific />
    </Execution>
    <Deployment runDeploymentRoot="tfsmladm_TFSBUILD11 2015-09-28 09_43_23" />
    <Properties />
  </TestSettings>
  <Results>
    <UnitTestResult executionId="9fb122c1-7edf-4bbe-aa7c-8bc9f0d04190" testId="1349a733-a436-f72c-5fd7-ce785742a2b2" testName="IdentityMapper_Should_throw_argument_null_exception_when_typename_is_null" computerName="TFSBUILD11" duration="00:00:00.0070405" startTime="2015-09-28T09:43:22.5461457-07:00" endTime="2015-09-28T09:43:22.6086496-07:00" testType="13cdc9d9-ddb5-4fa4-a97d-d965ccfc6d4b" outcome="Passed" testListId="8c84fa94-04c1-424b-9868-57a2d4851a1d" relativeResultsDirectory="9fb122c1-7edf-4bbe-aa7c-8bc9f0d04190" />
    <UnitTestResult executionId="389c2593-36cf-4dea-a16e-57bd670859cc" testId="698b3a64-2f97-8a22-a461-14614964e905" testName="IdentityMapper_Should_return_unknownIdentityTypeId_when_typename_is_invalid" computerName="TFSBUILD11" duration="00:00:00.0011576" startTime="2015-09-28T09:43:22.6242766-07:00" endTime="2015-09-28T09:43:22.6242766-07:00" testType="13cdc9d9-ddb5-4fa4-a97d-d965ccfc6d4b" outcome="Passed" testListId="8c84fa94-04c1-424b-9868-57a2d4851a1d" relativeResultsDirectory="389c2593-36cf-4dea-a16e-57bd670859cc" />
    <UnitTestResult executionId="e07fb7a0-1adf-41e7-bcae-466455bf2ed0" testId="c773246a-4a29-299d-1729-35138a6fbb55" testName="IdentityMapper_Should_return_validIdentityTypeId_when_typename_is_valid" computerName="TFSBUILD11" duration="00:00:00.0001245" startTime="2015-09-28T09:43:22.6242766-07:00" endTime="2015-09-28T09:43:22.6242766-07:00" testType="13cdc9d9-ddb5-4fa4-a97d-d965ccfc6d4b" outcome="Passed" testListId="8c84fa94-04c1-424b-9868-57a2d4851a1d" relativeResultsDirectory="e07fb7a0-1adf-41e7-bcae-466455bf2ed0" />
    <UnitTestResult executionId="92d75848-ba8c-4a05-9d62-75a196597b4c" testId="c82a48ad-434e-3ca0-c045-8a52c2069307" testName="IdentityMapper_Should_return_unknownIdentityTypeName_when_typeId_is_invalid" computerName="TFSBUILD11" duration="00:00:00.0012666" startTime="2015-09-28T09:43:22.6242766-07:00" endTime="2015-09-28T09:43:22.6242766-07:00" testType="13cdc9d9-ddb5-4fa4-a97d-d965ccfc6d4b" outcome="Passed" testListId="8c84fa94-04c1-424b-9868-57a2d4851a1d" relativeResultsDirectory="92d75848-ba8c-4a05-9d62-75a196597b4c" />
    <UnitTestResult executionId="6e63f36e-7ad5-4def-a912-2fbde2810219" testId="977dc8cf-f48d-1791-2c56-733054fe2e37" testName="IdentityMapper_Should_return_validIdentityTypeName_when_typeId_is_valid" computerName="TFSBUILD11" duration="00:00:00.0001353" startTime="2015-09-28T09:43:22.6242766-07:00" endTime="2015-09-28T09:43:22.6242766-07:00" testType="13cdc9d9-ddb5-4fa4-a97d-d965ccfc6d4b" outcome="Passed" testListId="8c84fa94-04c1-424b-9868-57a2d4851a1d" relativeResultsDirectory="6e63f36e-7ad5-4def-a912-2fbde2810219" />
    <UnitTestResult executionId="ce6139ef-1a45-41fa-b393-c8c914275449" testId="4bf4353c-73ea-3ab0-5e36-be9aeaac9d7c" testName="IdentityMapper_should_return_false_if_typeName_is_NullOrEmpty" computerName="TFSBUILD11" duration="00:00:00.0003908" startTime="2015-09-28T09:43:22.6242766-07:00" endTime="2015-09-28T09:43:22.6242766-07:00" testType="13cdc9d9-ddb5-4fa4-a97d-d965ccfc6d4b" outcome="Passed" testListId="8c84fa94-04c1-424b-9868-57a2d4851a1d" relativeResultsDirectory="ce6139ef-1a45-41fa-b393-c8c914275449" />
    <UnitTestResult executionId="8f2dbac6-9da0-4676-8428-35612d4372f3" testId="64f55b9e-9201-5774-81d5-312a693b8896" testName="IdentityMapper_should_return_false_if_typeName_is_Invalid" computerName="TFSBUILD11" duration="00:00:00.0000944" startTime="2015-09-28T09:43:22.6242766-07:00" endTime="2015-09-28T09:43:22.6242766-07:00" testType="13cdc9d9-ddb5-4fa4-a97d-d965ccfc6d4b" outcome="Passed" testListId="8c84fa94-04c1-424b-9868-57a2d4851a1d" relativeResultsDirectory="8f2dbac6-9da0-4676-8428-35612d4372f3" />
    <UnitTestResult executionId="ba9e8ed7-2e8f-46e2-943a-c83f6f03416c" testId="76066ddc-e054-d819-a169-0698db74d6b2" testName="IdentityMapper_should_return_true_if_typeName_is_Valid" computerName="TFSBUILD11" duration="00:00:00.0001831" startTime="2015-09-28T09:43:22.6242766-07:00" endTime="2015-09-28T09:43:22.6242766-07:00" testType="13cdc9d9-ddb5-4fa4-a97d-d965ccfc6d4b" outcome="Passed" testListId="8c84fa94-04c1-424b-9868-57a2d4851a1d" relativeResultsDirectory="ba9e8ed7-2e8f-46e2-943a-c83f6f03416c" />
    <UnitTestResult executionId="34a259f4-c637-453f-b1eb-789cd9da897c" testId="ebf64798-6f22-904e-4afa-85fe70eb908b" testName="PlatformIdentityIdMruService_GetMruIdentities_ValidatesHost" computerName="TFSBUILD11" duration="00:00:00.4721336" startTime="2015-09-28T09:43:22.6242766-07:00" endTime="2015-09-28T09:43:23.0930596-07:00" testType="13cdc9d9-ddb5-4fa4-a97d-d965ccfc6d4b" outcome="Passed" testListId="8c84fa94-04c1-424b-9868-57a2d4851a1d" relativeResultsDirectory="34a259f4-c637-453f-b1eb-789cd9da897c" />
    <UnitTestResult executionId="10ece246-38c0-4968-9647-4cc5d4697b03" testId="8465b482-dd77-a33a-8bea-27a913112035" testName="PlatformIdentityIdMruService_SetMruIdentities_ValidatesHost" computerName="TFSBUILD11" duration="00:00:00.0196087" startTime="2015-09-28T09:43:23.1086855-07:00" endTime="2015-09-28T09:43:23.1243116-07:00" testType="13cdc9d9-ddb5-4fa4-a97d-d965ccfc6d4b" outcome="Passed" testListId="8c84fa94-04c1-424b-9868-57a2d4851a1d" relativeResultsDirectory="10ece246-38c0-4968-9647-4cc5d4697b03" />
    <UnitTestResult executionId="c4fb3a10-3241-42cc-89c0-f61308ec8f59" testId="d36774f5-ffe7-235d-1589-0ad41da8f046" testName="PlatformIdentityIdMruService_AddMruIdentities_ValidatesHost" computerName="TFSBUILD11" duration="00:00:00.0246291" startTime="2015-09-28T09:43:23.1243116-07:00" endTime="2015-09-28T09:43:23.1555638-07:00" testType="13cdc9d9-ddb5-4fa4-a97d-d965ccfc6d4b" outcome="Passed" testListId="8c84fa94-04c1-424b-9868-57a2d4851a1d" relativeResultsDirectory="c4fb3a10-3241-42cc-89c0-f61308ec8f59" />
    <UnitTestResult executionId="fd27b320-5ba5-46e4-8c3d-d2c1b9119405" testId="054dbcfc-6627-4127-5473-a1db8ee9b35a" testName="PlatformIdentityIdMruService_RemoveMruIdentities_ValidatesHost" computerName="TFSBUILD11" duration="00:00:00.0190779" startTime="2015-09-28T09:43:23.1555638-07:00" endTime="2015-09-28T09:43:23.1711896-07:00" testType="13cdc9d9-ddb5-4fa4-a97d-d965ccfc6d4b" outcome="Passed" testListId="8c84fa94-04c1-424b-9868-57a2d4851a1d" relativeResultsDirectory="fd27b320-5ba5-46e4-8c3d-d2c1b9119405" />
    <UnitTestResult executionId="8626788f-36d1-4e3e-952d-f89d711b9f60" testId="24124491-4b3d-e526-8701-8e9777d81b50" testName="PlatformIdentityIdMruService_GetMruIdentities_Throws_WhenEmptyContainerIsPassed" computerName="TFSBUILD11" duration="00:00:00.0111154" startTime="2015-09-28T09:43:23.1711896-07:00" endTime="2015-09-28T09:43:23.1868169-07:00" testType="13cdc9d9-ddb5-4fa4-a97d-d965ccfc6d4b" outcome="Passed" testListId="8c84fa94-04c1-424b-9868-57a2d4851a1d" relativeResultsDirectory="8626788f-36d1-4e3e-952d-f89d711b9f60" />
    <UnitTestResult executionId="623cd05e-f7cd-47f7-bd24-0d3cea8c3591" testId="4faad5ff-5e0c-18c0-7143-6a6ab22152fe" testName="PlatformIdentityIdMruService_SetMruIdentities_Throws_WhenEmptyContainerIsPassed" computerName="TFSBUILD11" duration="00:00:00.0162841" startTime="2015-09-28T09:43:23.1868169-07:00" endTime="2015-09-28T09:43:23.2024427-07:00" testType="13cdc9d9-ddb5-4fa4-a97d-d965ccfc6d4b" outcome="Passed" testListId="8c84fa94-04c1-424b-9868-57a2d4851a1d" relativeResultsDirectory="623cd05e-f7cd-47f7-bd24-0d3cea8c3591" />
    <UnitTestResult executionId="8b404836-09ef-4f4d-8c0f-4aac2d293e68" testId="ed648c16-406e-f8d3-8108-db57c8532b5a" testName="PlatformIdentityIdMruService_AddMruIdentities_Throws_WhenEmptyContainerIsPassed" computerName="TFSBUILD11" duration="00:00:00.0104493" startTime="2015-09-28T09:43:23.2024427-07:00" endTime="2015-09-28T09:43:23.2024427-07:00" testType="13cdc9d9-ddb5-4fa4-a97d-d965ccfc6d4b" outcome="Passed" testListId="8c84fa94-04c1-424b-9868-57a2d4851a1d" relativeResultsDirectory="8b404836-09ef-4f4d-8c0f-4aac2d293e68" />
    <UnitTestResult executionId="5519cb38-ea68-4db7-92ef-d00fee51d09f" testId="94893bdc-d1d9-9a84-fb9e-489cc7a781a9" testName="PlatformIdentityIdMruService_RemoveMruIdentities_Throws_WhenEmptyContainerIsPassed" computerName="TFSBUILD11" duration="00:00:00.0110369" startTime="2015-09-28T09:43:23.2024427-07:00" endTime="2015-09-28T09:43:23.2180682-07:00" testType="13cdc9d9-ddb5-4fa4-a97d-d965ccfc6d4b" outcome="Passed" testListId="8c84fa94-04c1-424b-9868-57a2d4851a1d" relativeResultsDirectory="5519cb38-ea68-4db7-92ef-d00fee51d09f" />
    <UnitTestResult executionId="a76b7faa-d340-4331-9364-c584a2caa239" testId="22e1b773-bb38-a3b4-c629-747124b42dc4" testName="PlatformIdentityIdMruService_SetMruIdentities_Throws_WhenNullMruIdentitiesIsPassed" computerName="TFSBUILD11" duration="00:00:00.0109590" startTime="2015-09-28T09:43:23.2180682-07:00" endTime="2015-09-28T09:43:23.2336946-07:00" testType="13cdc9d9-ddb5-4fa4-a97d-d965ccfc6d4b" outcome="Passed" testListId="8c84fa94-04c1-424b-9868-57a2d4851a1d" relativeResultsDirectory="a76b7faa-d340-4331-9364-c584a2caa239" />
    <UnitTestResult executionId="8e3eb417-264d-4ca8-8e2d-fdbc9c5bebf5" testId="3095c745-c531-3e90-a521-e9a375ac900e" testName="PlatformIdentityIdMruService_AddMruIdentities_Throws_WhenNullMruIdentitiesIsPassed" computerName="TFSBUILD11" duration="00:00:00.0106638" startTime="2015-09-28T09:43:23.2336946-07:00" endTime="2015-09-28T09:43:23.2336946-07:00" testType="13cdc9d9-ddb5-4fa4-a97d-d965ccfc6d4b" outcome="Passed" testListId="8c84fa94-04c1-424b-9868-57a2d4851a1d" relativeResultsDirectory="8e3eb417-264d-4ca8-8e2d-fdbc9c5bebf5" />
    <UnitTestResult executionId="f9ae917a-6bc4-4136-a15b-25434e50f6db" testId="16808b55-8ed0-5015-527a-610b40afed13" testName="PlatformIdentityIdMruService_RemoveMruIdentities_Throws_WhenNullMruIdentitiesIsPassed" computerName="TFSBUILD11" duration="00:00:00.0116260" startTime="2015-09-28T09:43:23.2336946-07:00" endTime="2015-09-28T09:43:23.2493213-07:00" testType="13cdc9d9-ddb5-4fa4-a97d-d965ccfc6d4b" outcome="Passed" testListId="8c84fa94-04c1-424b-9868-57a2d4851a1d" relativeResultsDirectory="f9ae917a-6bc4-4136-a15b-25434e50f6db" />
    <UnitTestResult executionId="39035477-4ddb-443f-a23a-83e32e1f0b2a" testId="886c0e0e-2a1e-4a7d-7bce-3d6743e56070" testName="PlatformIdentityIdMruService_GetMruIdentities_ChecksPermission_WhenRequestIsNotForSelf" computerName="TFSBUILD11" duration="00:00:00.1204517" startTime="2015-09-28T09:43:23.2493213-07:00" endTime="2015-09-28T09:43:23.3743296-07:00" testType="13cdc9d9-ddb5-4fa4-a97d-d965ccfc6d4b" outcome="Passed" testListId="8c84fa94-04c1-424b-9868-57a2d4851a1d" relativeResultsDirectory="39035477-4ddb-443f-a23a-83e32e1f0b2a" />
    <UnitTestResult executionId="62b71289-a5b6-4a7a-bbde-b0e3a1d3d5bf" testId="7fc11af6-8811-36a4-f4b7-c5e209a607f5" testName="PlatformIdentityIdMruService_SetMruIdentities_ChecksPermission" computerName="TFSBUILD11" duration="00:00:00.0193040" startTime="2015-09-28T09:43:23.3743296-07:00" endTime="2015-09-28T09:43:23.3899557-07:00" testType="13cdc9d9-ddb5-4fa4-a97d-d965ccfc6d4b" outcome="Passed" testListId="8c84fa94-04c1-424b-9868-57a2d4851a1d" relativeResultsDirectory="62b71289-a5b6-4a7a-bbde-b0e3a1d3d5bf" />
    <UnitTestResult executionId="8ec65023-ecb6-49a6-9770-f25b046220d1" testId="aa35e890-a9a9-deb1-49eb-a862990e8425" testName="PlatformIdentityIdMruService_AddMruIdentities_ChecksPermission" computerName="TFSBUILD11" duration="00:00:00.0125106" startTime="2015-09-28T09:43:23.3899557-07:00" endTime="2015-09-28T09:43:23.4055824-07:00" testType="13cdc9d9-ddb5-4fa4-a97d-d965ccfc6d4b" outcome="Passed" testListId="8c84fa94-04c1-424b-9868-57a2d4851a1d" relativeResultsDirectory="8ec65023-ecb6-49a6-9770-f25b046220d1" />
    <UnitTestResult executionId="dbb88946-b46d-4d0e-af58-cc25bfe98f59" testId="3e8ab258-51d3-75bf-3cda-39300ba8e391" testName="PlatformIdentityIdMruService_RemoveMruIdentities_ChecksPermission" computerName="TFSBUILD11" duration="00:00:00.0122453" startTime="2015-09-28T09:43:23.4055824-07:00" endTime="2015-09-28T09:43:23.4212077-07:00" testType="13cdc9d9-ddb5-4fa4-a97d-d965ccfc6d4b" outcome="Passed" testListId="8c84fa94-04c1-424b-9868-57a2d4851a1d" relativeResultsDirectory="dbb88946-b46d-4d0e-af58-cc25bfe98f59" />
    <UnitTestResult executionId="342a91b3-2038-49f6-ae05-22c80786ad32" testId="e96d6361-b13a-170c-1843-ccfcf96cc85b" testName="PlatformIdentityIdMruService_GetMruIdentities_Throws_WhenRequestedIdentityIsNotInScope" computerName="TFSBUILD11" duration="00:00:00.0225046" startTime="2015-09-28T09:43:23.4212077-07:00" endTime="2015-09-28T09:43:23.4368341-07:00" testType="13cdc9d9-ddb5-4fa4-a97d-d965ccfc6d4b" outcome="Passed" testListId="8c84fa94-04c1-424b-9868-57a2d4851a1d" relativeResultsDirectory="342a91b3-2038-49f6-ae05-22c80786ad32" />
    <UnitTestResult executionId="a9286cd7-a719-44c5-9426-b630d71159f9" testId="d05b71f7-ee07-399c-221c-d090135c16f1" testName="PlatformIdentityIdMruService_SetMruIdentities_Throws_WhenRequestedIdentityIsNotInScope" computerName="TFSBUILD11" duration="00:00:00.0203843" startTime="2015-09-28T09:43:23.4368341-07:00" endTime="2015-09-28T09:43:23.4680863-07:00" testType="13cdc9d9-ddb5-4fa4-a97d-d965ccfc6d4b" outcome="Passed" testListId="8c84fa94-04c1-424b-9868-57a2d4851a1d" relativeResultsDirectory="a9286cd7-a719-44c5-9426-b630d71159f9" />
    <UnitTestResult executionId="7f4b10da-95eb-4696-9375-460e02a13f1b" testId="10402fa0-2234-9ac3-35a3-954da52bfac3" testName="PlatformIdentityIdMruService_AddMruIdentities_Throws_WhenRequestedIdentityIsNotInScope" computerName="TFSBUILD11" duration="00:00:00.0198516" startTime="2015-09-28T09:43:23.4680863-07:00" endTime="2015-09-28T09:43:23.4837133-07:00" testType="13cdc9d9-ddb5-4fa4-a97d-d965ccfc6d4b" outcome="Passed" testListId="8c84fa94-04c1-424b-9868-57a2d4851a1d" relativeResultsDirectory="7f4b10da-95eb-4696-9375-460e02a13f1b" />
    <UnitTestResult executionId="397f9152-9978-4e2b-8eb6-1ba3c857f01b" testId="1986d3a9-80c3-8b78-508b-83d6fd8e0397" testName="PlatformIdentityIdMruService_RemoveMruIdentities_Throws_WhenRequestedIdentityIsNotInScope" computerName="TFSBUILD11" duration="00:00:00.0171272" startTime="2015-09-28T09:43:23.4837133-07:00" endTime="2015-09-28T09:43:23.4993382-07:00" testType="13cdc9d9-ddb5-4fa4-a97d-d965ccfc6d4b" outcome="Passed" testListId="8c84fa94-04c1-424b-9868-57a2d4851a1d" relativeResultsDirectory="397f9152-9978-4e2b-8eb6-1ba3c857f01b" />
    <UnitTestResult executionId="5e41f9ee-8c3f-46ca-ba7d-c37c9fe14805" testId="292515b1-387b-95b8-ef4b-854461bf31ff" testName="PlatformIdentityIdMruService_GetMruIdentities_Returns_ExpectedResults" computerName="TFSBUILD11" duration="00:00:00.2034234" startTime="2015-09-28T09:43:23.4993382-07:00" endTime="2015-09-28T09:43:23.7024777-07:00" testType="13cdc9d9-ddb5-4fa4-a97d-d965ccfc6d4b" outcome="Passed" testListId="8c84fa94-04c1-424b-9868-57a2d4851a1d" relativeResultsDirectory="5e41f9ee-8c3f-46ca-ba7d-c37c9fe14805" />
    <UnitTestResult executionId="7a24199e-d1d7-4d3d-89c0-042ae7695e55" testId="39932fe5-849c-adb7-18d8-ecaa62cf8d94" testName="PlatformIdentityIdMruService_SetMruIdentities_ReplacesValueInStore" computerName="TFSBUILD11" duration="00:00:00.0261298" startTime="2015-09-28T09:43:23.7024777-07:00" endTime="2015-09-28T09:43:23.7337302-07:00" testType="13cdc9d9-ddb5-4fa4-a97d-d965ccfc6d4b" outcome="Passed" testListId="8c84fa94-04c1-424b-9868-57a2d4851a1d" relativeResultsDirectory="7a24199e-d1d7-4d3d-89c0-042ae7695e55" />
    <UnitTestResult executionId="8015ef07-4335-4949-9736-e5ac674baa09" testId="c54f18aa-5971-d23a-0d81-e2c6b4c11cf8" testName="PlatformIdentityIdMruService_AddMruIdentities_CreatesMru_WhenExistingMruIsEmptyOrNonExistent" computerName="TFSBUILD11" duration="00:00:00.0345678" startTime="2015-09-28T09:43:23.7337302-07:00" endTime="2015-09-28T09:43:23.7649827-07:00" testType="13cdc9d9-ddb5-4fa4-a97d-d965ccfc6d4b" outcome="Passed" testListId="8c84fa94-04c1-424b-9868-57a2d4851a1d" relativeResultsDirectory="8015ef07-4335-4949-9736-e5ac674baa09" />
    <UnitTestResult executionId="7ffaaa9d-001a-4db4-a352-40b2a9fce1c4" testId="f5f6302d-84d0-9ccc-3939-176d60cf7934" testName="PlatformIdentityIdMruService_AddMruIdentities_MergesAndMovesAddedIdentitiesToTop_WhenMruExists" computerName="TFSBUILD11" duration="00:00:00.0231671" startTime="2015-09-28T09:43:23.7649827-07:00" endTime="2015-09-28T09:43:23.7806085-07:00" testType="13cdc9d9-ddb5-4fa4-a97d-d965ccfc6d4b" outcome="Passed" testListId="8c84fa94-04c1-424b-9868-57a2d4851a1d" relativeResultsDirectory="7ffaaa9d-001a-4db4-a352-40b2a9fce1c4" />
    <UnitTestResult executionId="fc38da23-9a1b-4127-84f8-1e7f71d39a4f" testId="4e4da75d-da31-78eb-b8ac-5c71d175f155" testName="PlatformIdentityIdMruService_RemoveMruIdentities_RemovesIdentities" computerName="TFSBUILD11" duration="00:00:00.0284094" startTime="2015-09-28T09:43:23.7806085-07:00" endTime="2015-09-28T09:43:23.8118605-07:00" testType="13cdc9d9-ddb5-4fa4-a97d-d965ccfc6d4b" outcome="Passed" testListId="8c84fa94-04c1-424b-9868-57a2d4851a1d" relativeResultsDirectory="fc38da23-9a1b-4127-84f8-1e7f71d39a4f" />
    <UnitTestResult executionId="8159430a-2920-41da-86d3-e6a18ad6618d" testId="e9a4e2b5-53be-cde9-e1e1-8ee5b2b7606b" testName="PlatformIdentityIdMruService_RemoveMruIdentities_Works_WhenAllIdentitiesAreRemoved" computerName="TFSBUILD11" duration="00:00:00.0175848" startTime="2015-09-28T09:43:23.8118605-07:00" endTime="2015-09-28T09:43:23.8274871-07:00" testType="13cdc9d9-ddb5-4fa4-a97d-d965ccfc6d4b" outcome="Passed" testListId="8c84fa94-04c1-424b-9868-57a2d4851a1d" relativeResultsDirectory="8159430a-2920-41da-86d3-e6a18ad6618d" />
    <UnitTestResult executionId="f6bd156a-34ef-4c67-920c-ca9cd6ad5328" testId="4a41b8ac-0865-f420-d908-9c870fbe9ae5" testName="PlatformIdentityIdMruService_RemoveMruIdentities_Works_WhenExistingMruIsEmptyOrNonExistent" computerName="TFSBUILD11" duration="00:00:00.0169318" startTime="2015-09-28T09:43:23.8274871-07:00" endTime="2015-09-28T09:43:23.8431127-07:00" testType="13cdc9d9-ddb5-4fa4-a97d-d965ccfc6d4b" outcome="Passed" testListId="8c84fa94-04c1-424b-9868-57a2d4851a1d" relativeResultsDirectory="f6bd156a-34ef-4c67-920c-ca9cd6ad5328" />
    <UnitTestResult executionId="4e661cfc-26a3-4659-bc51-5055c83f035d" testId="cfabd55c-4e74-5026-703e-93685fb0f2f4" testName="ReadRequestIdentity_ReturnsUserIdentityInternal_WhenUserIdentityInternalIsPresentInRequestContext" computerName="TFSBUILD11" startTime="2015-09-28T09:43:23.8431127-07:00" endTime="2015-09-28T09:43:23.8431127-07:00" testType="13cdc9d9-ddb5-4fa4-a97d-d965ccfc6d4b" outcome="NotExecuted" testListId="8c84fa94-04c1-424b-9868-57a2d4851a1d" relativeResultsDirectory="4e661cfc-26a3-4659-bc51-5055c83f035d" />
    <UnitTestResult executionId="62367d39-fa88-4349-b742-0d27fcb89021" testId="969b79de-18a4-0339-d1c6-0ba80ad85713" testName="ReadRequestIdentity_ReturnsNull_WhenBothUserIdentityInternalAndUserContextAreAbsentInRequestContext" computerName="TFSBUILD11" duration="00:00:00.1326387" startTime="2015-09-28T09:43:23.8431127-07:00" endTime="2015-09-28T09:43:23.9837477-07:00" testType="13cdc9d9-ddb5-4fa4-a97d-d965ccfc6d4b" outcome="Passed" testListId="8c84fa94-04c1-424b-9868-57a2d4851a1d" relativeResultsDirectory="62367d39-fa88-4349-b742-0d27fcb89021" />
    <UnitTestResult executionId="e2e039cd-cb77-4f22-a8d3-cde395bf4b1e" testId="b3c445c7-53e2-94f0-b3c2-4a4b4793a533" testName="ReadIdentities_ReturnsEmptyIdentity_WhenUsingDescriptorsAndDescriptorsIsNull" computerName="TFSBUILD11" duration="00:00:00.0133196" startTime="2015-09-28T09:43:23.9837477-07:00" endTime="2015-09-28T09:43:23.9993744-07:00" testType="13cdc9d9-ddb5-4fa4-a97d-d965ccfc6d4b" outcome="Passed" testListId="8c84fa94-04c1-424b-9868-57a2d4851a1d" relativeResultsDirectory="e2e039cd-cb77-4f22-a8d3-cde395bf4b1e" />
    <UnitTestResult executionId="3399fbde-247e-4c69-90d5-7f43c183c57e" testId="bea8a408-4113-57c4-c61a-0596e905d971" testName="GetScope_UsesPlatformIdentityStoreGetScope_WhenGettingByScopeId" computerName="TFSBUILD11" duration="00:00:00.0316657" startTime="2015-09-28T09:43:23.9993744-07:00" endTime="2015-09-28T09:43:24.0306260-07:00" testType="13cdc9d9-ddb5-4fa4-a97d-d965ccfc6d4b" outcome="Passed" testListId="8c84fa94-04c1-424b-9868-57a2d4851a1d" relativeResultsDirectory="3399fbde-247e-4c69-90d5-7f43c183c57e" />
    <UnitTestResult executionId="3693f53d-c816-4da8-b147-9f1cf1ed2bfa" testId="be1475db-c59f-100f-13e7-57ee01fa8042" testName="RenameScope_UsesPlatformIdentityStoreRenameScope" computerName="TFSBUILD11" duration="00:00:00.0179023" startTime="2015-09-28T09:43:24.0306260-07:00" endTime="2015-09-28T09:43:24.0462521-07:00" testType="13cdc9d9-ddb5-4fa4-a97d-d965ccfc6d4b" outcome="Passed" testListId="8c84fa94-04c1-424b-9868-57a2d4851a1d" relativeResultsDirectory="3693f53d-c816-4da8-b147-9f1cf1ed2bfa" />
    <UnitTestResult executionId="ae12f726-2174-4595-a70a-43db8df8b0c6" testId="d2e65ae8-39e9-d754-6931-841168f470e9" testName="IsMember_UsesPlatformIdentityStoreIsMember" computerName="TFSBUILD11" duration="00:00:00.0223072" startTime="2015-09-28T09:43:24.0462521-07:00" endTime="2015-09-28T09:43:24.0775046-07:00" testType="13cdc9d9-ddb5-4fa4-a97d-d965ccfc6d4b" outcome="Passed" testListId="8c84fa94-04c1-424b-9868-57a2d4851a1d" relativeResultsDirectory="ae12f726-2174-4595-a70a-43db8df8b0c6" />
    <UnitTestResult executionId="0995dc47-30f0-4c8e-8635-9dc4549749d6" testId="ec308b30-bef1-c4a3-dea1-6980db5fecae" testName="GetCurrentChangeId_CallsPlatformIdentityStoreGetCurrentChangeId" computerName="TFSBUILD11" duration="00:00:00.0107730" startTime="2015-09-28T09:43:24.0775046-07:00" endTime="2015-09-28T09:43:24.0775046-07:00" testType="13cdc9d9-ddb5-4fa4-a97d-d965ccfc6d4b" outcome="Passed" testListId="8c84fa94-04c1-424b-9868-57a2d4851a1d" relativeResultsDirectory="0995dc47-30f0-4c8e-8635-9dc4549749d6" />
    <UnitTestResult executionId="abdd02f4-60bd-4e2b-9caf-78cab225337a" testId="ea5bf340-cf7d-43d7-f340-020529032daf" testName="CreateScope_ProjectScopeAsParent" computerName="TFSBUILD11" duration="00:00:00.1859315" startTime="2015-09-28T09:43:24.0775046-07:00" endTime="2015-09-28T09:43:24.2650180-07:00" testType="13cdc9d9-ddb5-4fa4-a97d-d965ccfc6d4b" outcome="Passed" testListId="8c84fa94-04c1-424b-9868-57a2d4851a1d" relativeResultsDirectory="abdd02f4-60bd-4e2b-9caf-78cab225337a" />
    <UnitTestResult executionId="d04b8bd6-2c87-4fbe-bbf3-1b746e93c5a1" testId="55430854-1501-e599-f691-a2b42a28d061" testName="RemoveMemberFromGroup_InvalidMemberIdentityType" computerName="TFSBUILD11" duration="00:00:00.0090734" startTime="2015-09-28T09:43:24.2650180-07:00" endTime="2015-09-28T09:43:24.2806441-07:00" testType="13cdc9d9-ddb5-4fa4-a97d-d965ccfc6d4b" outcome="Passed" testListId="8c84fa94-04c1-424b-9868-57a2d4851a1d" relativeResultsDirectory="d04b8bd6-2c87-4fbe-bbf3-1b746e93c5a1" />
    <UnitTestResult executionId="3e4f21f4-68ce-419c-a715-1b1320bb9640" testId="6c7cae5b-920a-5c62-897f-3791b0f2687e" testName="RemoveMemberFromGroup_InvalidMemberIdentifier" computerName="TFSBUILD11" duration="00:00:00.0065060" startTime="2015-09-28T09:43:24.2806441-07:00" endTime="2015-09-28T09:43:24.2806441-07:00" testType="13cdc9d9-ddb5-4fa4-a97d-d965ccfc6d4b" outcome="Passed" testListId="8c84fa94-04c1-424b-9868-57a2d4851a1d" relativeResultsDirectory="3e4f21f4-68ce-419c-a715-1b1320bb9640" />
    <UnitTestResult executionId="468ef971-37cf-40cf-9a9a-7469736a3fce" testId="77140917-f63e-8119-130f-d77bef543be7" testName="RemoveMemberFromGroup_InvalidGroupValidation" computerName="TFSBUILD11" duration="00:00:00.0088857" startTime="2015-09-28T09:43:24.2806441-07:00" endTime="2015-09-28T09:43:24.2962699-07:00" testType="13cdc9d9-ddb5-4fa4-a97d-d965ccfc6d4b" outcome="Passed" testListId="8c84fa94-04c1-424b-9868-57a2d4851a1d" relativeResultsDirectory="468ef971-37cf-40cf-9a9a-7469736a3fce" />
    <UnitTestResult executionId="13af919a-94dc-4da6-ab8e-c7a5fbb1166d" testId="c1cfc28e-3627-cb2d-70eb-25685f62ef7a" testName="AddMemberToGroup_NotFound" computerName="TFSBUILD11" duration="00:00:00.0508429" startTime="2015-09-28T09:43:24.2962699-07:00" endTime="2015-09-28T09:43:24.3431491-07:00" testType="13cdc9d9-ddb5-4fa4-a97d-d965ccfc6d4b" outcome="Passed" testListId="8c84fa94-04c1-424b-9868-57a2d4851a1d" relativeResultsDirectory="13af919a-94dc-4da6-ab8e-c7a5fbb1166d" />
    <UnitTestResult executionId="d5e00a9f-dba0-4481-819a-8d019f00be16" testId="032a3eea-dee5-8830-79db-7a85e2fd2361" testName="AddMemberToGroup_SuccessTest" computerName="TFSBUILD11" duration="00:00:00.1518796" startTime="2015-09-28T09:43:24.3431491-07:00" endTime="2015-09-28T09:43:24.4994096-07:00" testType="13cdc9d9-ddb5-4fa4-a97d-d965ccfc6d4b" outcome="Passed" testListId="8c84fa94-04c1-424b-9868-57a2d4851a1d" relativeResultsDirectory="d5e00a9f-dba0-4481-819a-8d019f00be16" />
    <UnitTestResult executionId="45ec4145-1e1a-4b6a-b68f-ed1fd0cdb1ef" testId="76db7e3d-2c4a-8fdb-0b42-b3920fc59b43" testName="WhenHostIsMaster_DoesNotCreateMapComponent" computerName="TFSBUILD11" duration="00:00:00.2201029" startTime="2015-09-28T09:43:24.4994096-07:00" endTime="2015-09-28T09:43:24.7181758-07:00" testType="13cdc9d9-ddb5-4fa4-a97d-d965ccfc6d4b" outcome="Passed" testListId="8c84fa94-04c1-424b-9868-57a2d4851a1d" relativeResultsDirectory="45ec4145-1e1a-4b6a-b68f-ed1fd0cdb1ef" />
    <UnitTestResult executionId="bf124ee7-d858-4679-baf8-291b77fd1652" testId="f70ccf58-8083-2b6f-f1de-a8100de46959" testName="WhenHostIsNotMaster_WhenMappingInCache_DoesNotCreateMapComponent" computerName="TFSBUILD11" duration="00:00:00.0042029" startTime="2015-09-28T09:43:24.7181758-07:00" endTime="2015-09-28T09:43:24.7181758-07:00" testType="13cdc9d9-ddb5-4fa4-a97d-d965ccfc6d4b" outcome="Passed" testListId="8c84fa94-04c1-424b-9868-57a2d4851a1d" relativeResultsDirectory="bf124ee7-d858-4679-baf8-291b77fd1652" />
    <UnitTestResult executionId="0e66b047-6c1b-428f-bcc3-2e6b315416a0" testId="634286bc-f24a-42c0-1eb4-2c436457f302" testName="WhenHostIsNotMaster_WhenMappingNotInCache_CreatesMapComponent" computerName="TFSBUILD11" duration="00:00:00.0042049" startTime="2015-09-28T09:43:24.7181758-07:00" endTime="2015-09-28T09:43:24.7338013-07:00" testType="13cdc9d9-ddb5-4fa4-a97d-d965ccfc6d4b" outcome="Passed" testListId="8c84fa94-04c1-424b-9868-57a2d4851a1d" relativeResultsDirectory="0e66b047-6c1b-428f-bcc3-2e6b315416a0" />
    <UnitTestResult executionId="c8738353-10bc-4326-b639-7034f84873b1" testId="659ff47b-1225-f785-0744-9fc30ab0439c" testName="WhenHostIsMaster_DoesNotCreateMapComponent" computerName="TFSBUILD11" duration="00:00:00.0026501" startTime="2015-09-28T09:43:24.7338013-07:00" endTime="2015-09-28T09:43:24.7338013-07:00" testType="13cdc9d9-ddb5-4fa4-a97d-d965ccfc6d4b" outcome="Passed" testListId="8c84fa94-04c1-424b-9868-57a2d4851a1d" relativeResultsDirectory="c8738353-10bc-4326-b639-7034f84873b1" />
    <UnitTestResult executionId="023d60dd-6971-4a79-8393-a9e22f9a8cef" testId="ffb30446-fbe8-5d27-d529-f8ae9f1ab6b8" testName="WhenHostIsNotMaster_WhenMappingInCache_DoesNotCreateMapComponent" computerName="TFSBUILD11" duration="00:00:00.0022089" startTime="2015-09-28T09:43:24.7338013-07:00" endTime="2015-09-28T09:43:24.7338013-07:00" testType="13cdc9d9-ddb5-4fa4-a97d-d965ccfc6d4b" outcome="Passed" testListId="8c84fa94-04c1-424b-9868-57a2d4851a1d" relativeResultsDirectory="023d60dd-6971-4a79-8393-a9e22f9a8cef" />
    <UnitTestResult executionId="036fd661-efd3-4c15-8900-39c4fdcd5894" testId="8b64c661-0201-a0d7-af43-67b6f497efa4" testName="WhenHostIsNotMaster_WhenMappingNotInCache_CreatesMapComponent" computerName="TFSBUILD11" duration="00:00:00.0024794" startTime="2015-09-28T09:43:24.7338013-07:00" endTime="2015-09-28T09:43:24.7338013-07:00" testType="13cdc9d9-ddb5-4fa4-a97d-d965ccfc6d4b" outcome="Passed" testListId="8c84fa94-04c1-424b-9868-57a2d4851a1d" relativeResultsDirectory="036fd661-efd3-4c15-8900-39c4fdcd5894" />
    <UnitTestResult executionId="20521ead-f00e-4aee-8671-d082250bfa66" testId="b5373104-de8d-46ca-e74c-e461af8e61fc" testName="WhenOnPremisesDeployment_DoesNotUpdateExtendedProperties" computerName="TFSBUILD11" startTime="2015-09-28T09:43:24.7338013-07:00" endTime="2015-09-28T09:43:24.7338013-07:00" testType="13cdc9d9-ddb5-4fa4-a97d-d965ccfc6d4b" outcome="NotExecuted" testListId="8c84fa94-04c1-424b-9868-57a2d4851a1d" relativeResultsDirectory="20521ead-f00e-4aee-8671-d082250bfa66" />
    <UnitTestResult executionId="2fda3934-0c6d-4cb8-880f-9037b4a6cf8c" testId="d4af6811-8689-4114-b7b8-40328c0bad51" testName="WhenCloudDeployment_WhenIdentityDoesNotHaveModifiedProperties_DoesNotUpdateExtendedProperties" computerName="TFSBUILD11" startTime="2015-09-28T09:43:24.7338013-07:00" endTime="2015-09-28T09:43:24.7338013-07:00" testType="13cdc9d9-ddb5-4fa4-a97d-d965ccfc6d4b" outcome="NotExecuted" testListId="8c84fa94-04c1-424b-9868-57a2d4851a1d" relativeResultsDirectory="2fda3934-0c6d-4cb8-880f-9037b4a6cf8c" />
    <UnitTestResult executionId="5b410203-8c16-4dc1-94c8-b36838737c95" testId="241df101-94e9-9ce2-024a-f893f442dca8" testName="WhenCloudDeployment_WhenIdentityHasModifiedProperties_UpdatesExtendedProperties" computerName="TFSBUILD11" startTime="2015-09-28T09:43:24.7338013-07:00" endTime="2015-09-28T09:43:24.7338013-07:00" testType="13cdc9d9-ddb5-4fa4-a97d-d965ccfc6d4b" outcome="NotExecuted" testListId="8c84fa94-04c1-424b-9868-57a2d4851a1d" relativeResultsDirectory="5b410203-8c16-4dc1-94c8-b36838737c95" />
    <UnitTestResult executionId="6ca95ac6-1cf0-48c4-8844-ffbc57fb75ed" testId="922851ab-0a3e-0fe1-8e21-fafd59d4997e" testName="WhenReadIdentityFromDatabaseReturnsNullIdentity_DoesNotSyncGroupMembership" computerName="TFSBUILD11" duration="00:00:00.0793311" startTime="2015-09-28T09:43:24.7338013-07:00" endTime="2015-09-28T09:43:24.8119321-07:00" testType="13cdc9d9-ddb5-4fa4-a97d-d965ccfc6d4b" outcome="Passed" testListId="8c84fa94-04c1-424b-9868-57a2d4851a1d" relativeResultsDirectory="6ca95ac6-1cf0-48c4-8844-ffbc57fb75ed" />
    <UnitTestResult executionId="1e054863-cb10-4ac9-a521-33402212652f" testId="b04515c8-0aba-b6b3-1389-d81562de6c52" testName="WhenReadIdentityFromDatabaseReturnsNullDescriptor_DoesNotSyncGroupMembership" computerName="TFSBUILD11" duration="00:00:00.0029050" startTime="2015-09-28T09:43:24.8119321-07:00" endTime="2015-09-28T09:43:24.8119321-07:00" testType="13cdc9d9-ddb5-4fa4-a97d-d965ccfc6d4b" outcome="Passed" testListId="8c84fa94-04c1-424b-9868-57a2d4851a1d" relativeResultsDirectory="1e054863-cb10-4ac9-a521-33402212652f" />
    <UnitTestResult executionId="4097c84e-b0c7-4d9a-a14d-14ac53ec5228" testId="24c5c149-f8cc-c1fe-980d-2deb1cf63561" testName="WhenReadIdentityFromDatabaseReturnsNonnull_SyncsGroupMembership" computerName="TFSBUILD11" duration="00:00:00.0033205" startTime="2015-09-28T09:43:24.8119321-07:00" endTime="2015-09-28T09:43:24.8275577-07:00" testType="13cdc9d9-ddb5-4fa4-a97d-d965ccfc6d4b" outcome="Passed" testListId="8c84fa94-04c1-424b-9868-57a2d4851a1d" relativeResultsDirectory="4097c84e-b0c7-4d9a-a14d-14ac53ec5228" />
  </Results>
  <TestDefinitions>
    <UnitTest name="IdentityMapper_Should_throw_argument_null_exception_when_typename_is_null" storage="d:\v2.0\a1\_work\dbded102\bin\release.anycpu\sps.service\ms.vs.services.identity.l0.tests\ms.vs.services.identity.l0.tests.dll" id="1349a733-a436-f72c-5fd7-ce785742a2b2">
      <Execution id="9fb122c1-7edf-4bbe-aa7c-8bc9f0d04190" />
      <TestMethod codeBase="D:\v2.0\A1\_work\dbded102\bin\Release.AnyCPU\Sps.Service\MS.VS.Services.Identity.L0.Tests\MS.VS.Services.Identity.L0.Tests.dll" adapterTypeName="Microsoft.VisualStudio.TestTools.TestTypes.Unit.UnitTestAdapter" className="MS.VS.Services.Identity.L0.Tests.IdentityTypeMapperTests" name="IdentityMapper_Should_throw_argument_null_exception_when_typename_is_null" />
    </UnitTest>
    <UnitTest name="IdentityMapper_Should_return_unknownIdentityTypeId_when_typename_is_invalid" storage="d:\v2.0\a1\_work\dbded102\bin\release.anycpu\sps.service\ms.vs.services.identity.l0.tests\ms.vs.services.identity.l0.tests.dll" id="698b3a64-2f97-8a22-a461-14614964e905">
      <Execution id="389c2593-36cf-4dea-a16e-57bd670859cc" />
      <TestMethod codeBase="D:\v2.0\A1\_work\dbded102\bin\Release.AnyCPU\Sps.Service\MS.VS.Services.Identity.L0.Tests\MS.VS.Services.Identity.L0.Tests.dll" adapterTypeName="Microsoft.VisualStudio.TestTools.TestTypes.Unit.UnitTestAdapter" className="MS.VS.Services.Identity.L0.Tests.IdentityTypeMapperTests" name="IdentityMapper_Should_return_unknownIdentityTypeId_when_typename_is_invalid" />
    </UnitTest>
    <UnitTest name="IdentityMapper_Should_return_validIdentityTypeId_when_typename_is_valid" storage="d:\v2.0\a1\_work\dbded102\bin\release.anycpu\sps.service\ms.vs.services.identity.l0.tests\ms.vs.services.identity.l0.tests.dll" id="c773246a-4a29-299d-1729-35138a6fbb55">
      <Execution id="e07fb7a0-1adf-41e7-bcae-466455bf2ed0" />
      <TestMethod codeBase="D:\v2.0\A1\_work\dbded102\bin\Release.AnyCPU\Sps.Service\MS.VS.Services.Identity.L0.Tests\MS.VS.Services.Identity.L0.Tests.dll" adapterTypeName="Microsoft.VisualStudio.TestTools.TestTypes.Unit.UnitTestAdapter" className="MS.VS.Services.Identity.L0.Tests.IdentityTypeMapperTests" name="IdentityMapper_Should_return_validIdentityTypeId_when_typename_is_valid" />
    </UnitTest>
    <UnitTest name="IdentityMapper_Should_return_unknownIdentityTypeName_when_typeId_is_invalid" storage="d:\v2.0\a1\_work\dbded102\bin\release.anycpu\sps.service\ms.vs.services.identity.l0.tests\ms.vs.services.identity.l0.tests.dll" id="c82a48ad-434e-3ca0-c045-8a52c2069307">
      <Execution id="92d75848-ba8c-4a05-9d62-75a196597b4c" />
      <TestMethod codeBase="D:\v2.0\A1\_work\dbded102\bin\Release.AnyCPU\Sps.Service\MS.VS.Services.Identity.L0.Tests\MS.VS.Services.Identity.L0.Tests.dll" adapterTypeName="Microsoft.VisualStudio.TestTools.TestTypes.Unit.UnitTestAdapter" className="MS.VS.Services.Identity.L0.Tests.IdentityTypeMapperTests" name="IdentityMapper_Should_return_unknownIdentityTypeName_when_typeId_is_invalid" />
    </UnitTest>
    <UnitTest name="IdentityMapper_Should_return_validIdentityTypeName_when_typeId_is_valid" storage="d:\v2.0\a1\_work\dbded102\bin\release.anycpu\sps.service\ms.vs.services.identity.l0.tests\ms.vs.services.identity.l0.tests.dll" id="977dc8cf-f48d-1791-2c56-733054fe2e37">
      <Execution id="6e63f36e-7ad5-4def-a912-2fbde2810219" />
      <TestMethod codeBase="D:\v2.0\A1\_work\dbded102\bin\Release.AnyCPU\Sps.Service\MS.VS.Services.Identity.L0.Tests\MS.VS.Services.Identity.L0.Tests.dll" adapterTypeName="Microsoft.VisualStudio.TestTools.TestTypes.Unit.UnitTestAdapter" className="MS.VS.Services.Identity.L0.Tests.IdentityTypeMapperTests" name="IdentityMapper_Should_return_validIdentityTypeName_when_typeId_is_valid" />
    </UnitTest>
    <UnitTest name="IdentityMapper_should_return_false_if_typeName_is_NullOrEmpty" storage="d:\v2.0\a1\_work\dbded102\bin\release.anycpu\sps.service\ms.vs.services.identity.l0.tests\ms.vs.services.identity.l0.tests.dll" id="4bf4353c-73ea-3ab0-5e36-be9aeaac9d7c">
      <Execution id="ce6139ef-1a45-41fa-b393-c8c914275449" />
      <TestMethod codeBase="D:\v2.0\A1\_work\dbded102\bin\Release.AnyCPU\Sps.Service\MS.VS.Services.Identity.L0.Tests\MS.VS.Services.Identity.L0.Tests.dll" adapterTypeName="Microsoft.VisualStudio.TestTools.TestTypes.Unit.UnitTestAdapter" className="MS.VS.Services.Identity.L0.Tests.IdentityTypeMapperTests" name="IdentityMapper_should_return_false_if_typeName_is_NullOrEmpty" />
    </UnitTest>
    <UnitTest name="IdentityMapper_should_return_false_if_typeName_is_Invalid" storage="d:\v2.0\a1\_work\dbded102\bin\release.anycpu\sps.service\ms.vs.services.identity.l0.tests\ms.vs.services.identity.l0.tests.dll" id="64f55b9e-9201-5774-81d5-312a693b8896">
      <Execution id="8f2dbac6-9da0-4676-8428-35612d4372f3" />
      <TestMethod codeBase="D:\v2.0\A1\_work\dbded102\bin\Release.AnyCPU\Sps.Service\MS.VS.Services.Identity.L0.Tests\MS.VS.Services.Identity.L0.Tests.dll" adapterTypeName="Microsoft.VisualStudio.TestTools.TestTypes.Unit.UnitTestAdapter" className="MS.VS.Services.Identity.L0.Tests.IdentityTypeMapperTests" name="IdentityMapper_should_return_false_if_typeName_is_Invalid" />
    </UnitTest>
    <UnitTest name="IdentityMapper_should_return_true_if_typeName_is_Valid" storage="d:\v2.0\a1\_work\dbded102\bin\release.anycpu\sps.service\ms.vs.services.identity.l0.tests\ms.vs.services.identity.l0.tests.dll" id="76066ddc-e054-d819-a169-0698db74d6b2">
      <Execution id="ba9e8ed7-2e8f-46e2-943a-c83f6f03416c" />
      <TestMethod codeBase="D:\v2.0\A1\_work\dbded102\bin\Release.AnyCPU\Sps.Service\MS.VS.Services.Identity.L0.Tests\MS.VS.Services.Identity.L0.Tests.dll" adapterTypeName="Microsoft.VisualStudio.TestTools.TestTypes.Unit.UnitTestAdapter" className="MS.VS.Services.Identity.L0.Tests.IdentityTypeMapperTests" name="IdentityMapper_should_return_true_if_typeName_is_Valid" />
    </UnitTest>
    <UnitTest name="PlatformIdentityIdMruService_GetMruIdentities_ValidatesHost" storage="d:\v2.0\a1\_work\dbded102\bin\release.anycpu\sps.service\ms.vs.services.identity.l0.tests\ms.vs.services.identity.l0.tests.dll" id="ebf64798-6f22-904e-4afa-85fe70eb908b">
      <Owners>
        <Owner name="vscsauthztest" />
      </Owners>
      <Execution id="34a259f4-c637-453f-b1eb-789cd9da897c" />
      <TestMethod codeBase="D:\v2.0\A1\_work\dbded102\bin\Release.AnyCPU\Sps.Service\MS.VS.Services.Identity.L0.Tests\MS.VS.Services.Identity.L0.Tests.dll" adapterTypeName="Microsoft.VisualStudio.TestTools.TestTypes.Unit.UnitTestAdapter" className="MS.VS.Services.Identity.L0.Tests.PlatformIdentityIdMruServiceTests" name="PlatformIdentityIdMruService_GetMruIdentities_ValidatesHost" />
    </UnitTest>
    <UnitTest name="PlatformIdentityIdMruService_SetMruIdentities_ValidatesHost" storage="d:\v2.0\a1\_work\dbded102\bin\release.anycpu\sps.service\ms.vs.services.identity.l0.tests\ms.vs.services.identity.l0.tests.dll" id="8465b482-dd77-a33a-8bea-27a913112035">
      <Owners>
        <Owner name="vscsauthztest" />
      </Owners>
      <Execution id="10ece246-38c0-4968-9647-4cc5d4697b03" />
      <TestMethod codeBase="D:\v2.0\A1\_work\dbded102\bin\Release.AnyCPU\Sps.Service\MS.VS.Services.Identity.L0.Tests\MS.VS.Services.Identity.L0.Tests.dll" adapterTypeName="Microsoft.VisualStudio.TestTools.TestTypes.Unit.UnitTestAdapter" className="MS.VS.Services.Identity.L0.Tests.PlatformIdentityIdMruServiceTests" name="PlatformIdentityIdMruService_SetMruIdentities_ValidatesHost" />
    </UnitTest>
    <UnitTest name="PlatformIdentityIdMruService_AddMruIdentities_ValidatesHost" storage="d:\v2.0\a1\_work\dbded102\bin\release.anycpu\sps.service\ms.vs.services.identity.l0.tests\ms.vs.services.identity.l0.tests.dll" id="d36774f5-ffe7-235d-1589-0ad41da8f046">
      <Owners>
        <Owner name="vscsauthztest" />
      </Owners>
      <Execution id="c4fb3a10-3241-42cc-89c0-f61308ec8f59" />
      <TestMethod codeBase="D:\v2.0\A1\_work\dbded102\bin\Release.AnyCPU\Sps.Service\MS.VS.Services.Identity.L0.Tests\MS.VS.Services.Identity.L0.Tests.dll" adapterTypeName="Microsoft.VisualStudio.TestTools.TestTypes.Unit.UnitTestAdapter" className="MS.VS.Services.Identity.L0.Tests.PlatformIdentityIdMruServiceTests" name="PlatformIdentityIdMruService_AddMruIdentities_ValidatesHost" />
    </UnitTest>
    <UnitTest name="PlatformIdentityIdMruService_RemoveMruIdentities_ValidatesHost" storage="d:\v2.0\a1\_work\dbded102\bin\release.anycpu\sps.service\ms.vs.services.identity.l0.tests\ms.vs.services.identity.l0.tests.dll" id="054dbcfc-6627-4127-5473-a1db8ee9b35a">
      <Owners>
        <Owner name="vscsauthztest" />
      </Owners>
      <Execution id="fd27b320-5ba5-46e4-8c3d-d2c1b9119405" />
      <TestMethod codeBase="D:\v2.0\A1\_work\dbded102\bin\Release.AnyCPU\Sps.Service\MS.VS.Services.Identity.L0.Tests\MS.VS.Services.Identity.L0.Tests.dll" adapterTypeName="Microsoft.VisualStudio.TestTools.TestTypes.Unit.UnitTestAdapter" className="MS.VS.Services.Identity.L0.Tests.PlatformIdentityIdMruServiceTests" name="PlatformIdentityIdMruService_RemoveMruIdentities_ValidatesHost" />
    </UnitTest>
    <UnitTest name="PlatformIdentityIdMruService_GetMruIdentities_Throws_WhenEmptyContainerIsPassed" storage="d:\v2.0\a1\_work\dbded102\bin\release.anycpu\sps.service\ms.vs.services.identity.l0.tests\ms.vs.services.identity.l0.tests.dll" id="24124491-4b3d-e526-8701-8e9777d81b50">
      <Owners>
        <Owner name="vscsauthztest" />
      </Owners>
      <Execution id="8626788f-36d1-4e3e-952d-f89d711b9f60" />
      <TestMethod codeBase="D:\v2.0\A1\_work\dbded102\bin\Release.AnyCPU\Sps.Service\MS.VS.Services.Identity.L0.Tests\MS.VS.Services.Identity.L0.Tests.dll" adapterTypeName="Microsoft.VisualStudio.TestTools.TestTypes.Unit.UnitTestAdapter" className="MS.VS.Services.Identity.L0.Tests.PlatformIdentityIdMruServiceTests" name="PlatformIdentityIdMruService_GetMruIdentities_Throws_WhenEmptyContainerIsPassed" />
    </UnitTest>
    <UnitTest name="PlatformIdentityIdMruService_SetMruIdentities_Throws_WhenEmptyContainerIsPassed" storage="d:\v2.0\a1\_work\dbded102\bin\release.anycpu\sps.service\ms.vs.services.identity.l0.tests\ms.vs.services.identity.l0.tests.dll" id="4faad5ff-5e0c-18c0-7143-6a6ab22152fe">
      <Owners>
        <Owner name="vscsauthztest" />
      </Owners>
      <Execution id="623cd05e-f7cd-47f7-bd24-0d3cea8c3591" />
      <TestMethod codeBase="D:\v2.0\A1\_work\dbded102\bin\Release.AnyCPU\Sps.Service\MS.VS.Services.Identity.L0.Tests\MS.VS.Services.Identity.L0.Tests.dll" adapterTypeName="Microsoft.VisualStudio.TestTools.TestTypes.Unit.UnitTestAdapter" className="MS.VS.Services.Identity.L0.Tests.PlatformIdentityIdMruServiceTests" name="PlatformIdentityIdMruService_SetMruIdentities_Throws_WhenEmptyContainerIsPassed" />
    </UnitTest>
    <UnitTest name="PlatformIdentityIdMruService_AddMruIdentities_Throws_WhenEmptyContainerIsPassed" storage="d:\v2.0\a1\_work\dbded102\bin\release.anycpu\sps.service\ms.vs.services.identity.l0.tests\ms.vs.services.identity.l0.tests.dll" id="ed648c16-406e-f8d3-8108-db57c8532b5a">
      <Owners>
        <Owner name="vscsauthztest" />
      </Owners>
      <Execution id="8b404836-09ef-4f4d-8c0f-4aac2d293e68" />
      <TestMethod codeBase="D:\v2.0\A1\_work\dbded102\bin\Release.AnyCPU\Sps.Service\MS.VS.Services.Identity.L0.Tests\MS.VS.Services.Identity.L0.Tests.dll" adapterTypeName="Microsoft.VisualStudio.TestTools.TestTypes.Unit.UnitTestAdapter" className="MS.VS.Services.Identity.L0.Tests.PlatformIdentityIdMruServiceTests" name="PlatformIdentityIdMruService_AddMruIdentities_Throws_WhenEmptyContainerIsPassed" />
    </UnitTest>
    <UnitTest name="PlatformIdentityIdMruService_RemoveMruIdentities_Throws_WhenEmptyContainerIsPassed" storage="d:\v2.0\a1\_work\dbded102\bin\release.anycpu\sps.service\ms.vs.services.identity.l0.tests\ms.vs.services.identity.l0.tests.dll" id="94893bdc-d1d9-9a84-fb9e-489cc7a781a9">
      <Owners>
        <Owner name="vscsauthztest" />
      </Owners>
      <Execution id="5519cb38-ea68-4db7-92ef-d00fee51d09f" />
      <TestMethod codeBase="D:\v2.0\A1\_work\dbded102\bin\Release.AnyCPU\Sps.Service\MS.VS.Services.Identity.L0.Tests\MS.VS.Services.Identity.L0.Tests.dll" adapterTypeName="Microsoft.VisualStudio.TestTools.TestTypes.Unit.UnitTestAdapter" className="MS.VS.Services.Identity.L0.Tests.PlatformIdentityIdMruServiceTests" name="PlatformIdentityIdMruService_RemoveMruIdentities_Throws_WhenEmptyContainerIsPassed" />
    </UnitTest>
    <UnitTest name="PlatformIdentityIdMruService_SetMruIdentities_Throws_WhenNullMruIdentitiesIsPassed" storage="d:\v2.0\a1\_work\dbded102\bin\release.anycpu\sps.service\ms.vs.services.identity.l0.tests\ms.vs.services.identity.l0.tests.dll" id="22e1b773-bb38-a3b4-c629-747124b42dc4">
      <Owners>
        <Owner name="vscsauthztest" />
      </Owners>
      <Execution id="a76b7faa-d340-4331-9364-c584a2caa239" />
      <TestMethod codeBase="D:\v2.0\A1\_work\dbded102\bin\Release.AnyCPU\Sps.Service\MS.VS.Services.Identity.L0.Tests\MS.VS.Services.Identity.L0.Tests.dll" adapterTypeName="Microsoft.VisualStudio.TestTools.TestTypes.Unit.UnitTestAdapter" className="MS.VS.Services.Identity.L0.Tests.PlatformIdentityIdMruServiceTests" name="PlatformIdentityIdMruService_SetMruIdentities_Throws_WhenNullMruIdentitiesIsPassed" />
    </UnitTest>
    <UnitTest name="PlatformIdentityIdMruService_AddMruIdentities_Throws_WhenNullMruIdentitiesIsPassed" storage="d:\v2.0\a1\_work\dbded102\bin\release.anycpu\sps.service\ms.vs.services.identity.l0.tests\ms.vs.services.identity.l0.tests.dll" id="3095c745-c531-3e90-a521-e9a375ac900e">
      <Owners>
        <Owner name="vscsauthztest" />
      </Owners>
      <Execution id="8e3eb417-264d-4ca8-8e2d-fdbc9c5bebf5" />
      <TestMethod codeBase="D:\v2.0\A1\_work\dbded102\bin\Release.AnyCPU\Sps.Service\MS.VS.Services.Identity.L0.Tests\MS.VS.Services.Identity.L0.Tests.dll" adapterTypeName="Microsoft.VisualStudio.TestTools.TestTypes.Unit.UnitTestAdapter" className="MS.VS.Services.Identity.L0.Tests.PlatformIdentityIdMruServiceTests" name="PlatformIdentityIdMruService_AddMruIdentities_Throws_WhenNullMruIdentitiesIsPassed" />
    </UnitTest>
    <UnitTest name="PlatformIdentityIdMruService_RemoveMruIdentities_Throws_WhenNullMruIdentitiesIsPassed" storage="d:\v2.0\a1\_work\dbded102\bin\release.anycpu\sps.service\ms.vs.services.identity.l0.tests\ms.vs.services.identity.l0.tests.dll" id="16808b55-8ed0-5015-527a-610b40afed13">
      <Owners>
        <Owner name="vscsauthztest" />
      </Owners>
      <Execution id="f9ae917a-6bc4-4136-a15b-25434e50f6db" />
      <TestMethod codeBase="D:\v2.0\A1\_work\dbded102\bin\Release.AnyCPU\Sps.Service\MS.VS.Services.Identity.L0.Tests\MS.VS.Services.Identity.L0.Tests.dll" adapterTypeName="Microsoft.VisualStudio.TestTools.TestTypes.Unit.UnitTestAdapter" className="MS.VS.Services.Identity.L0.Tests.PlatformIdentityIdMruServiceTests" name="PlatformIdentityIdMruService_RemoveMruIdentities_Throws_WhenNullMruIdentitiesIsPassed" />
    </UnitTest>
    <UnitTest name="PlatformIdentityIdMruService_GetMruIdentities_ChecksPermission_WhenRequestIsNotForSelf" storage="d:\v2.0\a1\_work\dbded102\bin\release.anycpu\sps.service\ms.vs.services.identity.l0.tests\ms.vs.services.identity.l0.tests.dll" id="886c0e0e-2a1e-4a7d-7bce-3d6743e56070">
      <Owners>
        <Owner name="vscsauthztest" />
      </Owners>
      <Execution id="39035477-4ddb-443f-a23a-83e32e1f0b2a" />
      <TestMethod codeBase="D:\v2.0\A1\_work\dbded102\bin\Release.AnyCPU\Sps.Service\MS.VS.Services.Identity.L0.Tests\MS.VS.Services.Identity.L0.Tests.dll" adapterTypeName="Microsoft.VisualStudio.TestTools.TestTypes.Unit.UnitTestAdapter" className="MS.VS.Services.Identity.L0.Tests.PlatformIdentityIdMruServiceTests" name="PlatformIdentityIdMruService_GetMruIdentities_ChecksPermission_WhenRequestIsNotForSelf" />
    </UnitTest>
    <UnitTest name="PlatformIdentityIdMruService_SetMruIdentities_ChecksPermission" storage="d:\v2.0\a1\_work\dbded102\bin\release.anycpu\sps.service\ms.vs.services.identity.l0.tests\ms.vs.services.identity.l0.tests.dll" id="7fc11af6-8811-36a4-f4b7-c5e209a607f5">
      <Owners>
        <Owner name="vscsauthztest" />
      </Owners>
      <Execution id="62b71289-a5b6-4a7a-bbde-b0e3a1d3d5bf" />
      <TestMethod codeBase="D:\v2.0\A1\_work\dbded102\bin\Release.AnyCPU\Sps.Service\MS.VS.Services.Identity.L0.Tests\MS.VS.Services.Identity.L0.Tests.dll" adapterTypeName="Microsoft.VisualStudio.TestTools.TestTypes.Unit.UnitTestAdapter" className="MS.VS.Services.Identity.L0.Tests.PlatformIdentityIdMruServiceTests" name="PlatformIdentityIdMruService_SetMruIdentities_ChecksPermission" />
    </UnitTest>
    <UnitTest name="PlatformIdentityIdMruService_AddMruIdentities_ChecksPermission" storage="d:\v2.0\a1\_work\dbded102\bin\release.anycpu\sps.service\ms.vs.services.identity.l0.tests\ms.vs.services.identity.l0.tests.dll" id="aa35e890-a9a9-deb1-49eb-a862990e8425">
      <Owners>
        <Owner name="vscsauthztest" />
      </Owners>
      <Execution id="8ec65023-ecb6-49a6-9770-f25b046220d1" />
      <TestMethod codeBase="D:\v2.0\A1\_work\dbded102\bin\Release.AnyCPU\Sps.Service\MS.VS.Services.Identity.L0.Tests\MS.VS.Services.Identity.L0.Tests.dll" adapterTypeName="Microsoft.VisualStudio.TestTools.TestTypes.Unit.UnitTestAdapter" className="MS.VS.Services.Identity.L0.Tests.PlatformIdentityIdMruServiceTests" name="PlatformIdentityIdMruService_AddMruIdentities_ChecksPermission" />
    </UnitTest>
    <UnitTest name="PlatformIdentityIdMruService_RemoveMruIdentities_ChecksPermission" storage="d:\v2.0\a1\_work\dbded102\bin\release.anycpu\sps.service\ms.vs.services.identity.l0.tests\ms.vs.services.identity.l0.tests.dll" id="3e8ab258-51d3-75bf-3cda-39300ba8e391">
      <Owners>
        <Owner name="vscsauthztest" />
      </Owners>
      <Execution id="dbb88946-b46d-4d0e-af58-cc25bfe98f59" />
      <TestMethod codeBase="D:\v2.0\A1\_work\dbded102\bin\Release.AnyCPU\Sps.Service\MS.VS.Services.Identity.L0.Tests\MS.VS.Services.Identity.L0.Tests.dll" adapterTypeName="Microsoft.VisualStudio.TestTools.TestTypes.Unit.UnitTestAdapter" className="MS.VS.Services.Identity.L0.Tests.PlatformIdentityIdMruServiceTests" name="PlatformIdentityIdMruService_RemoveMruIdentities_ChecksPermission" />
    </UnitTest>
    <UnitTest name="PlatformIdentityIdMruService_GetMruIdentities_Throws_WhenRequestedIdentityIsNotInScope" storage="d:\v2.0\a1\_work\dbded102\bin\release.anycpu\sps.service\ms.vs.services.identity.l0.tests\ms.vs.services.identity.l0.tests.dll" id="e96d6361-b13a-170c-1843-ccfcf96cc85b">
      <Owners>
        <Owner name="vscsauthztest" />
      </Owners>
      <Execution id="342a91b3-2038-49f6-ae05-22c80786ad32" />
      <TestMethod codeBase="D:\v2.0\A1\_work\dbded102\bin\Release.AnyCPU\Sps.Service\MS.VS.Services.Identity.L0.Tests\MS.VS.Services.Identity.L0.Tests.dll" adapterTypeName="Microsoft.VisualStudio.TestTools.TestTypes.Unit.UnitTestAdapter" className="MS.VS.Services.Identity.L0.Tests.PlatformIdentityIdMruServiceTests" name="PlatformIdentityIdMruService_GetMruIdentities_Throws_WhenRequestedIdentityIsNotInScope" />
    </UnitTest>
    <UnitTest name="PlatformIdentityIdMruService_SetMruIdentities_Throws_WhenRequestedIdentityIsNotInScope" storage="d:\v2.0\a1\_work\dbded102\bin\release.anycpu\sps.service\ms.vs.services.identity.l0.tests\ms.vs.services.identity.l0.tests.dll" id="d05b71f7-ee07-399c-221c-d090135c16f1">
      <Owners>
        <Owner name="vscsauthztest" />
      </Owners>
      <Execution id="a9286cd7-a719-44c5-9426-b630d71159f9" />
      <TestMethod codeBase="D:\v2.0\A1\_work\dbded102\bin\Release.AnyCPU\Sps.Service\MS.VS.Services.Identity.L0.Tests\MS.VS.Services.Identity.L0.Tests.dll" adapterTypeName="Microsoft.VisualStudio.TestTools.TestTypes.Unit.UnitTestAdapter" className="MS.VS.Services.Identity.L0.Tests.PlatformIdentityIdMruServiceTests" name="PlatformIdentityIdMruService_SetMruIdentities_Throws_WhenRequestedIdentityIsNotInScope" />
    </UnitTest>
    <UnitTest name="PlatformIdentityIdMruService_AddMruIdentities_Throws_WhenRequestedIdentityIsNotInScope" storage="d:\v2.0\a1\_work\dbded102\bin\release.anycpu\sps.service\ms.vs.services.identity.l0.tests\ms.vs.services.identity.l0.tests.dll" id="10402fa0-2234-9ac3-35a3-954da52bfac3">
      <Owners>
        <Owner name="vscsauthztest" />
      </Owners>
      <Execution id="7f4b10da-95eb-4696-9375-460e02a13f1b" />
      <TestMethod codeBase="D:\v2.0\A1\_work\dbded102\bin\Release.AnyCPU\Sps.Service\MS.VS.Services.Identity.L0.Tests\MS.VS.Services.Identity.L0.Tests.dll" adapterTypeName="Microsoft.VisualStudio.TestTools.TestTypes.Unit.UnitTestAdapter" className="MS.VS.Services.Identity.L0.Tests.PlatformIdentityIdMruServiceTests" name="PlatformIdentityIdMruService_AddMruIdentities_Throws_WhenRequestedIdentityIsNotInScope" />
    </UnitTest>
    <UnitTest name="PlatformIdentityIdMruService_RemoveMruIdentities_Throws_WhenRequestedIdentityIsNotInScope" storage="d:\v2.0\a1\_work\dbded102\bin\release.anycpu\sps.service\ms.vs.services.identity.l0.tests\ms.vs.services.identity.l0.tests.dll" id="1986d3a9-80c3-8b78-508b-83d6fd8e0397">
      <Owners>
        <Owner name="vscsauthztest" />
      </Owners>
      <Execution id="397f9152-9978-4e2b-8eb6-1ba3c857f01b" />
      <TestMethod codeBase="D:\v2.0\A1\_work\dbded102\bin\Release.AnyCPU\Sps.Service\MS.VS.Services.Identity.L0.Tests\MS.VS.Services.Identity.L0.Tests.dll" adapterTypeName="Microsoft.VisualStudio.TestTools.TestTypes.Unit.UnitTestAdapter" className="MS.VS.Services.Identity.L0.Tests.PlatformIdentityIdMruServiceTests" name="PlatformIdentityIdMruService_RemoveMruIdentities_Throws_WhenRequestedIdentityIsNotInScope" />
    </UnitTest>
    <UnitTest name="PlatformIdentityIdMruService_GetMruIdentities_Returns_ExpectedResults" storage="d:\v2.0\a1\_work\dbded102\bin\release.anycpu\sps.service\ms.vs.services.identity.l0.tests\ms.vs.services.identity.l0.tests.dll" id="292515b1-387b-95b8-ef4b-854461bf31ff">
      <Owners>
        <Owner name="vscsauthztest" />
      </Owners>
      <Execution id="5e41f9ee-8c3f-46ca-ba7d-c37c9fe14805" />
      <TestMethod codeBase="D:\v2.0\A1\_work\dbded102\bin\Release.AnyCPU\Sps.Service\MS.VS.Services.Identity.L0.Tests\MS.VS.Services.Identity.L0.Tests.dll" adapterTypeName="Microsoft.VisualStudio.TestTools.TestTypes.Unit.UnitTestAdapter" className="MS.VS.Services.Identity.L0.Tests.PlatformIdentityIdMruServiceTests" name="PlatformIdentityIdMruService_GetMruIdentities_Returns_ExpectedResults" />
    </UnitTest>
    <UnitTest name="PlatformIdentityIdMruService_SetMruIdentities_ReplacesValueInStore" storage="d:\v2.0\a1\_work\dbded102\bin\release.anycpu\sps.service\ms.vs.services.identity.l0.tests\ms.vs.services.identity.l0.tests.dll" id="39932fe5-849c-adb7-18d8-ecaa62cf8d94">
      <Owners>
        <Owner name="vscsauthztest" />
      </Owners>
      <Execution id="7a24199e-d1d7-4d3d-89c0-042ae7695e55" />
      <TestMethod codeBase="D:\v2.0\A1\_work\dbded102\bin\Release.AnyCPU\Sps.Service\MS.VS.Services.Identity.L0.Tests\MS.VS.Services.Identity.L0.Tests.dll" adapterTypeName="Microsoft.VisualStudio.TestTools.TestTypes.Unit.UnitTestAdapter" className="MS.VS.Services.Identity.L0.Tests.PlatformIdentityIdMruServiceTests" name="PlatformIdentityIdMruService_SetMruIdentities_ReplacesValueInStore" />
    </UnitTest>
    <UnitTest name="PlatformIdentityIdMruService_AddMruIdentities_CreatesMru_WhenExistingMruIsEmptyOrNonExistent" storage="d:\v2.0\a1\_work\dbded102\bin\release.anycpu\sps.service\ms.vs.services.identity.l0.tests\ms.vs.services.identity.l0.tests.dll" id="c54f18aa-5971-d23a-0d81-e2c6b4c11cf8">
      <Owners>
        <Owner name="vscsauthztest" />
      </Owners>
      <Execution id="8015ef07-4335-4949-9736-e5ac674baa09" />
      <TestMethod codeBase="D:\v2.0\A1\_work\dbded102\bin\Release.AnyCPU\Sps.Service\MS.VS.Services.Identity.L0.Tests\MS.VS.Services.Identity.L0.Tests.dll" adapterTypeName="Microsoft.VisualStudio.TestTools.TestTypes.Unit.UnitTestAdapter" className="MS.VS.Services.Identity.L0.Tests.PlatformIdentityIdMruServiceTests" name="PlatformIdentityIdMruService_AddMruIdentities_CreatesMru_WhenExistingMruIsEmptyOrNonExistent" />
    </UnitTest>
    <UnitTest name="PlatformIdentityIdMruService_AddMruIdentities_MergesAndMovesAddedIdentitiesToTop_WhenMruExists" storage="d:\v2.0\a1\_work\dbded102\bin\release.anycpu\sps.service\ms.vs.services.identity.l0.tests\ms.vs.services.identity.l0.tests.dll" id="f5f6302d-84d0-9ccc-3939-176d60cf7934">
      <Owners>
        <Owner name="vscsauthztest" />
      </Owners>
      <Execution id="7ffaaa9d-001a-4db4-a352-40b2a9fce1c4" />
      <TestMethod codeBase="D:\v2.0\A1\_work\dbded102\bin\Release.AnyCPU\Sps.Service\MS.VS.Services.Identity.L0.Tests\MS.VS.Services.Identity.L0.Tests.dll" adapterTypeName="Microsoft.VisualStudio.TestTools.TestTypes.Unit.UnitTestAdapter" className="MS.VS.Services.Identity.L0.Tests.PlatformIdentityIdMruServiceTests" name="PlatformIdentityIdMruService_AddMruIdentities_MergesAndMovesAddedIdentitiesToTop_WhenMruExists" />
    </UnitTest>
    <UnitTest name="PlatformIdentityIdMruService_RemoveMruIdentities_RemovesIdentities" storage="d:\v2.0\a1\_work\dbded102\bin\release.anycpu\sps.service\ms.vs.services.identity.l0.tests\ms.vs.services.identity.l0.tests.dll" id="4e4da75d-da31-78eb-b8ac-5c71d175f155">
      <Owners>
        <Owner name="vscsauthztest" />
      </Owners>
      <Execution id="fc38da23-9a1b-4127-84f8-1e7f71d39a4f" />
      <TestMethod codeBase="D:\v2.0\A1\_work\dbded102\bin\Release.AnyCPU\Sps.Service\MS.VS.Services.Identity.L0.Tests\MS.VS.Services.Identity.L0.Tests.dll" adapterTypeName="Microsoft.VisualStudio.TestTools.TestTypes.Unit.UnitTestAdapter" className="MS.VS.Services.Identity.L0.Tests.PlatformIdentityIdMruServiceTests" name="PlatformIdentityIdMruService_RemoveMruIdentities_RemovesIdentities" />
    </UnitTest>
    <UnitTest name="PlatformIdentityIdMruService_RemoveMruIdentities_Works_WhenAllIdentitiesAreRemoved" storage="d:\v2.0\a1\_work\dbded102\bin\release.anycpu\sps.service\ms.vs.services.identity.l0.tests\ms.vs.services.identity.l0.tests.dll" id="e9a4e2b5-53be-cde9-e1e1-8ee5b2b7606b">
      <Owners>
        <Owner name="vscsauthztest" />
      </Owners>
      <Execution id="8159430a-2920-41da-86d3-e6a18ad6618d" />
      <TestMethod codeBase="D:\v2.0\A1\_work\dbded102\bin\Release.AnyCPU\Sps.Service\MS.VS.Services.Identity.L0.Tests\MS.VS.Services.Identity.L0.Tests.dll" adapterTypeName="Microsoft.VisualStudio.TestTools.TestTypes.Unit.UnitTestAdapter" className="MS.VS.Services.Identity.L0.Tests.PlatformIdentityIdMruServiceTests" name="PlatformIdentityIdMruService_RemoveMruIdentities_Works_WhenAllIdentitiesAreRemoved" />
    </UnitTest>
    <UnitTest name="PlatformIdentityIdMruService_RemoveMruIdentities_Works_WhenExistingMruIsEmptyOrNonExistent" storage="d:\v2.0\a1\_work\dbded102\bin\release.anycpu\sps.service\ms.vs.services.identity.l0.tests\ms.vs.services.identity.l0.tests.dll" id="4a41b8ac-0865-f420-d908-9c870fbe9ae5">
      <Owners>
        <Owner name="vscsauthztest" />
      </Owners>
      <Execution id="f6bd156a-34ef-4c67-920c-ca9cd6ad5328" />
      <TestMethod codeBase="D:\v2.0\A1\_work\dbded102\bin\Release.AnyCPU\Sps.Service\MS.VS.Services.Identity.L0.Tests\MS.VS.Services.Identity.L0.Tests.dll" adapterTypeName="Microsoft.VisualStudio.TestTools.TestTypes.Unit.UnitTestAdapter" className="MS.VS.Services.Identity.L0.Tests.PlatformIdentityIdMruServiceTests" name="PlatformIdentityIdMruService_RemoveMruIdentities_Works_WhenExistingMruIsEmptyOrNonExistent" />
    </UnitTest>
    <UnitTest name="ReadRequestIdentity_ReturnsUserIdentityInternal_WhenUserIdentityInternalIsPresentInRequestContext" storage="d:\v2.0\a1\_work\dbded102\bin\release.anycpu\sps.service\ms.vs.services.identity.l0.tests\ms.vs.services.identity.l0.tests.dll" id="cfabd55c-4e74-5026-703e-93685fb0f2f4">
      <Execution id="4e661cfc-26a3-4659-bc51-5055c83f035d" />
      <TestMethod codeBase="D:\v2.0\A1\_work\dbded102\bin\Release.AnyCPU\Sps.Service\MS.VS.Services.Identity.L0.Tests\MS.VS.Services.Identity.L0.Tests.dll" adapterTypeName="Microsoft.VisualStudio.TestTools.TestTypes.Unit.UnitTestAdapter" className="MS.VS.Services.Identity.L0.Tests.PlatformIdentityServiceTests" name="ReadRequestIdentity_ReturnsUserIdentityInternal_WhenUserIdentityInternalIsPresentInRequestContext" />
    </UnitTest>
    <UnitTest name="ReadRequestIdentity_ReturnsNull_WhenBothUserIdentityInternalAndUserContextAreAbsentInRequestContext" storage="d:\v2.0\a1\_work\dbded102\bin\release.anycpu\sps.service\ms.vs.services.identity.l0.tests\ms.vs.services.identity.l0.tests.dll" id="969b79de-18a4-0339-d1c6-0ba80ad85713">
      <Execution id="62367d39-fa88-4349-b742-0d27fcb89021" />
      <TestMethod codeBase="D:\v2.0\A1\_work\dbded102\bin\Release.AnyCPU\Sps.Service\MS.VS.Services.Identity.L0.Tests\MS.VS.Services.Identity.L0.Tests.dll" adapterTypeName="Microsoft.VisualStudio.TestTools.TestTypes.Unit.UnitTestAdapter" className="MS.VS.Services.Identity.L0.Tests.PlatformIdentityServiceTests" name="ReadRequestIdentity_ReturnsNull_WhenBothUserIdentityInternalAndUserContextAreAbsentInRequestContext" />
    </UnitTest>
    <UnitTest name="ReadIdentities_ReturnsEmptyIdentity_WhenUsingDescriptorsAndDescriptorsIsNull" storage="d:\v2.0\a1\_work\dbded102\bin\release.anycpu\sps.service\ms.vs.services.identity.l0.tests\ms.vs.services.identity.l0.tests.dll" id="b3c445c7-53e2-94f0-b3c2-4a4b4793a533">
      <Execution id="e2e039cd-cb77-4f22-a8d3-cde395bf4b1e" />
      <TestMethod codeBase="D:\v2.0\A1\_work\dbded102\bin\Release.AnyCPU\Sps.Service\MS.VS.Services.Identity.L0.Tests\MS.VS.Services.Identity.L0.Tests.dll" adapterTypeName="Microsoft.VisualStudio.TestTools.TestTypes.Unit.UnitTestAdapter" className="MS.VS.Services.Identity.L0.Tests.PlatformIdentityServiceTests" name="ReadIdentities_ReturnsEmptyIdentity_WhenUsingDescriptorsAndDescriptorsIsNull" />
    </UnitTest>
    <UnitTest name="GetScope_UsesPlatformIdentityStoreGetScope_WhenGettingByScopeId" storage="d:\v2.0\a1\_work\dbded102\bin\release.anycpu\sps.service\ms.vs.services.identity.l0.tests\ms.vs.services.identity.l0.tests.dll" id="bea8a408-4113-57c4-c61a-0596e905d971">
      <Execution id="3399fbde-247e-4c69-90d5-7f43c183c57e" />
      <TestMethod codeBase="D:\v2.0\A1\_work\dbded102\bin\Release.AnyCPU\Sps.Service\MS.VS.Services.Identity.L0.Tests\MS.VS.Services.Identity.L0.Tests.dll" adapterTypeName="Microsoft.VisualStudio.TestTools.TestTypes.Unit.UnitTestAdapter" className="MS.VS.Services.Identity.L0.Tests.PlatformIdentityServiceTests" name="GetScope_UsesPlatformIdentityStoreGetScope_WhenGettingByScopeId" />
    </UnitTest>
    <UnitTest name="RenameScope_UsesPlatformIdentityStoreRenameScope" storage="d:\v2.0\a1\_work\dbded102\bin\release.anycpu\sps.service\ms.vs.services.identity.l0.tests\ms.vs.services.identity.l0.tests.dll" id="be1475db-c59f-100f-13e7-57ee01fa8042">
      <Execution id="3693f53d-c816-4da8-b147-9f1cf1ed2bfa" />
      <TestMethod codeBase="D:\v2.0\A1\_work\dbded102\bin\Release.AnyCPU\Sps.Service\MS.VS.Services.Identity.L0.Tests\MS.VS.Services.Identity.L0.Tests.dll" adapterTypeName="Microsoft.VisualStudio.TestTools.TestTypes.Unit.UnitTestAdapter" className="MS.VS.Services.Identity.L0.Tests.PlatformIdentityServiceTests" name="RenameScope_UsesPlatformIdentityStoreRenameScope" />
    </UnitTest>
    <UnitTest name="IsMember_UsesPlatformIdentityStoreIsMember" storage="d:\v2.0\a1\_work\dbded102\bin\release.anycpu\sps.service\ms.vs.services.identity.l0.tests\ms.vs.services.identity.l0.tests.dll" id="d2e65ae8-39e9-d754-6931-841168f470e9">
      <Execution id="ae12f726-2174-4595-a70a-43db8df8b0c6" />
      <TestMethod codeBase="D:\v2.0\A1\_work\dbded102\bin\Release.AnyCPU\Sps.Service\MS.VS.Services.Identity.L0.Tests\MS.VS.Services.Identity.L0.Tests.dll" adapterTypeName="Microsoft.VisualStudio.TestTools.TestTypes.Unit.UnitTestAdapter" className="MS.VS.Services.Identity.L0.Tests.PlatformIdentityServiceTests" name="IsMember_UsesPlatformIdentityStoreIsMember" />
    </UnitTest>
    <UnitTest name="GetCurrentChangeId_CallsPlatformIdentityStoreGetCurrentChangeId" storage="d:\v2.0\a1\_work\dbded102\bin\release.anycpu\sps.service\ms.vs.services.identity.l0.tests\ms.vs.services.identity.l0.tests.dll" id="ec308b30-bef1-c4a3-dea1-6980db5fecae">
      <Execution id="0995dc47-30f0-4c8e-8635-9dc4549749d6" />
      <TestMethod codeBase="D:\v2.0\A1\_work\dbded102\bin\Release.AnyCPU\Sps.Service\MS.VS.Services.Identity.L0.Tests\MS.VS.Services.Identity.L0.Tests.dll" adapterTypeName="Microsoft.VisualStudio.TestTools.TestTypes.Unit.UnitTestAdapter" className="MS.VS.Services.Identity.L0.Tests.PlatformIdentityServiceTests" name="GetCurrentChangeId_CallsPlatformIdentityStoreGetCurrentChangeId" />
    </UnitTest>
    <UnitTest name="CreateScope_ProjectScopeAsParent" storage="d:\v2.0\a1\_work\dbded102\bin\release.anycpu\sps.service\ms.vs.services.identity.l0.tests\ms.vs.services.identity.l0.tests.dll" id="ea5bf340-cf7d-43d7-f340-020529032daf">
      <Execution id="abdd02f4-60bd-4e2b-9caf-78cab225337a" />
      <TestMethod codeBase="D:\v2.0\A1\_work\dbded102\bin\Release.AnyCPU\Sps.Service\MS.VS.Services.Identity.L0.Tests\MS.VS.Services.Identity.L0.Tests.dll" adapterTypeName="Microsoft.VisualStudio.TestTools.TestTypes.Unit.UnitTestAdapter" className="MS.VS.Services.Identity.L0.Tests.PlatformIdentityServiceTests" name="CreateScope_ProjectScopeAsParent" />
    </UnitTest>
    <UnitTest name="RemoveMemberFromGroup_InvalidMemberIdentityType" storage="d:\v2.0\a1\_work\dbded102\bin\release.anycpu\sps.service\ms.vs.services.identity.l0.tests\ms.vs.services.identity.l0.tests.dll" priority="1" id="55430854-1501-e599-f691-a2b42a28d061">
      <Owners>
        <Owner name="vscsauthztest" />
      </Owners>
      <Execution id="d04b8bd6-2c87-4fbe-bbf3-1b746e93c5a1" />
      <TestMethod codeBase="D:\v2.0\A1\_work\dbded102\bin\Release.AnyCPU\Sps.Service\MS.VS.Services.Identity.L0.Tests\MS.VS.Services.Identity.L0.Tests.dll" adapterTypeName="Microsoft.VisualStudio.TestTools.TestTypes.Unit.UnitTestAdapter" className="MS.VS.Services.Identity.L0.Tests.PlatformIdentityServiceTests" name="RemoveMemberFromGroup_InvalidMemberIdentityType" />
    </UnitTest>
    <UnitTest name="RemoveMemberFromGroup_InvalidMemberIdentifier" storage="d:\v2.0\a1\_work\dbded102\bin\release.anycpu\sps.service\ms.vs.services.identity.l0.tests\ms.vs.services.identity.l0.tests.dll" priority="1" id="6c7cae5b-920a-5c62-897f-3791b0f2687e">
      <Owners>
        <Owner name="vscsauthztest" />
      </Owners>
      <Execution id="3e4f21f4-68ce-419c-a715-1b1320bb9640" />
      <TestMethod codeBase="D:\v2.0\A1\_work\dbded102\bin\Release.AnyCPU\Sps.Service\MS.VS.Services.Identity.L0.Tests\MS.VS.Services.Identity.L0.Tests.dll" adapterTypeName="Microsoft.VisualStudio.TestTools.TestTypes.Unit.UnitTestAdapter" className="MS.VS.Services.Identity.L0.Tests.PlatformIdentityServiceTests" name="RemoveMemberFromGroup_InvalidMemberIdentifier" />
    </UnitTest>
    <UnitTest name="RemoveMemberFromGroup_InvalidGroupValidation" storage="d:\v2.0\a1\_work\dbded102\bin\release.anycpu\sps.service\ms.vs.services.identity.l0.tests\ms.vs.services.identity.l0.tests.dll" priority="1" id="77140917-f63e-8119-130f-d77bef543be7">
      <Owners>
        <Owner name="vscsauthztest" />
      </Owners>
      <Execution id="468ef971-37cf-40cf-9a9a-7469736a3fce" />
      <TestMethod codeBase="D:\v2.0\A1\_work\dbded102\bin\Release.AnyCPU\Sps.Service\MS.VS.Services.Identity.L0.Tests\MS.VS.Services.Identity.L0.Tests.dll" adapterTypeName="Microsoft.VisualStudio.TestTools.TestTypes.Unit.UnitTestAdapter" className="MS.VS.Services.Identity.L0.Tests.PlatformIdentityServiceTests" name="RemoveMemberFromGroup_InvalidGroupValidation" />
    </UnitTest>
    <UnitTest name="AddMemberToGroup_NotFound" storage="d:\v2.0\a1\_work\dbded102\bin\release.anycpu\sps.service\ms.vs.services.identity.l0.tests\ms.vs.services.identity.l0.tests.dll" priority="0" id="c1cfc28e-3627-cb2d-70eb-25685f62ef7a">
      <Owners>
        <Owner name="vscsauthztest" />
      </Owners>
      <Execution id="13af919a-94dc-4da6-ab8e-c7a5fbb1166d" />
      <TestMethod codeBase="D:\v2.0\A1\_work\dbded102\bin\Release.AnyCPU\Sps.Service\MS.VS.Services.Identity.L0.Tests\MS.VS.Services.Identity.L0.Tests.dll" adapterTypeName="Microsoft.VisualStudio.TestTools.TestTypes.Unit.UnitTestAdapter" className="MS.VS.Services.Identity.L0.Tests.PlatformIdentityServiceTests" name="AddMemberToGroup_NotFound" />
    </UnitTest>
    <UnitTest name="AddMemberToGroup_SuccessTest" storage="d:\v2.0\a1\_work\dbded102\bin\release.anycpu\sps.service\ms.vs.services.identity.l0.tests\ms.vs.services.identity.l0.tests.dll" priority="0" id="032a3eea-dee5-8830-79db-7a85e2fd2361">
      <Owners>
        <Owner name="vscsauthztest" />
      </Owners>
      <Execution id="d5e00a9f-dba0-4481-819a-8d019f00be16" />
      <TestMethod codeBase="D:\v2.0\A1\_work\dbded102\bin\Release.AnyCPU\Sps.Service\MS.VS.Services.Identity.L0.Tests\MS.VS.Services.Identity.L0.Tests.dll" adapterTypeName="Microsoft.VisualStudio.TestTools.TestTypes.Unit.UnitTestAdapter" className="MS.VS.Services.Identity.L0.Tests.PlatformIdentityServiceTests" name="AddMemberToGroup_SuccessTest" />
    </UnitTest>
    <UnitTest name="WhenHostIsMaster_DoesNotCreateMapComponent" storage="d:\v2.0\a1\_work\dbded102\bin\release.anycpu\sps.service\ms.vs.services.identity.l0.tests\ms.vs.services.identity.l0.tests.dll" id="76db7e3d-2c4a-8fdb-0b42-b3920fc59b43">
      <Execution id="45ec4145-1e1a-4b6a-b68f-ed1fd0cdb1ef" />
      <TestMethod codeBase="D:\v2.0\A1\_work\dbded102\bin\Release.AnyCPU\Sps.Service\MS.VS.Services.Identity.L0.Tests\MS.VS.Services.Identity.L0.Tests.dll" adapterTypeName="Microsoft.VisualStudio.TestTools.TestTypes.Unit.UnitTestAdapter" className="MS.VS.Services.Identity.L0.Tests.IdentityIdMapperTests+MapToLocalId" name="WhenHostIsMaster_DoesNotCreateMapComponent" />
    </UnitTest>
    <UnitTest name="WhenHostIsNotMaster_WhenMappingInCache_DoesNotCreateMapComponent" storage="d:\v2.0\a1\_work\dbded102\bin\release.anycpu\sps.service\ms.vs.services.identity.l0.tests\ms.vs.services.identity.l0.tests.dll" id="f70ccf58-8083-2b6f-f1de-a8100de46959">
      <Execution id="bf124ee7-d858-4679-baf8-291b77fd1652" />
      <TestMethod codeBase="D:\v2.0\A1\_work\dbded102\bin\Release.AnyCPU\Sps.Service\MS.VS.Services.Identity.L0.Tests\MS.VS.Services.Identity.L0.Tests.dll" adapterTypeName="Microsoft.VisualStudio.TestTools.TestTypes.Unit.UnitTestAdapter" className="MS.VS.Services.Identity.L0.Tests.IdentityIdMapperTests+MapToLocalId" name="WhenHostIsNotMaster_WhenMappingInCache_DoesNotCreateMapComponent" />
    </UnitTest>
    <UnitTest name="WhenHostIsNotMaster_WhenMappingNotInCache_CreatesMapComponent" storage="d:\v2.0\a1\_work\dbded102\bin\release.anycpu\sps.service\ms.vs.services.identity.l0.tests\ms.vs.services.identity.l0.tests.dll" id="634286bc-f24a-42c0-1eb4-2c436457f302">
      <Execution id="0e66b047-6c1b-428f-bcc3-2e6b315416a0" />
      <TestMethod codeBase="D:\v2.0\A1\_work\dbded102\bin\Release.AnyCPU\Sps.Service\MS.VS.Services.Identity.L0.Tests\MS.VS.Services.Identity.L0.Tests.dll" adapterTypeName="Microsoft.VisualStudio.TestTools.TestTypes.Unit.UnitTestAdapter" className="MS.VS.Services.Identity.L0.Tests.IdentityIdMapperTests+MapToLocalId" name="WhenHostIsNotMaster_WhenMappingNotInCache_CreatesMapComponent" />
    </UnitTest>
    <UnitTest name="WhenHostIsMaster_DoesNotCreateMapComponent" storage="d:\v2.0\a1\_work\dbded102\bin\release.anycpu\sps.service\ms.vs.services.identity.l0.tests\ms.vs.services.identity.l0.tests.dll" id="659ff47b-1225-f785-0744-9fc30ab0439c">
      <Execution id="c8738353-10bc-4326-b639-7034f84873b1" />
      <TestMethod codeBase="D:\v2.0\A1\_work\dbded102\bin\Release.AnyCPU\Sps.Service\MS.VS.Services.Identity.L0.Tests\MS.VS.Services.Identity.L0.Tests.dll" adapterTypeName="Microsoft.VisualStudio.TestTools.TestTypes.Unit.UnitTestAdapter" className="MS.VS.Services.Identity.L0.Tests.IdentityIdMapperTests+MapFromLocalId" name="WhenHostIsMaster_DoesNotCreateMapComponent" />
    </UnitTest>
    <UnitTest name="WhenHostIsNotMaster_WhenMappingInCache_DoesNotCreateMapComponent" storage="d:\v2.0\a1\_work\dbded102\bin\release.anycpu\sps.service\ms.vs.services.identity.l0.tests\ms.vs.services.identity.l0.tests.dll" id="ffb30446-fbe8-5d27-d529-f8ae9f1ab6b8">
      <Execution id="023d60dd-6971-4a79-8393-a9e22f9a8cef" />
      <TestMethod codeBase="D:\v2.0\A1\_work\dbded102\bin\Release.AnyCPU\Sps.Service\MS.VS.Services.Identity.L0.Tests\MS.VS.Services.Identity.L0.Tests.dll" adapterTypeName="Microsoft.VisualStudio.TestTools.TestTypes.Unit.UnitTestAdapter" className="MS.VS.Services.Identity.L0.Tests.IdentityIdMapperTests+MapFromLocalId" name="WhenHostIsNotMaster_WhenMappingInCache_DoesNotCreateMapComponent" />
    </UnitTest>
    <UnitTest name="WhenHostIsNotMaster_WhenMappingNotInCache_CreatesMapComponent" storage="d:\v2.0\a1\_work\dbded102\bin\release.anycpu\sps.service\ms.vs.services.identity.l0.tests\ms.vs.services.identity.l0.tests.dll" id="8b64c661-0201-a0d7-af43-67b6f497efa4">
      <Execution id="036fd661-efd3-4c15-8900-39c4fdcd5894" />
      <TestMethod codeBase="D:\v2.0\A1\_work\dbded102\bin\Release.AnyCPU\Sps.Service\MS.VS.Services.Identity.L0.Tests\MS.VS.Services.Identity.L0.Tests.dll" adapterTypeName="Microsoft.VisualStudio.TestTools.TestTypes.Unit.UnitTestAdapter" className="MS.VS.Services.Identity.L0.Tests.IdentityIdMapperTests+MapFromLocalId" name="WhenHostIsNotMaster_WhenMappingNotInCache_CreatesMapComponent" />
    </UnitTest>
    <UnitTest name="WhenOnPremisesDeployment_DoesNotUpdateExtendedProperties" storage="d:\v2.0\a1\_work\dbded102\bin\release.anycpu\sps.service\ms.vs.services.identity.l0.tests\ms.vs.services.identity.l0.tests.dll" id="b5373104-de8d-46ca-e74c-e461af8e61fc">
      <Execution id="20521ead-f00e-4aee-8671-d082250bfa66" />
      <TestMethod codeBase="D:\v2.0\A1\_work\dbded102\bin\Release.AnyCPU\Sps.Service\MS.VS.Services.Identity.L0.Tests\MS.VS.Services.Identity.L0.Tests.dll" adapterTypeName="Microsoft.VisualStudio.TestTools.TestTypes.Unit.UnitTestAdapter" className="MS.VS.Services.Identity.L0.Tests.IdentityManagementComponentTests+UpdateIdentities" name="WhenOnPremisesDeployment_DoesNotUpdateExtendedProperties" />
    </UnitTest>
    <UnitTest name="WhenCloudDeployment_WhenIdentityDoesNotHaveModifiedProperties_DoesNotUpdateExtendedProperties" storage="d:\v2.0\a1\_work\dbded102\bin\release.anycpu\sps.service\ms.vs.services.identity.l0.tests\ms.vs.services.identity.l0.tests.dll" id="d4af6811-8689-4114-b7b8-40328c0bad51">
      <Execution id="2fda3934-0c6d-4cb8-880f-9037b4a6cf8c" />
      <TestMethod codeBase="D:\v2.0\A1\_work\dbded102\bin\Release.AnyCPU\Sps.Service\MS.VS.Services.Identity.L0.Tests\MS.VS.Services.Identity.L0.Tests.dll" adapterTypeName="Microsoft.VisualStudio.TestTools.TestTypes.Unit.UnitTestAdapter" className="MS.VS.Services.Identity.L0.Tests.IdentityManagementComponentTests+UpdateIdentities" name="WhenCloudDeployment_WhenIdentityDoesNotHaveModifiedProperties_DoesNotUpdateExtendedProperties" />
    </UnitTest>
    <UnitTest name="WhenCloudDeployment_WhenIdentityHasModifiedProperties_UpdatesExtendedProperties" storage="d:\v2.0\a1\_work\dbded102\bin\release.anycpu\sps.service\ms.vs.services.identity.l0.tests\ms.vs.services.identity.l0.tests.dll" id="241df101-94e9-9ce2-024a-f893f442dca8">
      <Execution id="5b410203-8c16-4dc1-94c8-b36838737c95" />
      <TestMethod codeBase="D:\v2.0\A1\_work\dbded102\bin\Release.AnyCPU\Sps.Service\MS.VS.Services.Identity.L0.Tests\MS.VS.Services.Identity.L0.Tests.dll" adapterTypeName="Microsoft.VisualStudio.TestTools.TestTypes.Unit.UnitTestAdapter" className="MS.VS.Services.Identity.L0.Tests.IdentityManagementComponentTests+UpdateIdentities" name="WhenCloudDeployment_WhenIdentityHasModifiedProperties_UpdatesExtendedProperties" />
    </UnitTest>
    <UnitTest name="WhenReadIdentityFromDatabaseReturnsNullIdentity_DoesNotSyncGroupMembership" storage="d:\v2.0\a1\_work\dbded102\bin\release.anycpu\sps.service\ms.vs.services.identity.l0.tests\ms.vs.services.identity.l0.tests.dll" id="922851ab-0a3e-0fe1-8e21-fafd59d4997e">
      <Execution id="6ca95ac6-1cf0-48c4-8844-ffbc57fb75ed" />
      <TestMethod codeBase="D:\v2.0\A1\_work\dbded102\bin\Release.AnyCPU\Sps.Service\MS.VS.Services.Identity.L0.Tests\MS.VS.Services.Identity.L0.Tests.dll" adapterTypeName="Microsoft.VisualStudio.TestTools.TestTypes.Unit.UnitTestAdapter" className="MS.VS.Services.Identity.L0.Tests.IdentitySynchronizerTests+SyncTreeMembership" name="WhenReadIdentityFromDatabaseReturnsNullIdentity_DoesNotSyncGroupMembership" />
    </UnitTest>
    <UnitTest name="WhenReadIdentityFromDatabaseReturnsNullDescriptor_DoesNotSyncGroupMembership" storage="d:\v2.0\a1\_work\dbded102\bin\release.anycpu\sps.service\ms.vs.services.identity.l0.tests\ms.vs.services.identity.l0.tests.dll" id="b04515c8-0aba-b6b3-1389-d81562de6c52">
      <Execution id="1e054863-cb10-4ac9-a521-33402212652f" />
      <TestMethod codeBase="D:\v2.0\A1\_work\dbded102\bin\Release.AnyCPU\Sps.Service\MS.VS.Services.Identity.L0.Tests\MS.VS.Services.Identity.L0.Tests.dll" adapterTypeName="Microsoft.VisualStudio.TestTools.TestTypes.Unit.UnitTestAdapter" className="MS.VS.Services.Identity.L0.Tests.IdentitySynchronizerTests+SyncTreeMembership" name="WhenReadIdentityFromDatabaseReturnsNullDescriptor_DoesNotSyncGroupMembership" />
    </UnitTest>
    <UnitTest name="WhenReadIdentityFromDatabaseReturnsNonnull_SyncsGroupMembership" storage="d:\v2.0\a1\_work\dbded102\bin\release.anycpu\sps.service\ms.vs.services.identity.l0.tests\ms.vs.services.identity.l0.tests.dll" id="24c5c149-f8cc-c1fe-980d-2deb1cf63561">
      <Execution id="4097c84e-b0c7-4d9a-a14d-14ac53ec5228" />
      <TestMethod codeBase="D:\v2.0\A1\_work\dbded102\bin\Release.AnyCPU\Sps.Service\MS.VS.Services.Identity.L0.Tests\MS.VS.Services.Identity.L0.Tests.dll" adapterTypeName="Microsoft.VisualStudio.TestTools.TestTypes.Unit.UnitTestAdapter" className="MS.VS.Services.Identity.L0.Tests.IdentitySynchronizerTests+SyncTreeMembership" name="WhenReadIdentityFromDatabaseReturnsNonnull_SyncsGroupMembership" />
    </UnitTest>
  </TestDefinitions>
  <TestEntries>
    <TestEntry testId="1349a733-a436-f72c-5fd7-ce785742a2b2" executionId="9fb122c1-7edf-4bbe-aa7c-8bc9f0d04190" testListId="8c84fa94-04c1-424b-9868-57a2d4851a1d" />
    <TestEntry testId="698b3a64-2f97-8a22-a461-14614964e905" executionId="389c2593-36cf-4dea-a16e-57bd670859cc" testListId="8c84fa94-04c1-424b-9868-57a2d4851a1d" />
    <TestEntry testId="c773246a-4a29-299d-1729-35138a6fbb55" executionId="e07fb7a0-1adf-41e7-bcae-466455bf2ed0" testListId="8c84fa94-04c1-424b-9868-57a2d4851a1d" />
    <TestEntry testId="c82a48ad-434e-3ca0-c045-8a52c2069307" executionId="92d75848-ba8c-4a05-9d62-75a196597b4c" testListId="8c84fa94-04c1-424b-9868-57a2d4851a1d" />
    <TestEntry testId="977dc8cf-f48d-1791-2c56-733054fe2e37" executionId="6e63f36e-7ad5-4def-a912-2fbde2810219" testListId="8c84fa94-04c1-424b-9868-57a2d4851a1d" />
    <TestEntry testId="4bf4353c-73ea-3ab0-5e36-be9aeaac9d7c" executionId="ce6139ef-1a45-41fa-b393-c8c914275449" testListId="8c84fa94-04c1-424b-9868-57a2d4851a1d" />
    <TestEntry testId="64f55b9e-9201-5774-81d5-312a693b8896" executionId="8f2dbac6-9da0-4676-8428-35612d4372f3" testListId="8c84fa94-04c1-424b-9868-57a2d4851a1d" />
    <TestEntry testId="76066ddc-e054-d819-a169-0698db74d6b2" executionId="ba9e8ed7-2e8f-46e2-943a-c83f6f03416c" testListId="8c84fa94-04c1-424b-9868-57a2d4851a1d" />
    <TestEntry testId="ebf64798-6f22-904e-4afa-85fe70eb908b" executionId="34a259f4-c637-453f-b1eb-789cd9da897c" testListId="8c84fa94-04c1-424b-9868-57a2d4851a1d" />
    <TestEntry testId="8465b482-dd77-a33a-8bea-27a913112035" executionId="10ece246-38c0-4968-9647-4cc5d4697b03" testListId="8c84fa94-04c1-424b-9868-57a2d4851a1d" />
    <TestEntry testId="d36774f5-ffe7-235d-1589-0ad41da8f046" executionId="c4fb3a10-3241-42cc-89c0-f61308ec8f59" testListId="8c84fa94-04c1-424b-9868-57a2d4851a1d" />
    <TestEntry testId="054dbcfc-6627-4127-5473-a1db8ee9b35a" executionId="fd27b320-5ba5-46e4-8c3d-d2c1b9119405" testListId="8c84fa94-04c1-424b-9868-57a2d4851a1d" />
    <TestEntry testId="24124491-4b3d-e526-8701-8e9777d81b50" executionId="8626788f-36d1-4e3e-952d-f89d711b9f60" testListId="8c84fa94-04c1-424b-9868-57a2d4851a1d" />
    <TestEntry testId="4faad5ff-5e0c-18c0-7143-6a6ab22152fe" executionId="623cd05e-f7cd-47f7-bd24-0d3cea8c3591" testListId="8c84fa94-04c1-424b-9868-57a2d4851a1d" />
    <TestEntry testId="ed648c16-406e-f8d3-8108-db57c8532b5a" executionId="8b404836-09ef-4f4d-8c0f-4aac2d293e68" testListId="8c84fa94-04c1-424b-9868-57a2d4851a1d" />
    <TestEntry testId="94893bdc-d1d9-9a84-fb9e-489cc7a781a9" executionId="5519cb38-ea68-4db7-92ef-d00fee51d09f" testListId="8c84fa94-04c1-424b-9868-57a2d4851a1d" />
    <TestEntry testId="22e1b773-bb38-a3b4-c629-747124b42dc4" executionId="a76b7faa-d340-4331-9364-c584a2caa239" testListId="8c84fa94-04c1-424b-9868-57a2d4851a1d" />
    <TestEntry testId="3095c745-c531-3e90-a521-e9a375ac900e" executionId="8e3eb417-264d-4ca8-8e2d-fdbc9c5bebf5" testListId="8c84fa94-04c1-424b-9868-57a2d4851a1d" />
    <TestEntry testId="16808b55-8ed0-5015-527a-610b40afed13" executionId="f9ae917a-6bc4-4136-a15b-25434e50f6db" testListId="8c84fa94-04c1-424b-9868-57a2d4851a1d" />
    <TestEntry testId="886c0e0e-2a1e-4a7d-7bce-3d6743e56070" executionId="39035477-4ddb-443f-a23a-83e32e1f0b2a" testListId="8c84fa94-04c1-424b-9868-57a2d4851a1d" />
    <TestEntry testId="7fc11af6-8811-36a4-f4b7-c5e209a607f5" executionId="62b71289-a5b6-4a7a-bbde-b0e3a1d3d5bf" testListId="8c84fa94-04c1-424b-9868-57a2d4851a1d" />
    <TestEntry testId="aa35e890-a9a9-deb1-49eb-a862990e8425" executionId="8ec65023-ecb6-49a6-9770-f25b046220d1" testListId="8c84fa94-04c1-424b-9868-57a2d4851a1d" />
    <TestEntry testId="3e8ab258-51d3-75bf-3cda-39300ba8e391" executionId="dbb88946-b46d-4d0e-af58-cc25bfe98f59" testListId="8c84fa94-04c1-424b-9868-57a2d4851a1d" />
    <TestEntry testId="e96d6361-b13a-170c-1843-ccfcf96cc85b" executionId="342a91b3-2038-49f6-ae05-22c80786ad32" testListId="8c84fa94-04c1-424b-9868-57a2d4851a1d" />
    <TestEntry testId="d05b71f7-ee07-399c-221c-d090135c16f1" executionId="a9286cd7-a719-44c5-9426-b630d71159f9" testListId="8c84fa94-04c1-424b-9868-57a2d4851a1d" />
    <TestEntry testId="10402fa0-2234-9ac3-35a3-954da52bfac3" executionId="7f4b10da-95eb-4696-9375-460e02a13f1b" testListId="8c84fa94-04c1-424b-9868-57a2d4851a1d" />
    <TestEntry testId="1986d3a9-80c3-8b78-508b-83d6fd8e0397" executionId="397f9152-9978-4e2b-8eb6-1ba3c857f01b" testListId="8c84fa94-04c1-424b-9868-57a2d4851a1d" />
    <TestEntry testId="292515b1-387b-95b8-ef4b-854461bf31ff" executionId="5e41f9ee-8c3f-46ca-ba7d-c37c9fe14805" testListId="8c84fa94-04c1-424b-9868-57a2d4851a1d" />
    <TestEntry testId="39932fe5-849c-adb7-18d8-ecaa62cf8d94" executionId="7a24199e-d1d7-4d3d-89c0-042ae7695e55" testListId="8c84fa94-04c1-424b-9868-57a2d4851a1d" />
    <TestEntry testId="c54f18aa-5971-d23a-0d81-e2c6b4c11cf8" executionId="8015ef07-4335-4949-9736-e5ac674baa09" testListId="8c84fa94-04c1-424b-9868-57a2d4851a1d" />
    <TestEntry testId="f5f6302d-84d0-9ccc-3939-176d60cf7934" executionId="7ffaaa9d-001a-4db4-a352-40b2a9fce1c4" testListId="8c84fa94-04c1-424b-9868-57a2d4851a1d" />
    <TestEntry testId="4e4da75d-da31-78eb-b8ac-5c71d175f155" executionId="fc38da23-9a1b-4127-84f8-1e7f71d39a4f" testListId="8c84fa94-04c1-424b-9868-57a2d4851a1d" />
    <TestEntry testId="e9a4e2b5-53be-cde9-e1e1-8ee5b2b7606b" executionId="8159430a-2920-41da-86d3-e6a18ad6618d" testListId="8c84fa94-04c1-424b-9868-57a2d4851a1d" />
    <TestEntry testId="4a41b8ac-0865-f420-d908-9c870fbe9ae5" executionId="f6bd156a-34ef-4c67-920c-ca9cd6ad5328" testListId="8c84fa94-04c1-424b-9868-57a2d4851a1d" />
    <TestEntry testId="cfabd55c-4e74-5026-703e-93685fb0f2f4" executionId="4e661cfc-26a3-4659-bc51-5055c83f035d" testListId="8c84fa94-04c1-424b-9868-57a2d4851a1d" />
    <TestEntry testId="969b79de-18a4-0339-d1c6-0ba80ad85713" executionId="62367d39-fa88-4349-b742-0d27fcb89021" testListId="8c84fa94-04c1-424b-9868-57a2d4851a1d" />
    <TestEntry testId="b3c445c7-53e2-94f0-b3c2-4a4b4793a533" executionId="e2e039cd-cb77-4f22-a8d3-cde395bf4b1e" testListId="8c84fa94-04c1-424b-9868-57a2d4851a1d" />
    <TestEntry testId="bea8a408-4113-57c4-c61a-0596e905d971" executionId="3399fbde-247e-4c69-90d5-7f43c183c57e" testListId="8c84fa94-04c1-424b-9868-57a2d4851a1d" />
    <TestEntry testId="be1475db-c59f-100f-13e7-57ee01fa8042" executionId="3693f53d-c816-4da8-b147-9f1cf1ed2bfa" testListId="8c84fa94-04c1-424b-9868-57a2d4851a1d" />
    <TestEntry testId="d2e65ae8-39e9-d754-6931-841168f470e9" executionId="ae12f726-2174-4595-a70a-43db8df8b0c6" testListId="8c84fa94-04c1-424b-9868-57a2d4851a1d" />
    <TestEntry testId="ec308b30-bef1-c4a3-dea1-6980db5fecae" executionId="0995dc47-30f0-4c8e-8635-9dc4549749d6" testListId="8c84fa94-04c1-424b-9868-57a2d4851a1d" />
    <TestEntry testId="ea5bf340-cf7d-43d7-f340-020529032daf" executionId="abdd02f4-60bd-4e2b-9caf-78cab225337a" testListId="8c84fa94-04c1-424b-9868-57a2d4851a1d" />
    <TestEntry testId="55430854-1501-e599-f691-a2b42a28d061" executionId="d04b8bd6-2c87-4fbe-bbf3-1b746e93c5a1" testListId="8c84fa94-04c1-424b-9868-57a2d4851a1d" />
    <TestEntry testId="6c7cae5b-920a-5c62-897f-3791b0f2687e" executionId="3e4f21f4-68ce-419c-a715-1b1320bb9640" testListId="8c84fa94-04c1-424b-9868-57a2d4851a1d" />
    <TestEntry testId="77140917-f63e-8119-130f-d77bef543be7" executionId="468ef971-37cf-40cf-9a9a-7469736a3fce" testListId="8c84fa94-04c1-424b-9868-57a2d4851a1d" />
    <TestEntry testId="c1cfc28e-3627-cb2d-70eb-25685f62ef7a" executionId="13af919a-94dc-4da6-ab8e-c7a5fbb1166d" testListId="8c84fa94-04c1-424b-9868-57a2d4851a1d" />
    <TestEntry testId="032a3eea-dee5-8830-79db-7a85e2fd2361" executionId="d5e00a9f-dba0-4481-819a-8d019f00be16" testListId="8c84fa94-04c1-424b-9868-57a2d4851a1d" />
    <TestEntry testId="76db7e3d-2c4a-8fdb-0b42-b3920fc59b43" executionId="45ec4145-1e1a-4b6a-b68f-ed1fd0cdb1ef" testListId="8c84fa94-04c1-424b-9868-57a2d4851a1d" />
    <TestEntry testId="f70ccf58-8083-2b6f-f1de-a8100de46959" executionId="bf124ee7-d858-4679-baf8-291b77fd1652" testListId="8c84fa94-04c1-424b-9868-57a2d4851a1d" />
    <TestEntry testId="634286bc-f24a-42c0-1eb4-2c436457f302" executionId="0e66b047-6c1b-428f-bcc3-2e6b315416a0" testListId="8c84fa94-04c1-424b-9868-57a2d4851a1d" />
    <TestEntry testId="659ff47b-1225-f785-0744-9fc30ab0439c" executionId="c8738353-10bc-4326-b639-7034f84873b1" testListId="8c84fa94-04c1-424b-9868-57a2d4851a1d" />
    <TestEntry testId="ffb30446-fbe8-5d27-d529-f8ae9f1ab6b8" executionId="023d60dd-6971-4a79-8393-a9e22f9a8cef" testListId="8c84fa94-04c1-424b-9868-57a2d4851a1d" />
    <TestEntry testId="8b64c661-0201-a0d7-af43-67b6f497efa4" executionId="036fd661-efd3-4c15-8900-39c4fdcd5894" testListId="8c84fa94-04c1-424b-9868-57a2d4851a1d" />
    <TestEntry testId="b5373104-de8d-46ca-e74c-e461af8e61fc" executionId="20521ead-f00e-4aee-8671-d082250bfa66" testListId="8c84fa94-04c1-424b-9868-57a2d4851a1d" />
    <TestEntry testId="d4af6811-8689-4114-b7b8-40328c0bad51" executionId="2fda3934-0c6d-4cb8-880f-9037b4a6cf8c" testListId="8c84fa94-04c1-424b-9868-57a2d4851a1d" />
    <TestEntry testId="241df101-94e9-9ce2-024a-f893f442dca8" executionId="5b410203-8c16-4dc1-94c8-b36838737c95" testListId="8c84fa94-04c1-424b-9868-57a2d4851a1d" />
    <TestEntry testId="922851ab-0a3e-0fe1-8e21-fafd59d4997e" executionId="6ca95ac6-1cf0-48c4-8844-ffbc57fb75ed" testListId="8c84fa94-04c1-424b-9868-57a2d4851a1d" />
    <TestEntry testId="b04515c8-0aba-b6b3-1389-d81562de6c52" executionId="1e054863-cb10-4ac9-a521-33402212652f" testListId="8c84fa94-04c1-424b-9868-57a2d4851a1d" />
    <TestEntry testId="24c5c149-f8cc-c1fe-980d-2deb1cf63561" executionId="4097c84e-b0c7-4d9a-a14d-14ac53ec5228" testListId="8c84fa94-04c1-424b-9868-57a2d4851a1d" />
  </TestEntries>
  <TestLists>
    <TestList name="Results Not in a List" id="8c84fa94-04c1-424b-9868-57a2d4851a1d" />
    <TestList name="All Loaded Results" id="19431567-8539-422a-85d7-44ee4e166bda" />
  </TestLists>
  <ResultSummary outcome="Completed">
    <Counters total="59" executed="55" passed="55" failed="0" error="0" timeout="0" aborted="0" inconclusive="0" passedButRunAborted="0" notRunnable="0" notExecuted="0" disconnected="0" warning="0" completed="0" inProgress="0" pending="0" />
    <Output>
      <StdOut>Test 'ReadRequestIdentity_ReturnsUserIdentityInternal_WhenUserIdentityInternalIsPresentInRequestContext' was skipped in the test run.Test 'WhenOnPremisesDeployment_DoesNotUpdateExtendedProperties' was skipped in the test run.Test 'WhenCloudDeployment_WhenIdentityDoesNotHaveModifiedProperties_DoesNotUpdateExtendedProperties' was skipped in the test run.Test 'WhenCloudDeployment_WhenIdentityHasModifiedProperties_UpdatesExtendedProperties' was skipped in the test run.</StdOut>
    </Output>
  </ResultSummary>
</TestRun>