<?xml version="1.0" encoding="UTF-8"?>
<TestRun id="027f1e3e-6306-43c8-8400-8a465fd2501b" name="tfsmladm@TFSBUILD11 2015-09-28 09:45:59" runUser="REDMOND\tfsmladm" xmlns="http://microsoft.com/schemas/VisualStudio/TeamTest/2010">
  <Times creation="2015-09-28T09:45:59.2850359-07:00" queuing="2015-09-28T09:45:59.2850359-07:00" start="2015-09-28T09:45:59.2900373-07:00" finish="2015-09-28T09:45:59.8104218-07:00" />
  <TestSettings name="default" id="3d8f3c4c-8d06-420d-8ce9-c8a2213165e0">
    <Execution>
      <TestTypeSpecific />
    </Execution>
    <Deployment runDeploymentRoot="tfsmladm_TFSBUILD11 2015-09-28 09_45_59" />
    <Properties />
  </TestSettings>
  <Results>
    <UnitTestResult executionId="30b63865-b4b6-4dd0-9a2a-4222a0295d15" testId="79083907-b7ce-411d-a9fb-692577eb4309" testName="TFSTests.Welcome Always Passes" computerName="TFSBUILD11" duration="00:00:00.0230000" startTime="2015-09-28T09:45:59.3246136-07:00" endTime="2015-09-28T09:45:59.3246136-07:00" testType="13cdc9d9-ddb5-4fa4-a97d-d965ccfc6d4b" outcome="Passed" testListId="8c84fa94-04c1-424b-9868-57a2d4851a1d" relativeResultsDirectory="30b63865-b4b6-4dd0-9a2a-4222a0295d15" />
    <UnitTestResult executionId="f8965a1f-6df6-4ced-8536-1c14869cd062" testId="9497dd06-37ca-43ce-bbc9-6ee93f8ed11a" testName="TFSTests.Welcome.UrlProviderTests VerifyGetWelcomeUrlAppendsFragment" computerName="TFSBUILD11" duration="00:00:00.0190000" startTime="2015-09-28T09:45:59.3296156-07:00" endTime="2015-09-28T09:45:59.3296156-07:00" testType="13cdc9d9-ddb5-4fa4-a97d-d965ccfc6d4b" outcome="Passed" testListId="8c84fa94-04c1-424b-9868-57a2d4851a1d" relativeResultsDirectory="f8965a1f-6df6-4ced-8536-1c14869cd062" />
    <UnitTestResult executionId="7fe257f2-b264-4f17-a68e-112919cd9db5" testId="0931c081-5d6e-4853-9369-afd19e730f7f" testName="TFSTests.GitDocumentProviderTests BeginGetProjectRepositoriesCreatesFakeProjectRepositoryIfItDoesNotExist" computerName="TFSBUILD11" duration="00:00:00.0180000" startTime="2015-09-28T09:45:59.3296156-07:00" endTime="2015-09-28T09:45:59.3296156-07:00" testType="13cdc9d9-ddb5-4fa4-a97d-d965ccfc6d4b" outcome="Passed" testListId="8c84fa94-04c1-424b-9868-57a2d4851a1d" relativeResultsDirectory="7fe257f2-b264-4f17-a68e-112919cd9db5" />
    <UnitTestResult executionId="161694d5-0e5a-493e-a815-6d12bcd78e36" testId="333f7c69-8412-4cd0-b58f-55ca2fb4cc4d" testName="TFSTests.GitDocumentProviderTests BeginGetProjectRepositoriesDoesNotCreateFakeRepositoryIfItAlreadyExists" computerName="TFSBUILD11" duration="00:00:00.0150000" startTime="2015-09-28T09:45:59.3306163-07:00" endTime="2015-09-28T09:45:59.3306163-07:00" testType="13cdc9d9-ddb5-4fa4-a97d-d965ccfc6d4b" outcome="Passed" testListId="8c84fa94-04c1-424b-9868-57a2d4851a1d" relativeResultsDirectory="161694d5-0e5a-493e-a815-6d12bcd78e36" />
    <UnitTestResult executionId="9df249db-86a0-4f71-b574-3ec00bd9dbb8" testId="8695b8d9-6da9-4a4d-8579-2235a89c6bfc" testName="TFSTests.GitDocumentProviderTests GetFileContentUrlUsesMasterIfNoDefaultBranch" computerName="TFSBUILD11" duration="00:00:00.0170000" startTime="2015-09-28T09:45:59.3306163-07:00" endTime="2015-09-28T09:45:59.3306163-07:00" testType="13cdc9d9-ddb5-4fa4-a97d-d965ccfc6d4b" outcome="Passed" testListId="8c84fa94-04c1-424b-9868-57a2d4851a1d" relativeResultsDirectory="9df249db-86a0-4f71-b574-3ec00bd9dbb8" />
    <UnitTestResult executionId="cd3fdc65-d3c3-4d27-98b5-ed83a5db49e8" testId="b10a0225-a2db-49b3-9f2c-133ec1100b59" testName="TFSTests.TfvcDocumentProviderTests BeginGetProjectRepositoriesAlwaysReturnsOneRepo" computerName="TFSBUILD11" duration="00:00:00.0250000" startTime="2015-09-28T09:45:59.3306163-07:00" endTime="2015-09-28T09:45:59.3306163-07:00" testType="13cdc9d9-ddb5-4fa4-a97d-d965ccfc6d4b" outcome="Passed" testListId="8c84fa94-04c1-424b-9868-57a2d4851a1d" relativeResultsDirectory="cd3fdc65-d3c3-4d27-98b5-ed83a5db49e8" />
    <UnitTestResult executionId="cd585f6f-7b70-406c-8e58-2f4375c2da59" testId="80489803-7c82-489e-86d9-19438790a3e5" testName="TFSTests.Welcome.FileViewerModelBuilder ConstructorHandlesUndefinedInputs" computerName="TFSBUILD11" duration="00:00:00.0170000" startTime="2015-09-28T09:45:59.3306163-07:00" endTime="2015-09-28T09:45:59.3306163-07:00" testType="13cdc9d9-ddb5-4fa4-a97d-d965ccfc6d4b" outcome="Passed" testListId="8c84fa94-04c1-424b-9868-57a2d4851a1d" relativeResultsDirectory="cd585f6f-7b70-406c-8e58-2f4375c2da59" />
    <UnitTestResult executionId="62aa29c7-9b4c-4a9a-8a5a-30f309fb529d" testId="8d0420ba-28ce-4d45-a618-0ea939eb23a8" testName="TFSTests.Welcome.GitFileViewerModelBuilder UsesFileParentToDetermineRepositorytName" computerName="TFSBUILD11" duration="00:00:00.0160000" startTime="2015-09-28T09:45:59.3306163-07:00" endTime="2015-09-28T09:45:59.3306163-07:00" testType="13cdc9d9-ddb5-4fa4-a97d-d965ccfc6d4b" outcome="Passed" testListId="8c84fa94-04c1-424b-9868-57a2d4851a1d" relativeResultsDirectory="62aa29c7-9b4c-4a9a-8a5a-30f309fb529d" />
    <UnitTestResult executionId="54534eb1-0666-4982-9624-0c54f959aea4" testId="525aaac9-a954-43b0-9082-9f35d6593a45" testName="TFSTests.Welcome.GitFileViewerModelBuilder WhenNoFileParentNameThenError" computerName="TFSBUILD11" duration="00:00:00.0150000" startTime="2015-09-28T09:45:59.3306163-07:00" endTime="2015-09-28T09:45:59.3306163-07:00" testType="13cdc9d9-ddb5-4fa4-a97d-d965ccfc6d4b" outcome="Passed" testListId="8c84fa94-04c1-424b-9868-57a2d4851a1d" relativeResultsDirectory="54534eb1-0666-4982-9624-0c54f959aea4" />
    <UnitTestResult executionId="d64459a2-0a74-46c4-a08d-b82be4c60d67" testId="ef902140-d004-49ea-82a6-a69a2bd0665c" testName="TFSTests.Welcome.GitFileViewerModelBuilder UsesDefaultReadmePath" computerName="TFSBUILD11" duration="00:00:00.0150000" startTime="2015-09-28T09:45:59.3958521-07:00" endTime="2015-09-28T09:45:59.3958521-07:00" testType="13cdc9d9-ddb5-4fa4-a97d-d965ccfc6d4b" outcome="Passed" testListId="8c84fa94-04c1-424b-9868-57a2d4851a1d" relativeResultsDirectory="d64459a2-0a74-46c4-a08d-b82be4c60d67" />
    <UnitTestResult executionId="db6b047e-d199-4b65-a2ac-22b918e51df3" testId="5c77d989-eb72-4a36-a2ae-fca2be7c09b6" testName="TFSTests.Welcome.GitFileViewerModelBuilder GetVersionNameReturnsBranchVersionString" computerName="TFSBUILD11" duration="00:00:00.0150000" startTime="2015-09-28T09:45:59.3958521-07:00" endTime="2015-09-28T09:45:59.3958521-07:00" testType="13cdc9d9-ddb5-4fa4-a97d-d965ccfc6d4b" outcome="Passed" testListId="8c84fa94-04c1-424b-9868-57a2d4851a1d" relativeResultsDirectory="db6b047e-d199-4b65-a2ac-22b918e51df3" />
    <UnitTestResult executionId="2f5eabe9-6fc3-48d9-8936-afc020b01304" testId="bf0e8c11-50fd-4d69-854a-2468c8717410" testName="TFSTests.Welcome.GitFileViewerModelBuilder SetsRepositoryContext" computerName="TFSBUILD11" duration="00:00:00.0200000" startTime="2015-09-28T09:45:59.3958521-07:00" endTime="2015-09-28T09:45:59.3958521-07:00" testType="13cdc9d9-ddb5-4fa4-a97d-d965ccfc6d4b" outcome="Passed" testListId="8c84fa94-04c1-424b-9868-57a2d4851a1d" relativeResultsDirectory="2f5eabe9-6fc3-48d9-8936-afc020b01304" />
    <UnitTestResult executionId="15799154-e127-4040-b87a-3c9f163b41d5" testId="4f6f934a-3387-4d0c-89a5-e33952e06bef" testName="TFSTests.Welcome.GitFileViewerModelBuilder WhenFileExistsThenSetsNewItemFalseAndDoNotSetDefaultContent" computerName="TFSBUILD11" duration="00:00:00.0150000" startTime="2015-09-28T09:45:59.3958521-07:00" endTime="2015-09-28T09:45:59.3958521-07:00" testType="13cdc9d9-ddb5-4fa4-a97d-d965ccfc6d4b" outcome="Passed" testListId="8c84fa94-04c1-424b-9868-57a2d4851a1d" relativeResultsDirectory="15799154-e127-4040-b87a-3c9f163b41d5" />
    <UnitTestResult executionId="5ca65476-30a9-460d-838d-c50abcaa6e6a" testId="463a9204-fd62-40fe-a8d5-fbe9ca519d7f" testName="TFSTests.Welcome.GitFileViewerModelBuilder WhenFileDoesNotExistThenSetsNewItemAndSetDefaultContent" computerName="TFSBUILD11" duration="00:00:00.0160000" startTime="2015-09-28T09:45:59.3958521-07:00" endTime="2015-09-28T09:45:59.3958521-07:00" testType="13cdc9d9-ddb5-4fa4-a97d-d965ccfc6d4b" outcome="Passed" testListId="8c84fa94-04c1-424b-9868-57a2d4851a1d" relativeResultsDirectory="5ca65476-30a9-460d-838d-c50abcaa6e6a" />
    <UnitTestResult executionId="892508ef-bfb5-4752-b237-90dcd1015494" testId="a1183d60-af9e-4971-86fa-924d8c4e8198" testName="TFSTests.Welcome.GitFileViewerModelBuilder DefaultContentItemVersionComesFromBranchName" computerName="TFSBUILD11" duration="00:00:00.0150000" startTime="2015-09-28T09:45:59.3958521-07:00" endTime="2015-09-28T09:45:59.3958521-07:00" testType="13cdc9d9-ddb5-4fa4-a97d-d965ccfc6d4b" outcome="Passed" testListId="8c84fa94-04c1-424b-9868-57a2d4851a1d" relativeResultsDirectory="892508ef-bfb5-4752-b237-90dcd1015494" />
    <UnitTestResult executionId="91bfa0ff-fbc2-4a89-bbb6-95bcc31f371e" testId="707a4d2c-5bc1-4453-ac75-819b04ddb9c5" testName="TFSTests.Welcome.GitFileViewerModelBuilder WhenNoItemFoundThenSetsNewItemAndSetDefaultContent" computerName="TFSBUILD11" duration="00:00:00.0150000" startTime="2015-09-28T09:45:59.3958521-07:00" endTime="2015-09-28T09:45:59.3958521-07:00" testType="13cdc9d9-ddb5-4fa4-a97d-d965ccfc6d4b" outcome="Passed" testListId="8c84fa94-04c1-424b-9868-57a2d4851a1d" relativeResultsDirectory="91bfa0ff-fbc2-4a89-bbb6-95bcc31f371e" />
    <UnitTestResult executionId="11118e4a-7e79-458f-8d16-4a2fd5696fa0" testId="c7e68433-7435-4bb0-a829-86938050b646" testName="TFSTests.Welcome.GitFileViewerModelBuilder WhenItemErrorAndDocumentUnknownStateThenSetDocumentNotExistStateAndReturnDefaultContent" computerName="TFSBUILD11" duration="00:00:00.0150000" startTime="2015-09-28T09:45:59.3958521-07:00" endTime="2015-09-28T09:45:59.3958521-07:00" testType="13cdc9d9-ddb5-4fa4-a97d-d965ccfc6d4b" outcome="Passed" testListId="8c84fa94-04c1-424b-9868-57a2d4851a1d" relativeResultsDirectory="11118e4a-7e79-458f-8d16-4a2fd5696fa0" />
    <UnitTestResult executionId="fa0b77c3-e55e-4ff2-8050-2db7a6ec67c1" testId="3b99383c-1edc-4f19-a8d3-a976ffe5e416" testName="TFSTests.Welcome.GitFileViewerModelBuilder WhenItemErrorAndDocumentExistsThenRejectAndSendErrorObject" computerName="TFSBUILD11" duration="00:00:00.0140000" startTime="2015-09-28T09:45:59.3958521-07:00" endTime="2015-09-28T09:45:59.3958521-07:00" testType="13cdc9d9-ddb5-4fa4-a97d-d965ccfc6d4b" outcome="Passed" testListId="8c84fa94-04c1-424b-9868-57a2d4851a1d" relativeResultsDirectory="fa0b77c3-e55e-4ff2-8050-2db7a6ec67c1" />
    <UnitTestResult executionId="764b1a95-7cf3-4d67-8760-647ec9519d45" testId="9995c049-a322-469d-9374-ac1eaeb33a71" testName="TFSTests.Welcome.GitFileViewerModelBuilder CreateDefaultContentModelForNonDefaultRepository" computerName="TFSBUILD11" duration="00:00:00.0180000" startTime="2015-09-28T09:45:59.5356180-07:00" endTime="2015-09-28T09:45:59.5356180-07:00" testType="13cdc9d9-ddb5-4fa4-a97d-d965ccfc6d4b" outcome="Passed" testListId="8c84fa94-04c1-424b-9868-57a2d4851a1d" relativeResultsDirectory="764b1a95-7cf3-4d67-8760-647ec9519d45" />
    <UnitTestResult executionId="b451feac-330a-4ef4-aec2-2065ed62130f" testId="7ecb6497-89dd-485f-9baa-3f8199a64bcd" testName="TFSTests.Welcome.GitFileViewerModelBuilder CreateDefaultContentModelForDefaultRepositoryWhichDoesNotExist" computerName="TFSBUILD11" duration="00:00:00.0170000" startTime="2015-09-28T09:45:59.5356180-07:00" endTime="2015-09-28T09:45:59.5356180-07:00" testType="13cdc9d9-ddb5-4fa4-a97d-d965ccfc6d4b" outcome="Passed" testListId="8c84fa94-04c1-424b-9868-57a2d4851a1d" relativeResultsDirectory="b451feac-330a-4ef4-aec2-2065ed62130f" />
    <UnitTestResult executionId="efb540c8-df5b-4684-9ae1-947c71ee8be8" testId="0ddffec4-fc68-4fb8-af3a-28f0bbd07bae" testName="TFSTests.Welcome.GitFileViewerModelBuilder CreateDefaultContentModelForDefaultRepository" computerName="TFSBUILD11" duration="00:00:00.0170000" startTime="2015-09-28T09:45:59.5356180-07:00" endTime="2015-09-28T09:45:59.5356180-07:00" testType="13cdc9d9-ddb5-4fa4-a97d-d965ccfc6d4b" outcome="Passed" testListId="8c84fa94-04c1-424b-9868-57a2d4851a1d" relativeResultsDirectory="efb540c8-df5b-4684-9ae1-947c71ee8be8" />
    <UnitTestResult executionId="cd3dce36-7640-4a3f-9e88-6b8eb1119dc6" testId="40d600e5-5242-49ef-bf43-434c9502280b" testName="TFSTests.Welcome.TfvcFileViewerModelBuilder UsesFileParentToDetermineProjectName" computerName="TFSBUILD11" duration="00:00:00.0150000" startTime="2015-09-28T09:45:59.5356180-07:00" endTime="2015-09-28T09:45:59.5356180-07:00" testType="13cdc9d9-ddb5-4fa4-a97d-d965ccfc6d4b" outcome="Passed" testListId="8c84fa94-04c1-424b-9868-57a2d4851a1d" relativeResultsDirectory="cd3dce36-7640-4a3f-9e88-6b8eb1119dc6" />
    <UnitTestResult executionId="6f146941-1d57-4cd7-a72a-3937616d6472" testId="5a068424-b510-46af-b651-8cae9fd57453" testName="TFSTests.Welcome.TfvcFileViewerModelBuilder WhenNoFileParentNameThenError" computerName="TFSBUILD11" duration="00:00:00.0150000" startTime="2015-09-28T09:45:59.5356180-07:00" endTime="2015-09-28T09:45:59.5356180-07:00" testType="13cdc9d9-ddb5-4fa4-a97d-d965ccfc6d4b" outcome="Passed" testListId="8c84fa94-04c1-424b-9868-57a2d4851a1d" relativeResultsDirectory="6f146941-1d57-4cd7-a72a-3937616d6472" />
    <UnitTestResult executionId="b0ad53ee-f496-46fa-82bd-257f67fa206f" testId="394287a7-ccc6-43de-b79e-6ff16c3f07b1" testName="TFSTests.Welcome.TfvcFileViewerModelBuilder GeneratesTfvcPathForDefaultReadme" computerName="TFSBUILD11" duration="00:00:00.0150000" startTime="2015-09-28T09:45:59.5356180-07:00" endTime="2015-09-28T09:45:59.5356180-07:00" testType="13cdc9d9-ddb5-4fa4-a97d-d965ccfc6d4b" outcome="Passed" testListId="8c84fa94-04c1-424b-9868-57a2d4851a1d" relativeResultsDirectory="b0ad53ee-f496-46fa-82bd-257f67fa206f" />
    <UnitTestResult executionId="29a14649-e4f5-4e4a-944d-12a5163d4cad" testId="d9ddba82-293a-4e73-a55d-996fca7f626d" testName="TFSTests.Welcome.TfvcFileViewerModelBuilder GetVersionNameReturnsUndefinedResult" computerName="TFSBUILD11" duration="00:00:00.0140000" startTime="2015-09-28T09:45:59.5356180-07:00" endTime="2015-09-28T09:45:59.5356180-07:00" testType="13cdc9d9-ddb5-4fa4-a97d-d965ccfc6d4b" outcome="Passed" testListId="8c84fa94-04c1-424b-9868-57a2d4851a1d" relativeResultsDirectory="29a14649-e4f5-4e4a-944d-12a5163d4cad" />
    <UnitTestResult executionId="141b0938-d88e-4079-999d-5f176ab2b330" testId="928aa451-84f6-4ca1-82be-045e46a506b1" testName="TFSTests.Welcome.TfvcFileViewerModelBuilder WhenFileExistsThenSetsNewItemFalseAndDoNotSetDefaultContent" computerName="TFSBUILD11" duration="00:00:00.0150000" startTime="2015-09-28T09:45:59.5356180-07:00" endTime="2015-09-28T09:45:59.5356180-07:00" testType="13cdc9d9-ddb5-4fa4-a97d-d965ccfc6d4b" outcome="Passed" testListId="8c84fa94-04c1-424b-9868-57a2d4851a1d" relativeResultsDirectory="141b0938-d88e-4079-999d-5f176ab2b330" />
    <UnitTestResult executionId="0adbfeed-37a8-42f8-abb9-da957e0c46fc" testId="06afe704-2181-41a0-883f-c88c39f8f776" testName="TFSTests.Welcome.TfvcFileViewerModelBuilder WhenFileDoesNotExistThenSetsNewItemAndSetDefaultContent" computerName="TFSBUILD11" duration="00:00:00.0150000" startTime="2015-09-28T09:45:59.5356180-07:00" endTime="2015-09-28T09:45:59.5356180-07:00" testType="13cdc9d9-ddb5-4fa4-a97d-d965ccfc6d4b" outcome="Passed" testListId="8c84fa94-04c1-424b-9868-57a2d4851a1d" relativeResultsDirectory="0adbfeed-37a8-42f8-abb9-da957e0c46fc" />
    <UnitTestResult executionId="25dc1e53-1712-4f6c-b992-1e80e7c3db82" testId="9f15bb09-86ba-4595-8918-1f0e6d931dda" testName="TFSTests.Welcome.TfvcFileViewerModelBuilder WhenNoItemFoundThenSetsNewItemAndSetDefaultContent" computerName="TFSBUILD11" duration="00:00:00.0150000" startTime="2015-09-28T09:45:59.8034192-07:00" endTime="2015-09-28T09:45:59.8034192-07:00" testType="13cdc9d9-ddb5-4fa4-a97d-d965ccfc6d4b" outcome="Passed" testListId="8c84fa94-04c1-424b-9868-57a2d4851a1d" relativeResultsDirectory="25dc1e53-1712-4f6c-b992-1e80e7c3db82" />
    <UnitTestResult executionId="0c01762b-ac5b-4240-b1d4-21c9249c0113" testId="84f4ebc7-5cc9-4dfc-9131-e8f14b402167" testName="TFSTests.Welcome.TfvcFileViewerModelBuilder WhenItemErrorAndDocumentUnknownStateThenSetDocumentNotExistStateAndReturnDefaultConent" computerName="TFSBUILD11" duration="00:00:00.0160000" startTime="2015-09-28T09:45:59.8034192-07:00" endTime="2015-09-28T09:45:59.8034192-07:00" testType="13cdc9d9-ddb5-4fa4-a97d-d965ccfc6d4b" outcome="Passed" testListId="8c84fa94-04c1-424b-9868-57a2d4851a1d" relativeResultsDirectory="0c01762b-ac5b-4240-b1d4-21c9249c0113" />
    <UnitTestResult executionId="bc319b4c-f3a6-45fa-871d-8ddf17206106" testId="9c0c050e-062d-43b4-89cd-c80cb9e01fb5" testName="TFSTests.Welcome.TfvcFileViewerModelBuilder WhenItemErrorAndDocumentExistsThenRejectAndSendErrorObject" computerName="TFSBUILD11" duration="00:00:00.0150000" startTime="2015-09-28T09:45:59.8034192-07:00" endTime="2015-09-28T09:45:59.8034192-07:00" testType="13cdc9d9-ddb5-4fa4-a97d-d965ccfc6d4b" outcome="Passed" testListId="8c84fa94-04c1-424b-9868-57a2d4851a1d" relativeResultsDirectory="bc319b4c-f3a6-45fa-871d-8ddf17206106" />
    <UnitTestResult executionId="be2d1a64-1663-42bc-ab81-20f20cbefed6" testId="544faa19-f986-4644-8317-3d489b10e149" testName="TFSTests.Welcome.TfvcFileViewerModelBuilder CreateDefaultContentModel" computerName="TFSBUILD11" duration="00:00:00.0160000" startTime="2015-09-28T09:45:59.8034192-07:00" endTime="2015-09-28T09:45:59.8034192-07:00" testType="13cdc9d9-ddb5-4fa4-a97d-d965ccfc6d4b" outcome="Passed" testListId="8c84fa94-04c1-424b-9868-57a2d4851a1d" relativeResultsDirectory="be2d1a64-1663-42bc-ab81-20f20cbefed6" />
    <UnitTestResult executionId="93222b58-ffd3-4b01-8da3-b19de974ec47" testId="cd2c3b0b-f1c9-41b7-802e-a422067ae6ed" testName="TFSTests.Welcome.WikiLinkTransformerTests VerifyGetBrowserUriCallsGetCodeExplorerUrlForNonMarkdownFiles" computerName="TFSBUILD11" duration="00:00:00.0150000" startTime="2015-09-28T09:45:59.8034192-07:00" endTime="2015-09-28T09:45:59.8034192-07:00" testType="13cdc9d9-ddb5-4fa4-a97d-d965ccfc6d4b" outcome="Passed" testListId="8c84fa94-04c1-424b-9868-57a2d4851a1d" relativeResultsDirectory="93222b58-ffd3-4b01-8da3-b19de974ec47" />
    <UnitTestResult executionId="f0a82767-41cd-4d7c-82ff-8a7b38b1512e" testId="4cf7b2c5-e8b6-4ffc-b4d0-c6fdce8e275f" testName="TFSTests.Welcome.WikiLinkTransformerTests VerifyGetBrowserUriCallsGetWelcomeUrlForMarkdownFiles" computerName="TFSBUILD11" duration="00:00:00.0150000" startTime="2015-09-28T09:45:59.8034192-07:00" endTime="2015-09-28T09:45:59.8034192-07:00" testType="13cdc9d9-ddb5-4fa4-a97d-d965ccfc6d4b" outcome="Passed" testListId="8c84fa94-04c1-424b-9868-57a2d4851a1d" relativeResultsDirectory="f0a82767-41cd-4d7c-82ff-8a7b38b1512e" />
  </Results>
  <TestDefinitions>
    <UnitTest name="TFSTests.Welcome Always Passes" storage="d:\v2.0\a1\_work\dbded102\vso\tfs\service\webaccess\welcome\testscripts\tests\tfstests.welcome.ts" id="79083907-b7ce-411d-a9fb-692577eb4309">
      <Execution id="30b63865-b4b6-4dd0-9a2a-4222a0295d15" />
      <TestMethod codeBase="d:\v2.0\a1\_work\dbded102\vso\tfs\service\webaccess\welcome\testscripts\tests\tfstests.welcome.ts" adapterTypeName="Microsoft.VisualStudio.TestTools.TestTypes.Unit.UnitTestAdapter" className="d:\v2.0\a1\_work\dbded102\vso\tfs\service\webaccess\welcome\testscripts\tests\tfstests.welcome.ts::tfstests" name="TFSTests.Welcome Always Passes" />
    </UnitTest>
    <UnitTest name="TFSTests.Welcome.UrlProviderTests VerifyGetWelcomeUrlAppendsFragment" storage="d:\v2.0\a1\_work\dbded102\vso\tfs\service\webaccess\welcome\testscripts\tests\tfstests.welcome.urlprovider.ts" id="9497dd06-37ca-43ce-bbc9-6ee93f8ed11a">
      <Execution id="f8965a1f-6df6-4ced-8536-1c14869cd062" />
      <TestMethod codeBase="d:\v2.0\a1\_work\dbded102\vso\tfs\service\webaccess\welcome\testscripts\tests\tfstests.welcome.urlprovider.ts" adapterTypeName="Microsoft.VisualStudio.TestTools.TestTypes.Unit.UnitTestAdapter" className="d:\v2.0\a1\_work\dbded102\vso\tfs\service\webaccess\welcome\testscripts\tests\tfstests.welcome.urlprovider.ts::tfstests.welcome" name="TFSTests.Welcome.UrlProviderTests VerifyGetWelcomeUrlAppendsFragment" />
    </UnitTest>
    <UnitTest name="TFSTests.GitDocumentProviderTests BeginGetProjectRepositoriesCreatesFakeProjectRepositoryIfItDoesNotExist" storage="d:\v2.0\a1\_work\dbded102\vso\tfs\service\webaccess\welcome\testscripts\tests\tfstests.welcome.welcomeproviders.ts" id="0931c081-5d6e-4853-9369-afd19e730f7f">
      <Execution id="7fe257f2-b264-4f17-a68e-112919cd9db5" />
      <TestMethod codeBase="d:\v2.0\a1\_work\dbded102\vso\tfs\service\webaccess\welcome\testscripts\tests\tfstests.welcome.welcomeproviders.ts" adapterTypeName="Microsoft.VisualStudio.TestTools.TestTypes.Unit.UnitTestAdapter" className="d:\v2.0\a1\_work\dbded102\vso\tfs\service\webaccess\welcome\testscripts\tests\tfstests.welcome.welcomeproviders.ts::tfstests" name="TFSTests.GitDocumentProviderTests BeginGetProjectRepositoriesCreatesFakeProjectRepositoryIfItDoesNotExist" />
    </UnitTest>
    <UnitTest name="TFSTests.GitDocumentProviderTests BeginGetProjectRepositoriesDoesNotCreateFakeRepositoryIfItAlreadyExists" storage="d:\v2.0\a1\_work\dbded102\vso\tfs\service\webaccess\welcome\testscripts\tests\tfstests.welcome.welcomeproviders.ts" id="333f7c69-8412-4cd0-b58f-55ca2fb4cc4d">
      <Execution id="161694d5-0e5a-493e-a815-6d12bcd78e36" />
      <TestMethod codeBase="d:\v2.0\a1\_work\dbded102\vso\tfs\service\webaccess\welcome\testscripts\tests\tfstests.welcome.welcomeproviders.ts" adapterTypeName="Microsoft.VisualStudio.TestTools.TestTypes.Unit.UnitTestAdapter" className="d:\v2.0\a1\_work\dbded102\vso\tfs\service\webaccess\welcome\testscripts\tests\tfstests.welcome.welcomeproviders.ts::tfstests" name="TFSTests.GitDocumentProviderTests BeginGetProjectRepositoriesDoesNotCreateFakeRepositoryIfItAlreadyExists" />
    </UnitTest>
    <UnitTest name="TFSTests.GitDocumentProviderTests GetFileContentUrlUsesMasterIfNoDefaultBranch" storage="d:\v2.0\a1\_work\dbded102\vso\tfs\service\webaccess\welcome\testscripts\tests\tfstests.welcome.welcomeproviders.ts" id="8695b8d9-6da9-4a4d-8579-2235a89c6bfc">
      <Execution id="9df249db-86a0-4f71-b574-3ec00bd9dbb8" />
      <TestMethod codeBase="d:\v2.0\a1\_work\dbded102\vso\tfs\service\webaccess\welcome\testscripts\tests\tfstests.welcome.welcomeproviders.ts" adapterTypeName="Microsoft.VisualStudio.TestTools.TestTypes.Unit.UnitTestAdapter" className="d:\v2.0\a1\_work\dbded102\vso\tfs\service\webaccess\welcome\testscripts\tests\tfstests.welcome.welcomeproviders.ts::tfstests" name="TFSTests.GitDocumentProviderTests GetFileContentUrlUsesMasterIfNoDefaultBranch" />
    </UnitTest>
    <UnitTest name="TFSTests.TfvcDocumentProviderTests BeginGetProjectRepositoriesAlwaysReturnsOneRepo" storage="d:\v2.0\a1\_work\dbded102\vso\tfs\service\webaccess\welcome\testscripts\tests\tfstests.welcome.welcomeproviders.ts" id="b10a0225-a2db-49b3-9f2c-133ec1100b59">
      <Execution id="cd3fdc65-d3c3-4d27-98b5-ed83a5db49e8" />
      <TestMethod codeBase="d:\v2.0\a1\_work\dbded102\vso\tfs\service\webaccess\welcome\testscripts\tests\tfstests.welcome.welcomeproviders.ts" adapterTypeName="Microsoft.VisualStudio.TestTools.TestTypes.Unit.UnitTestAdapter" className="d:\v2.0\a1\_work\dbded102\vso\tfs\service\webaccess\welcome\testscripts\tests\tfstests.welcome.welcomeproviders.ts::tfstests" name="TFSTests.TfvcDocumentProviderTests BeginGetProjectRepositoriesAlwaysReturnsOneRepo" />
    </UnitTest>
    <UnitTest name="TFSTests.Welcome.FileViewerModelBuilder ConstructorHandlesUndefinedInputs" storage="d:\v2.0\a1\_work\dbded102\vso\tfs\service\webaccess\welcome\testscripts\tests\tfstests.welcome.fileviewermodelbuilder.ts" id="80489803-7c82-489e-86d9-19438790a3e5">
      <Execution id="cd585f6f-7b70-406c-8e58-2f4375c2da59" />
      <TestMethod codeBase="d:\v2.0\a1\_work\dbded102\vso\tfs\service\webaccess\welcome\testscripts\tests\tfstests.welcome.fileviewermodelbuilder.ts" adapterTypeName="Microsoft.VisualStudio.TestTools.TestTypes.Unit.UnitTestAdapter" className="d:\v2.0\a1\_work\dbded102\vso\tfs\service\webaccess\welcome\testscripts\tests\tfstests.welcome.fileviewermodelbuilder.ts::tfstests.welcome" name="TFSTests.Welcome.FileViewerModelBuilder ConstructorHandlesUndefinedInputs" />
    </UnitTest>
    <UnitTest name="TFSTests.Welcome.GitFileViewerModelBuilder UsesFileParentToDetermineRepositorytName" storage="d:\v2.0\a1\_work\dbded102\vso\tfs\service\webaccess\welcome\testscripts\tests\tfstests.welcome.fileviewermodelbuilder.ts" id="8d0420ba-28ce-4d45-a618-0ea939eb23a8">
      <Execution id="62aa29c7-9b4c-4a9a-8a5a-30f309fb529d" />
      <TestMethod codeBase="d:\v2.0\a1\_work\dbded102\vso\tfs\service\webaccess\welcome\testscripts\tests\tfstests.welcome.fileviewermodelbuilder.ts" adapterTypeName="Microsoft.VisualStudio.TestTools.TestTypes.Unit.UnitTestAdapter" className="d:\v2.0\a1\_work\dbded102\vso\tfs\service\webaccess\welcome\testscripts\tests\tfstests.welcome.fileviewermodelbuilder.ts::tfstests.welcome" name="TFSTests.Welcome.GitFileViewerModelBuilder UsesFileParentToDetermineRepositorytName" />
    </UnitTest>
    <UnitTest name="TFSTests.Welcome.GitFileViewerModelBuilder WhenNoFileParentNameThenError" storage="d:\v2.0\a1\_work\dbded102\vso\tfs\service\webaccess\welcome\testscripts\tests\tfstests.welcome.fileviewermodelbuilder.ts" id="525aaac9-a954-43b0-9082-9f35d6593a45">
      <Execution id="54534eb1-0666-4982-9624-0c54f959aea4" />
      <TestMethod codeBase="d:\v2.0\a1\_work\dbded102\vso\tfs\service\webaccess\welcome\testscripts\tests\tfstests.welcome.fileviewermodelbuilder.ts" adapterTypeName="Microsoft.VisualStudio.TestTools.TestTypes.Unit.UnitTestAdapter" className="d:\v2.0\a1\_work\dbded102\vso\tfs\service\webaccess\welcome\testscripts\tests\tfstests.welcome.fileviewermodelbuilder.ts::tfstests.welcome" name="TFSTests.Welcome.GitFileViewerModelBuilder WhenNoFileParentNameThenError" />
    </UnitTest>
    <UnitTest name="TFSTests.Welcome.GitFileViewerModelBuilder UsesDefaultReadmePath" storage="d:\v2.0\a1\_work\dbded102\vso\tfs\service\webaccess\welcome\testscripts\tests\tfstests.welcome.fileviewermodelbuilder.ts" id="ef902140-d004-49ea-82a6-a69a2bd0665c">
      <Execution id="d64459a2-0a74-46c4-a08d-b82be4c60d67" />
      <TestMethod codeBase="d:\v2.0\a1\_work\dbded102\vso\tfs\service\webaccess\welcome\testscripts\tests\tfstests.welcome.fileviewermodelbuilder.ts" adapterTypeName="Microsoft.VisualStudio.TestTools.TestTypes.Unit.UnitTestAdapter" className="d:\v2.0\a1\_work\dbded102\vso\tfs\service\webaccess\welcome\testscripts\tests\tfstests.welcome.fileviewermodelbuilder.ts::tfstests.welcome" name="TFSTests.Welcome.GitFileViewerModelBuilder UsesDefaultReadmePath" />
    </UnitTest>
    <UnitTest name="TFSTests.Welcome.GitFileViewerModelBuilder GetVersionNameReturnsBranchVersionString" storage="d:\v2.0\a1\_work\dbded102\vso\tfs\service\webaccess\welcome\testscripts\tests\tfstests.welcome.fileviewermodelbuilder.ts" id="5c77d989-eb72-4a36-a2ae-fca2be7c09b6">
      <Execution id="db6b047e-d199-4b65-a2ac-22b918e51df3" />
      <TestMethod codeBase="d:\v2.0\a1\_work\dbded102\vso\tfs\service\webaccess\welcome\testscripts\tests\tfstests.welcome.fileviewermodelbuilder.ts" adapterTypeName="Microsoft.VisualStudio.TestTools.TestTypes.Unit.UnitTestAdapter" className="d:\v2.0\a1\_work\dbded102\vso\tfs\service\webaccess\welcome\testscripts\tests\tfstests.welcome.fileviewermodelbuilder.ts::tfstests.welcome" name="TFSTests.Welcome.GitFileViewerModelBuilder GetVersionNameReturnsBranchVersionString" />
    </UnitTest>
    <UnitTest name="TFSTests.Welcome.GitFileViewerModelBuilder SetsRepositoryContext" storage="d:\v2.0\a1\_work\dbded102\vso\tfs\service\webaccess\welcome\testscripts\tests\tfstests.welcome.fileviewermodelbuilder.ts" id="bf0e8c11-50fd-4d69-854a-2468c8717410">
      <Execution id="2f5eabe9-6fc3-48d9-8936-afc020b01304" />
      <TestMethod codeBase="d:\v2.0\a1\_work\dbded102\vso\tfs\service\webaccess\welcome\testscripts\tests\tfstests.welcome.fileviewermodelbuilder.ts" adapterTypeName="Microsoft.VisualStudio.TestTools.TestTypes.Unit.UnitTestAdapter" className="d:\v2.0\a1\_work\dbded102\vso\tfs\service\webaccess\welcome\testscripts\tests\tfstests.welcome.fileviewermodelbuilder.ts::tfstests.welcome" name="TFSTests.Welcome.GitFileViewerModelBuilder SetsRepositoryContext" />
    </UnitTest>
    <UnitTest name="TFSTests.Welcome.GitFileViewerModelBuilder WhenFileExistsThenSetsNewItemFalseAndDoNotSetDefaultContent" storage="d:\v2.0\a1\_work\dbded102\vso\tfs\service\webaccess\welcome\testscripts\tests\tfstests.welcome.fileviewermodelbuilder.ts" id="4f6f934a-3387-4d0c-89a5-e33952e06bef">
      <Execution id="15799154-e127-4040-b87a-3c9f163b41d5" />
      <TestMethod codeBase="d:\v2.0\a1\_work\dbded102\vso\tfs\service\webaccess\welcome\testscripts\tests\tfstests.welcome.fileviewermodelbuilder.ts" adapterTypeName="Microsoft.VisualStudio.TestTools.TestTypes.Unit.UnitTestAdapter" className="d:\v2.0\a1\_work\dbded102\vso\tfs\service\webaccess\welcome\testscripts\tests\tfstests.welcome.fileviewermodelbuilder.ts::tfstests.welcome" name="TFSTests.Welcome.GitFileViewerModelBuilder WhenFileExistsThenSetsNewItemFalseAndDoNotSetDefaultContent" />
    </UnitTest>
    <UnitTest name="TFSTests.Welcome.GitFileViewerModelBuilder WhenFileDoesNotExistThenSetsNewItemAndSetDefaultContent" storage="d:\v2.0\a1\_work\dbded102\vso\tfs\service\webaccess\welcome\testscripts\tests\tfstests.welcome.fileviewermodelbuilder.ts" id="463a9204-fd62-40fe-a8d5-fbe9ca519d7f">
      <Execution id="5ca65476-30a9-460d-838d-c50abcaa6e6a" />
      <TestMethod codeBase="d:\v2.0\a1\_work\dbded102\vso\tfs\service\webaccess\welcome\testscripts\tests\tfstests.welcome.fileviewermodelbuilder.ts" adapterTypeName="Microsoft.VisualStudio.TestTools.TestTypes.Unit.UnitTestAdapter" className="d:\v2.0\a1\_work\dbded102\vso\tfs\service\webaccess\welcome\testscripts\tests\tfstests.welcome.fileviewermodelbuilder.ts::tfstests.welcome" name="TFSTests.Welcome.GitFileViewerModelBuilder WhenFileDoesNotExistThenSetsNewItemAndSetDefaultContent" />
    </UnitTest>
    <UnitTest name="TFSTests.Welcome.GitFileViewerModelBuilder DefaultContentItemVersionComesFromBranchName" storage="d:\v2.0\a1\_work\dbded102\vso\tfs\service\webaccess\welcome\testscripts\tests\tfstests.welcome.fileviewermodelbuilder.ts" id="a1183d60-af9e-4971-86fa-924d8c4e8198">
      <Execution id="892508ef-bfb5-4752-b237-90dcd1015494" />
      <TestMethod codeBase="d:\v2.0\a1\_work\dbded102\vso\tfs\service\webaccess\welcome\testscripts\tests\tfstests.welcome.fileviewermodelbuilder.ts" adapterTypeName="Microsoft.VisualStudio.TestTools.TestTypes.Unit.UnitTestAdapter" className="d:\v2.0\a1\_work\dbded102\vso\tfs\service\webaccess\welcome\testscripts\tests\tfstests.welcome.fileviewermodelbuilder.ts::tfstests.welcome" name="TFSTests.Welcome.GitFileViewerModelBuilder DefaultContentItemVersionComesFromBranchName" />
    </UnitTest>
    <UnitTest name="TFSTests.Welcome.GitFileViewerModelBuilder WhenNoItemFoundThenSetsNewItemAndSetDefaultContent" storage="d:\v2.0\a1\_work\dbded102\vso\tfs\service\webaccess\welcome\testscripts\tests\tfstests.welcome.fileviewermodelbuilder.ts" id="707a4d2c-5bc1-4453-ac75-819b04ddb9c5">
      <Execution id="91bfa0ff-fbc2-4a89-bbb6-95bcc31f371e" />
      <TestMethod codeBase="d:\v2.0\a1\_work\dbded102\vso\tfs\service\webaccess\welcome\testscripts\tests\tfstests.welcome.fileviewermodelbuilder.ts" adapterTypeName="Microsoft.VisualStudio.TestTools.TestTypes.Unit.UnitTestAdapter" className="d:\v2.0\a1\_work\dbded102\vso\tfs\service\webaccess\welcome\testscripts\tests\tfstests.welcome.fileviewermodelbuilder.ts::tfstests.welcome" name="TFSTests.Welcome.GitFileViewerModelBuilder WhenNoItemFoundThenSetsNewItemAndSetDefaultContent" />
    </UnitTest>
    <UnitTest name="TFSTests.Welcome.GitFileViewerModelBuilder WhenItemErrorAndDocumentUnknownStateThenSetDocumentNotExistStateAndReturnDefaultContent" storage="d:\v2.0\a1\_work\dbded102\vso\tfs\service\webaccess\welcome\testscripts\tests\tfstests.welcome.fileviewermodelbuilder.ts" id="c7e68433-7435-4bb0-a829-86938050b646">
      <Execution id="11118e4a-7e79-458f-8d16-4a2fd5696fa0" />
      <TestMethod codeBase="d:\v2.0\a1\_work\dbded102\vso\tfs\service\webaccess\welcome\testscripts\tests\tfstests.welcome.fileviewermodelbuilder.ts" adapterTypeName="Microsoft.VisualStudio.TestTools.TestTypes.Unit.UnitTestAdapter" className="d:\v2.0\a1\_work\dbded102\vso\tfs\service\webaccess\welcome\testscripts\tests\tfstests.welcome.fileviewermodelbuilder.ts::tfstests.welcome" name="TFSTests.Welcome.GitFileViewerModelBuilder WhenItemErrorAndDocumentUnknownStateThenSetDocumentNotExistStateAndReturnDefaultContent" />
    </UnitTest>
    <UnitTest name="TFSTests.Welcome.GitFileViewerModelBuilder WhenItemErrorAndDocumentExistsThenRejectAndSendErrorObject" storage="d:\v2.0\a1\_work\dbded102\vso\tfs\service\webaccess\welcome\testscripts\tests\tfstests.welcome.fileviewermodelbuilder.ts" id="3b99383c-1edc-4f19-a8d3-a976ffe5e416">
      <Execution id="fa0b77c3-e55e-4ff2-8050-2db7a6ec67c1" />
      <TestMethod codeBase="d:\v2.0\a1\_work\dbded102\vso\tfs\service\webaccess\welcome\testscripts\tests\tfstests.welcome.fileviewermodelbuilder.ts" adapterTypeName="Microsoft.VisualStudio.TestTools.TestTypes.Unit.UnitTestAdapter" className="d:\v2.0\a1\_work\dbded102\vso\tfs\service\webaccess\welcome\testscripts\tests\tfstests.welcome.fileviewermodelbuilder.ts::tfstests.welcome" name="TFSTests.Welcome.GitFileViewerModelBuilder WhenItemErrorAndDocumentExistsThenRejectAndSendErrorObject" />
    </UnitTest>
    <UnitTest name="TFSTests.Welcome.GitFileViewerModelBuilder CreateDefaultContentModelForNonDefaultRepository" storage="d:\v2.0\a1\_work\dbded102\vso\tfs\service\webaccess\welcome\testscripts\tests\tfstests.welcome.fileviewermodelbuilder.ts" id="9995c049-a322-469d-9374-ac1eaeb33a71">
      <Execution id="764b1a95-7cf3-4d67-8760-647ec9519d45" />
      <TestMethod codeBase="d:\v2.0\a1\_work\dbded102\vso\tfs\service\webaccess\welcome\testscripts\tests\tfstests.welcome.fileviewermodelbuilder.ts" adapterTypeName="Microsoft.VisualStudio.TestTools.TestTypes.Unit.UnitTestAdapter" className="d:\v2.0\a1\_work\dbded102\vso\tfs\service\webaccess\welcome\testscripts\tests\tfstests.welcome.fileviewermodelbuilder.ts::tfstests.welcome" name="TFSTests.Welcome.GitFileViewerModelBuilder CreateDefaultContentModelForNonDefaultRepository" />
    </UnitTest>
    <UnitTest name="TFSTests.Welcome.GitFileViewerModelBuilder CreateDefaultContentModelForDefaultRepositoryWhichDoesNotExist" storage="d:\v2.0\a1\_work\dbded102\vso\tfs\service\webaccess\welcome\testscripts\tests\tfstests.welcome.fileviewermodelbuilder.ts" id="7ecb6497-89dd-485f-9baa-3f8199a64bcd">
      <Execution id="b451feac-330a-4ef4-aec2-2065ed62130f" />
      <TestMethod codeBase="d:\v2.0\a1\_work\dbded102\vso\tfs\service\webaccess\welcome\testscripts\tests\tfstests.welcome.fileviewermodelbuilder.ts" adapterTypeName="Microsoft.VisualStudio.TestTools.TestTypes.Unit.UnitTestAdapter" className="d:\v2.0\a1\_work\dbded102\vso\tfs\service\webaccess\welcome\testscripts\tests\tfstests.welcome.fileviewermodelbuilder.ts::tfstests.welcome" name="TFSTests.Welcome.GitFileViewerModelBuilder CreateDefaultContentModelForDefaultRepositoryWhichDoesNotExist" />
    </UnitTest>
    <UnitTest name="TFSTests.Welcome.GitFileViewerModelBuilder CreateDefaultContentModelForDefaultRepository" storage="d:\v2.0\a1\_work\dbded102\vso\tfs\service\webaccess\welcome\testscripts\tests\tfstests.welcome.fileviewermodelbuilder.ts" id="0ddffec4-fc68-4fb8-af3a-28f0bbd07bae">
      <Execution id="efb540c8-df5b-4684-9ae1-947c71ee8be8" />
      <TestMethod codeBase="d:\v2.0\a1\_work\dbded102\vso\tfs\service\webaccess\welcome\testscripts\tests\tfstests.welcome.fileviewermodelbuilder.ts" adapterTypeName="Microsoft.VisualStudio.TestTools.TestTypes.Unit.UnitTestAdapter" className="d:\v2.0\a1\_work\dbded102\vso\tfs\service\webaccess\welcome\testscripts\tests\tfstests.welcome.fileviewermodelbuilder.ts::tfstests.welcome" name="TFSTests.Welcome.GitFileViewerModelBuilder CreateDefaultContentModelForDefaultRepository" />
    </UnitTest>
    <UnitTest name="TFSTests.Welcome.TfvcFileViewerModelBuilder UsesFileParentToDetermineProjectName" storage="d:\v2.0\a1\_work\dbded102\vso\tfs\service\webaccess\welcome\testscripts\tests\tfstests.welcome.fileviewermodelbuilder.ts" id="40d600e5-5242-49ef-bf43-434c9502280b">
      <Execution id="cd3dce36-7640-4a3f-9e88-6b8eb1119dc6" />
      <TestMethod codeBase="d:\v2.0\a1\_work\dbded102\vso\tfs\service\webaccess\welcome\testscripts\tests\tfstests.welcome.fileviewermodelbuilder.ts" adapterTypeName="Microsoft.VisualStudio.TestTools.TestTypes.Unit.UnitTestAdapter" className="d:\v2.0\a1\_work\dbded102\vso\tfs\service\webaccess\welcome\testscripts\tests\tfstests.welcome.fileviewermodelbuilder.ts::tfstests.welcome" name="TFSTests.Welcome.TfvcFileViewerModelBuilder UsesFileParentToDetermineProjectName" />
    </UnitTest>
    <UnitTest name="TFSTests.Welcome.TfvcFileViewerModelBuilder WhenNoFileParentNameThenError" storage="d:\v2.0\a1\_work\dbded102\vso\tfs\service\webaccess\welcome\testscripts\tests\tfstests.welcome.fileviewermodelbuilder.ts" id="5a068424-b510-46af-b651-8cae9fd57453">
      <Execution id="6f146941-1d57-4cd7-a72a-3937616d6472" />
      <TestMethod codeBase="d:\v2.0\a1\_work\dbded102\vso\tfs\service\webaccess\welcome\testscripts\tests\tfstests.welcome.fileviewermodelbuilder.ts" adapterTypeName="Microsoft.VisualStudio.TestTools.TestTypes.Unit.UnitTestAdapter" className="d:\v2.0\a1\_work\dbded102\vso\tfs\service\webaccess\welcome\testscripts\tests\tfstests.welcome.fileviewermodelbuilder.ts::tfstests.welcome" name="TFSTests.Welcome.TfvcFileViewerModelBuilder WhenNoFileParentNameThenError" />
    </UnitTest>
    <UnitTest name="TFSTests.Welcome.TfvcFileViewerModelBuilder GeneratesTfvcPathForDefaultReadme" storage="d:\v2.0\a1\_work\dbded102\vso\tfs\service\webaccess\welcome\testscripts\tests\tfstests.welcome.fileviewermodelbuilder.ts" id="394287a7-ccc6-43de-b79e-6ff16c3f07b1">
      <Execution id="b0ad53ee-f496-46fa-82bd-257f67fa206f" />
      <TestMethod codeBase="d:\v2.0\a1\_work\dbded102\vso\tfs\service\webaccess\welcome\testscripts\tests\tfstests.welcome.fileviewermodelbuilder.ts" adapterTypeName="Microsoft.VisualStudio.TestTools.TestTypes.Unit.UnitTestAdapter" className="d:\v2.0\a1\_work\dbded102\vso\tfs\service\webaccess\welcome\testscripts\tests\tfstests.welcome.fileviewermodelbuilder.ts::tfstests.welcome" name="TFSTests.Welcome.TfvcFileViewerModelBuilder GeneratesTfvcPathForDefaultReadme" />
    </UnitTest>
    <UnitTest name="TFSTests.Welcome.TfvcFileViewerModelBuilder GetVersionNameReturnsUndefinedResult" storage="d:\v2.0\a1\_work\dbded102\vso\tfs\service\webaccess\welcome\testscripts\tests\tfstests.welcome.fileviewermodelbuilder.ts" id="d9ddba82-293a-4e73-a55d-996fca7f626d">
      <Execution id="29a14649-e4f5-4e4a-944d-12a5163d4cad" />
      <TestMethod codeBase="d:\v2.0\a1\_work\dbded102\vso\tfs\service\webaccess\welcome\testscripts\tests\tfstests.welcome.fileviewermodelbuilder.ts" adapterTypeName="Microsoft.VisualStudio.TestTools.TestTypes.Unit.UnitTestAdapter" className="d:\v2.0\a1\_work\dbded102\vso\tfs\service\webaccess\welcome\testscripts\tests\tfstests.welcome.fileviewermodelbuilder.ts::tfstests.welcome" name="TFSTests.Welcome.TfvcFileViewerModelBuilder GetVersionNameReturnsUndefinedResult" />
    </UnitTest>
    <UnitTest name="TFSTests.Welcome.TfvcFileViewerModelBuilder WhenFileExistsThenSetsNewItemFalseAndDoNotSetDefaultContent" storage="d:\v2.0\a1\_work\dbded102\vso\tfs\service\webaccess\welcome\testscripts\tests\tfstests.welcome.fileviewermodelbuilder.ts" id="928aa451-84f6-4ca1-82be-045e46a506b1">
      <Execution id="141b0938-d88e-4079-999d-5f176ab2b330" />
      <TestMethod codeBase="d:\v2.0\a1\_work\dbded102\vso\tfs\service\webaccess\welcome\testscripts\tests\tfstests.welcome.fileviewermodelbuilder.ts" adapterTypeName="Microsoft.VisualStudio.TestTools.TestTypes.Unit.UnitTestAdapter" className="d:\v2.0\a1\_work\dbded102\vso\tfs\service\webaccess\welcome\testscripts\tests\tfstests.welcome.fileviewermodelbuilder.ts::tfstests.welcome" name="TFSTests.Welcome.TfvcFileViewerModelBuilder WhenFileExistsThenSetsNewItemFalseAndDoNotSetDefaultContent" />
    </UnitTest>
    <UnitTest name="TFSTests.Welcome.TfvcFileViewerModelBuilder WhenFileDoesNotExistThenSetsNewItemAndSetDefaultContent" storage="d:\v2.0\a1\_work\dbded102\vso\tfs\service\webaccess\welcome\testscripts\tests\tfstests.welcome.fileviewermodelbuilder.ts" id="06afe704-2181-41a0-883f-c88c39f8f776">
      <Execution id="0adbfeed-37a8-42f8-abb9-da957e0c46fc" />
      <TestMethod codeBase="d:\v2.0\a1\_work\dbded102\vso\tfs\service\webaccess\welcome\testscripts\tests\tfstests.welcome.fileviewermodelbuilder.ts" adapterTypeName="Microsoft.VisualStudio.TestTools.TestTypes.Unit.UnitTestAdapter" className="d:\v2.0\a1\_work\dbded102\vso\tfs\service\webaccess\welcome\testscripts\tests\tfstests.welcome.fileviewermodelbuilder.ts::tfstests.welcome" name="TFSTests.Welcome.TfvcFileViewerModelBuilder WhenFileDoesNotExistThenSetsNewItemAndSetDefaultContent" />
    </UnitTest>
    <UnitTest name="TFSTests.Welcome.TfvcFileViewerModelBuilder WhenNoItemFoundThenSetsNewItemAndSetDefaultContent" storage="d:\v2.0\a1\_work\dbded102\vso\tfs\service\webaccess\welcome\testscripts\tests\tfstests.welcome.fileviewermodelbuilder.ts" id="9f15bb09-86ba-4595-8918-1f0e6d931dda">
      <Execution id="25dc1e53-1712-4f6c-b992-1e80e7c3db82" />
      <TestMethod codeBase="d:\v2.0\a1\_work\dbded102\vso\tfs\service\webaccess\welcome\testscripts\tests\tfstests.welcome.fileviewermodelbuilder.ts" adapterTypeName="Microsoft.VisualStudio.TestTools.TestTypes.Unit.UnitTestAdapter" className="d:\v2.0\a1\_work\dbded102\vso\tfs\service\webaccess\welcome\testscripts\tests\tfstests.welcome.fileviewermodelbuilder.ts::tfstests.welcome" name="TFSTests.Welcome.TfvcFileViewerModelBuilder WhenNoItemFoundThenSetsNewItemAndSetDefaultContent" />
    </UnitTest>
    <UnitTest name="TFSTests.Welcome.TfvcFileViewerModelBuilder WhenItemErrorAndDocumentUnknownStateThenSetDocumentNotExistStateAndReturnDefaultConent" storage="d:\v2.0\a1\_work\dbded102\vso\tfs\service\webaccess\welcome\testscripts\tests\tfstests.welcome.fileviewermodelbuilder.ts" id="84f4ebc7-5cc9-4dfc-9131-e8f14b402167">
      <Execution id="0c01762b-ac5b-4240-b1d4-21c9249c0113" />
      <TestMethod codeBase="d:\v2.0\a1\_work\dbded102\vso\tfs\service\webaccess\welcome\testscripts\tests\tfstests.welcome.fileviewermodelbuilder.ts" adapterTypeName="Microsoft.VisualStudio.TestTools.TestTypes.Unit.UnitTestAdapter" className="d:\v2.0\a1\_work\dbded102\vso\tfs\service\webaccess\welcome\testscripts\tests\tfstests.welcome.fileviewermodelbuilder.ts::tfstests.welcome" name="TFSTests.Welcome.TfvcFileViewerModelBuilder WhenItemErrorAndDocumentUnknownStateThenSetDocumentNotExistStateAndReturnDefaultConent" />
    </UnitTest>
    <UnitTest name="TFSTests.Welcome.TfvcFileViewerModelBuilder WhenItemErrorAndDocumentExistsThenRejectAndSendErrorObject" storage="d:\v2.0\a1\_work\dbded102\vso\tfs\service\webaccess\welcome\testscripts\tests\tfstests.welcome.fileviewermodelbuilder.ts" id="9c0c050e-062d-43b4-89cd-c80cb9e01fb5">
      <Execution id="bc319b4c-f3a6-45fa-871d-8ddf17206106" />
      <TestMethod codeBase="d:\v2.0\a1\_work\dbded102\vso\tfs\service\webaccess\welcome\testscripts\tests\tfstests.welcome.fileviewermodelbuilder.ts" adapterTypeName="Microsoft.VisualStudio.TestTools.TestTypes.Unit.UnitTestAdapter" className="d:\v2.0\a1\_work\dbded102\vso\tfs\service\webaccess\welcome\testscripts\tests\tfstests.welcome.fileviewermodelbuilder.ts::tfstests.welcome" name="TFSTests.Welcome.TfvcFileViewerModelBuilder WhenItemErrorAndDocumentExistsThenRejectAndSendErrorObject" />
    </UnitTest>
    <UnitTest name="TFSTests.Welcome.TfvcFileViewerModelBuilder CreateDefaultContentModel" storage="d:\v2.0\a1\_work\dbded102\vso\tfs\service\webaccess\welcome\testscripts\tests\tfstests.welcome.fileviewermodelbuilder.ts" id="544faa19-f986-4644-8317-3d489b10e149">
      <Execution id="be2d1a64-1663-42bc-ab81-20f20cbefed6" />
      <TestMethod codeBase="d:\v2.0\a1\_work\dbded102\vso\tfs\service\webaccess\welcome\testscripts\tests\tfstests.welcome.fileviewermodelbuilder.ts" adapterTypeName="Microsoft.VisualStudio.TestTools.TestTypes.Unit.UnitTestAdapter" className="d:\v2.0\a1\_work\dbded102\vso\tfs\service\webaccess\welcome\testscripts\tests\tfstests.welcome.fileviewermodelbuilder.ts::tfstests.welcome" name="TFSTests.Welcome.TfvcFileViewerModelBuilder CreateDefaultContentModel" />
    </UnitTest>
    <UnitTest name="TFSTests.Welcome.WikiLinkTransformerTests VerifyGetBrowserUriCallsGetCodeExplorerUrlForNonMarkdownFiles" storage="d:\v2.0\a1\_work\dbded102\vso\tfs\service\webaccess\welcome\testscripts\tests\tfstests.welcome.wikilinktransformer.ts" id="cd2c3b0b-f1c9-41b7-802e-a422067ae6ed">
      <Execution id="93222b58-ffd3-4b01-8da3-b19de974ec47" />
      <TestMethod codeBase="d:\v2.0\a1\_work\dbded102\vso\tfs\service\webaccess\welcome\testscripts\tests\tfstests.welcome.wikilinktransformer.ts" adapterTypeName="Microsoft.VisualStudio.TestTools.TestTypes.Unit.UnitTestAdapter" className="d:\v2.0\a1\_work\dbded102\vso\tfs\service\webaccess\welcome\testscripts\tests\tfstests.welcome.wikilinktransformer.ts::tfstests.welcome" name="TFSTests.Welcome.WikiLinkTransformerTests VerifyGetBrowserUriCallsGetCodeExplorerUrlForNonMarkdownFiles" />
    </UnitTest>
    <UnitTest name="TFSTests.Welcome.WikiLinkTransformerTests VerifyGetBrowserUriCallsGetWelcomeUrlForMarkdownFiles" storage="d:\v2.0\a1\_work\dbded102\vso\tfs\service\webaccess\welcome\testscripts\tests\tfstests.welcome.wikilinktransformer.ts" id="4cf7b2c5-e8b6-4ffc-b4d0-c6fdce8e275f">
      <Execution id="f0a82767-41cd-4d7c-82ff-8a7b38b1512e" />
      <TestMethod codeBase="d:\v2.0\a1\_work\dbded102\vso\tfs\service\webaccess\welcome\testscripts\tests\tfstests.welcome.wikilinktransformer.ts" adapterTypeName="Microsoft.VisualStudio.TestTools.TestTypes.Unit.UnitTestAdapter" className="d:\v2.0\a1\_work\dbded102\vso\tfs\service\webaccess\welcome\testscripts\tests\tfstests.welcome.wikilinktransformer.ts::tfstests.welcome" name="TFSTests.Welcome.WikiLinkTransformerTests VerifyGetBrowserUriCallsGetWelcomeUrlForMarkdownFiles" />
    </UnitTest>
  </TestDefinitions>
  <TestEntries>
    <TestEntry testId="79083907-b7ce-411d-a9fb-692577eb4309" executionId="30b63865-b4b6-4dd0-9a2a-4222a0295d15" testListId="8c84fa94-04c1-424b-9868-57a2d4851a1d" />
    <TestEntry testId="9497dd06-37ca-43ce-bbc9-6ee93f8ed11a" executionId="f8965a1f-6df6-4ced-8536-1c14869cd062" testListId="8c84fa94-04c1-424b-9868-57a2d4851a1d" />
    <TestEntry testId="0931c081-5d6e-4853-9369-afd19e730f7f" executionId="7fe257f2-b264-4f17-a68e-112919cd9db5" testListId="8c84fa94-04c1-424b-9868-57a2d4851a1d" />
    <TestEntry testId="333f7c69-8412-4cd0-b58f-55ca2fb4cc4d" executionId="161694d5-0e5a-493e-a815-6d12bcd78e36" testListId="8c84fa94-04c1-424b-9868-57a2d4851a1d" />
    <TestEntry testId="8695b8d9-6da9-4a4d-8579-2235a89c6bfc" executionId="9df249db-86a0-4f71-b574-3ec00bd9dbb8" testListId="8c84fa94-04c1-424b-9868-57a2d4851a1d" />
    <TestEntry testId="b10a0225-a2db-49b3-9f2c-133ec1100b59" executionId="cd3fdc65-d3c3-4d27-98b5-ed83a5db49e8" testListId="8c84fa94-04c1-424b-9868-57a2d4851a1d" />
    <TestEntry testId="80489803-7c82-489e-86d9-19438790a3e5" executionId="cd585f6f-7b70-406c-8e58-2f4375c2da59" testListId="8c84fa94-04c1-424b-9868-57a2d4851a1d" />
    <TestEntry testId="8d0420ba-28ce-4d45-a618-0ea939eb23a8" executionId="62aa29c7-9b4c-4a9a-8a5a-30f309fb529d" testListId="8c84fa94-04c1-424b-9868-57a2d4851a1d" />
    <TestEntry testId="525aaac9-a954-43b0-9082-9f35d6593a45" executionId="54534eb1-0666-4982-9624-0c54f959aea4" testListId="8c84fa94-04c1-424b-9868-57a2d4851a1d" />
    <TestEntry testId="ef902140-d004-49ea-82a6-a69a2bd0665c" executionId="d64459a2-0a74-46c4-a08d-b82be4c60d67" testListId="8c84fa94-04c1-424b-9868-57a2d4851a1d" />
    <TestEntry testId="5c77d989-eb72-4a36-a2ae-fca2be7c09b6" executionId="db6b047e-d199-4b65-a2ac-22b918e51df3" testListId="8c84fa94-04c1-424b-9868-57a2d4851a1d" />
    <TestEntry testId="bf0e8c11-50fd-4d69-854a-2468c8717410" executionId="2f5eabe9-6fc3-48d9-8936-afc020b01304" testListId="8c84fa94-04c1-424b-9868-57a2d4851a1d" />
    <TestEntry testId="4f6f934a-3387-4d0c-89a5-e33952e06bef" executionId="15799154-e127-4040-b87a-3c9f163b41d5" testListId="8c84fa94-04c1-424b-9868-57a2d4851a1d" />
    <TestEntry testId="463a9204-fd62-40fe-a8d5-fbe9ca519d7f" executionId="5ca65476-30a9-460d-838d-c50abcaa6e6a" testListId="8c84fa94-04c1-424b-9868-57a2d4851a1d" />
    <TestEntry testId="a1183d60-af9e-4971-86fa-924d8c4e8198" executionId="892508ef-bfb5-4752-b237-90dcd1015494" testListId="8c84fa94-04c1-424b-9868-57a2d4851a1d" />
    <TestEntry testId="707a4d2c-5bc1-4453-ac75-819b04ddb9c5" executionId="91bfa0ff-fbc2-4a89-bbb6-95bcc31f371e" testListId="8c84fa94-04c1-424b-9868-57a2d4851a1d" />
    <TestEntry testId="c7e68433-7435-4bb0-a829-86938050b646" executionId="11118e4a-7e79-458f-8d16-4a2fd5696fa0" testListId="8c84fa94-04c1-424b-9868-57a2d4851a1d" />
    <TestEntry testId="3b99383c-1edc-4f19-a8d3-a976ffe5e416" executionId="fa0b77c3-e55e-4ff2-8050-2db7a6ec67c1" testListId="8c84fa94-04c1-424b-9868-57a2d4851a1d" />
    <TestEntry testId="9995c049-a322-469d-9374-ac1eaeb33a71" executionId="764b1a95-7cf3-4d67-8760-647ec9519d45" testListId="8c84fa94-04c1-424b-9868-57a2d4851a1d" />
    <TestEntry testId="7ecb6497-89dd-485f-9baa-3f8199a64bcd" executionId="b451feac-330a-4ef4-aec2-2065ed62130f" testListId="8c84fa94-04c1-424b-9868-57a2d4851a1d" />
    <TestEntry testId="0ddffec4-fc68-4fb8-af3a-28f0bbd07bae" executionId="efb540c8-df5b-4684-9ae1-947c71ee8be8" testListId="8c84fa94-04c1-424b-9868-57a2d4851a1d" />
    <TestEntry testId="40d600e5-5242-49ef-bf43-434c9502280b" executionId="cd3dce36-7640-4a3f-9e88-6b8eb1119dc6" testListId="8c84fa94-04c1-424b-9868-57a2d4851a1d" />
    <TestEntry testId="5a068424-b510-46af-b651-8cae9fd57453" executionId="6f146941-1d57-4cd7-a72a-3937616d6472" testListId="8c84fa94-04c1-424b-9868-57a2d4851a1d" />
    <TestEntry testId="394287a7-ccc6-43de-b79e-6ff16c3f07b1" executionId="b0ad53ee-f496-46fa-82bd-257f67fa206f" testListId="8c84fa94-04c1-424b-9868-57a2d4851a1d" />
    <TestEntry testId="d9ddba82-293a-4e73-a55d-996fca7f626d" executionId="29a14649-e4f5-4e4a-944d-12a5163d4cad" testListId="8c84fa94-04c1-424b-9868-57a2d4851a1d" />
    <TestEntry testId="928aa451-84f6-4ca1-82be-045e46a506b1" executionId="141b0938-d88e-4079-999d-5f176ab2b330" testListId="8c84fa94-04c1-424b-9868-57a2d4851a1d" />
    <TestEntry testId="06afe704-2181-41a0-883f-c88c39f8f776" executionId="0adbfeed-37a8-42f8-abb9-da957e0c46fc" testListId="8c84fa94-04c1-424b-9868-57a2d4851a1d" />
    <TestEntry testId="9f15bb09-86ba-4595-8918-1f0e6d931dda" executionId="25dc1e53-1712-4f6c-b992-1e80e7c3db82" testListId="8c84fa94-04c1-424b-9868-57a2d4851a1d" />
    <TestEntry testId="84f4ebc7-5cc9-4dfc-9131-e8f14b402167" executionId="0c01762b-ac5b-4240-b1d4-21c9249c0113" testListId="8c84fa94-04c1-424b-9868-57a2d4851a1d" />
    <TestEntry testId="9c0c050e-062d-43b4-89cd-c80cb9e01fb5" executionId="bc319b4c-f3a6-45fa-871d-8ddf17206106" testListId="8c84fa94-04c1-424b-9868-57a2d4851a1d" />
    <TestEntry testId="544faa19-f986-4644-8317-3d489b10e149" executionId="be2d1a64-1663-42bc-ab81-20f20cbefed6" testListId="8c84fa94-04c1-424b-9868-57a2d4851a1d" />
    <TestEntry testId="cd2c3b0b-f1c9-41b7-802e-a422067ae6ed" executionId="93222b58-ffd3-4b01-8da3-b19de974ec47" testListId="8c84fa94-04c1-424b-9868-57a2d4851a1d" />
    <TestEntry testId="4cf7b2c5-e8b6-4ffc-b4d0-c6fdce8e275f" executionId="f0a82767-41cd-4d7c-82ff-8a7b38b1512e" testListId="8c84fa94-04c1-424b-9868-57a2d4851a1d" />
  </TestEntries>
  <TestLists>
    <TestList name="Results Not in a List" id="8c84fa94-04c1-424b-9868-57a2d4851a1d" />
    <TestList name="All Loaded Results" id="19431567-8539-422a-85d7-44ee4e166bda" />
  </TestLists>
  <ResultSummary outcome="Completed">
    <Counters total="33" executed="33" passed="33" failed="0" error="0" timeout="0" aborted="0" inconclusive="0" passedButRunAborted="0" notRunnable="0" notExecuted="0" disconnected="0" warning="0" completed="0" inProgress="0" pending="0" />
  </ResultSummary>
</TestRun>