<?xml version="1.0" encoding="UTF-8"?>
<TestRun id="a250a0d8-f8e3-48f6-90cb-fe4230579814" name="tfsmladm@TFSBUILD11 2015-09-28 09:43:38" runUser="REDMOND\tfsmladm" xmlns="http://microsoft.com/schemas/VisualStudio/TeamTest/2010">
  <Times creation="2015-09-28T09:43:38.7191704-07:00" queuing="2015-09-28T09:43:38.7191704-07:00" start="2015-09-28T09:43:38.7347963-07:00" finish="2015-09-28T09:43:39.4067193-07:00" />
  <TestSettings name="default" id="301dfa86-fe98-4784-92e4-6014f2c10930">
    <Execution>
      <TestTypeSpecific />
    </Execution>
    <Deployment runDeploymentRoot="tfsmladm_TFSBUILD11 2015-09-28 09_43_38" />
    <Properties />
  </TestSettings>
  <Results>
    <UnitTestResult executionId="e0375196-6cff-4d84-9527-bb373c215070" testId="401dfe5f-50d3-94be-51d0-ec2cc75d4902" testName="AzureResourceManagerService_TestRenameAzureResource" computerName="TFSBUILD11" duration="00:00:00.5174423" startTime="2015-09-28T09:43:37.8128566-07:00" endTime="2015-09-28T09:43:38.3753957-07:00" testType="13cdc9d9-ddb5-4fa4-a97d-d965ccfc6d4b" outcome="Passed" testListId="8c84fa94-04c1-424b-9868-57a2d4851a1d" relativeResultsDirectory="e0375196-6cff-4d84-9527-bb373c215070" />
    <UnitTestResult executionId="2ec22c09-8e53-4f78-86a1-5d2e19093d58" testId="7db22e4b-b672-5603-8a90-b94a76e6f958" testName="AzureResourceRenameJobTests_TestNullData" computerName="TFSBUILD11" duration="00:00:00.0335643" startTime="2015-09-28T09:43:38.3910221-07:00" endTime="2015-09-28T09:43:38.4222749-07:00" testType="13cdc9d9-ddb5-4fa4-a97d-d965ccfc6d4b" outcome="Passed" testListId="8c84fa94-04c1-424b-9868-57a2d4851a1d" relativeResultsDirectory="2ec22c09-8e53-4f78-86a1-5d2e19093d58" />
    <UnitTestResult executionId="bf49005f-c235-4cf4-bd92-4a0f39fa6e83" testId="f657dbad-4767-589c-58cd-5e99cc9f9400" testName="AzureResourceRenameJobTests_TestRenameCall" computerName="TFSBUILD11" duration="00:00:00.0571058" startTime="2015-09-28T09:43:38.4222749-07:00" endTime="2015-09-28T09:43:38.4847793-07:00" testType="13cdc9d9-ddb5-4fa4-a97d-d965ccfc6d4b" outcome="Passed" testListId="8c84fa94-04c1-424b-9868-57a2d4851a1d" relativeResultsDirectory="bf49005f-c235-4cf4-bd92-4a0f39fa6e83" />
    <UnitTestResult executionId="b7e732be-c143-46a0-baa2-23a70229a9a0" testId="01d4333d-2b34-7826-aef8-e7d2b8c5dcb9" testName="AzureResourceRenameJobTests_TestRetryLogicIsInvoked" computerName="TFSBUILD11" duration="00:00:00.0388177" startTime="2015-09-28T09:43:38.4847793-07:00" endTime="2015-09-28T09:43:38.5160313-07:00" testType="13cdc9d9-ddb5-4fa4-a97d-d965ccfc6d4b" outcome="Passed" testListId="8c84fa94-04c1-424b-9868-57a2d4851a1d" relativeResultsDirectory="b7e732be-c143-46a0-baa2-23a70229a9a0" />
    <UnitTestResult executionId="0c6bd972-ee84-4077-93a8-d2eebe635bbb" testId="70b54ecc-c87d-c690-7128-355923e0be97" testName="AzureResourceRenameJobTests_TestRetryLogicQueueJob" computerName="TFSBUILD11" duration="00:00:00.0649675" startTime="2015-09-28T09:43:38.5160313-07:00" endTime="2015-09-28T09:43:38.5785354-07:00" testType="13cdc9d9-ddb5-4fa4-a97d-d965ccfc6d4b" outcome="Passed" testListId="8c84fa94-04c1-424b-9868-57a2d4851a1d" relativeResultsDirectory="0c6bd972-ee84-4077-93a8-d2eebe635bbb" />
    <UnitTestResult executionId="3ba484b4-19d3-43f2-b83a-40932c0d837a" testId="963a21d3-d3b7-ab2f-c4e9-4798be25fdf3" testName="AzureResourceRenameJobTests_JobFailedForEmptyTenant" computerName="TFSBUILD11" duration="00:00:00.0146736" startTime="2015-09-28T09:43:38.5785354-07:00" endTime="2015-09-28T09:43:38.5941618-07:00" testType="13cdc9d9-ddb5-4fa4-a97d-d965ccfc6d4b" outcome="Passed" testListId="8c84fa94-04c1-424b-9868-57a2d4851a1d" relativeResultsDirectory="3ba484b4-19d3-43f2-b83a-40932c0d837a" />
    <UnitTestResult executionId="05585e26-caf1-4aea-a957-cd78137f59a7" testId="63587c86-0e2f-302d-6f07-8117bbc158c2" testName="AzureResourceRenameJobTests_ValidateResourceNotFoundShouldNotRequeueJobReturnsFalseWithStatusAsFailed" computerName="TFSBUILD11" duration="00:00:00.0205015" startTime="2015-09-28T09:43:38.5941618-07:00" endTime="2015-09-28T09:43:38.6254138-07:00" testType="13cdc9d9-ddb5-4fa4-a97d-d965ccfc6d4b" outcome="Passed" testListId="8c84fa94-04c1-424b-9868-57a2d4851a1d" relativeResultsDirectory="05585e26-caf1-4aea-a957-cd78137f59a7" />
    <UnitTestResult executionId="2084527f-0e95-49b1-b9ee-02892e5dc683" testId="6cb34131-1a2f-e3ee-4004-41debddd00ff" testName="AzureResourceRenameJobTests_ValidateShouldRequeueJobReturnsFalse" computerName="TFSBUILD11" duration="00:00:00.0551067" startTime="2015-09-28T09:43:38.6254138-07:00" endTime="2015-09-28T09:43:38.6722930-07:00" testType="13cdc9d9-ddb5-4fa4-a97d-d965ccfc6d4b" outcome="Passed" testListId="8c84fa94-04c1-424b-9868-57a2d4851a1d" relativeResultsDirectory="2084527f-0e95-49b1-b9ee-02892e5dc683" />
    <UnitTestResult executionId="15c56c8d-b49e-4e38-9149-fdb898e63208" testId="f590c6bf-9445-47c9-8b9b-d7982f3b9e12" testName="AzureResourceRenameJobTests_ValidateShouldRequeueJobReturnsTrue1" computerName="TFSBUILD11" duration="00:00:00.0062978" startTime="2015-09-28T09:43:38.6722930-07:00" endTime="2015-09-28T09:43:38.6879182-07:00" testType="13cdc9d9-ddb5-4fa4-a97d-d965ccfc6d4b" outcome="Passed" testListId="8c84fa94-04c1-424b-9868-57a2d4851a1d" relativeResultsDirectory="15c56c8d-b49e-4e38-9149-fdb898e63208" />
    <UnitTestResult executionId="bb005d11-d77c-452e-a9b3-a4143ad80297" testId="1d7a1195-c0aa-7b91-4c7f-05e474555bbf" testName="AzureResourceRenameJobTests_ShouldRequeueJobReturnTrue2" computerName="TFSBUILD11" duration="00:00:00.0037057" startTime="2015-09-28T09:43:38.6879182-07:00" endTime="2015-09-28T09:43:38.6879182-07:00" testType="13cdc9d9-ddb5-4fa4-a97d-d965ccfc6d4b" outcome="Passed" testListId="8c84fa94-04c1-424b-9868-57a2d4851a1d" relativeResultsDirectory="bb005d11-d77c-452e-a9b3-a4143ad80297" />
    <UnitTestResult executionId="a603d73b-2512-49ab-a28d-f615b61f7781" testId="d223f68d-68cb-563f-4f14-f27055120c43" testName="AzureResourceRenameJobTests_ValidateShouldRequeueJob2" computerName="TFSBUILD11" duration="00:00:00.0065348" startTime="2015-09-28T09:43:38.6879182-07:00" endTime="2015-09-28T09:43:38.7035438-07:00" testType="13cdc9d9-ddb5-4fa4-a97d-d965ccfc6d4b" outcome="Passed" testListId="8c84fa94-04c1-424b-9868-57a2d4851a1d" relativeResultsDirectory="a603d73b-2512-49ab-a28d-f615b61f7781" />
    <UnitTestResult executionId="ac7bd92d-8828-4c7a-81b7-f972a9ed6fc6" testId="97128130-f403-76f2-c528-b558b2209536" testName="AzureResourceRenameJobTests_ValidateCustomerIntelligenceCall" computerName="TFSBUILD11" duration="00:00:00.0148536" startTime="2015-09-28T09:43:38.7035438-07:00" endTime="2015-09-28T09:43:38.7191704-07:00" testType="13cdc9d9-ddb5-4fa4-a97d-d965ccfc6d4b" outcome="Passed" testListId="8c84fa94-04c1-424b-9868-57a2d4851a1d" relativeResultsDirectory="ac7bd92d-8828-4c7a-81b7-f972a9ed6fc6" />
    <UnitTestResult executionId="8f999b8a-33eb-48e5-872d-a19a8933366d" testId="24495f88-f73f-e68b-f144-16de47340d32" testName="CommerceMessageSubscriber_Recieve_MessageNullTest" computerName="TFSBUILD11" duration="00:00:00.1120313" startTime="2015-09-28T09:43:38.7191704-07:00" endTime="2015-09-28T09:43:38.8285532-07:00" testType="13cdc9d9-ddb5-4fa4-a97d-d965ccfc6d4b" outcome="Passed" testListId="8c84fa94-04c1-424b-9868-57a2d4851a1d" relativeResultsDirectory="8f999b8a-33eb-48e5-872d-a19a8933366d" />
    <UnitTestResult executionId="9fa91df5-e755-4a88-81ec-2432858c4160" testId="85fe4f59-61ee-42df-01b2-5e80961783dd" testName="CommerceMessageSubscriber_Recieve_CannotProcess" computerName="TFSBUILD11" duration="00:00:00.0170310" startTime="2015-09-28T09:43:38.8285532-07:00" endTime="2015-09-28T09:43:38.8441796-07:00" testType="13cdc9d9-ddb5-4fa4-a97d-d965ccfc6d4b" outcome="Passed" testListId="8c84fa94-04c1-424b-9868-57a2d4851a1d" relativeResultsDirectory="9fa91df5-e755-4a88-81ec-2432858c4160" />
    <UnitTestResult executionId="9b2f429b-5a84-46e9-baff-c0fb82111705" testId="313ee23c-f3f1-f09b-cded-ae7e4eb8020a" testName="CommerceMessageSubscriber_Recieve_NoProjects" computerName="TFSBUILD11" duration="00:00:00.0163157" startTime="2015-09-28T09:43:38.8441796-07:00" endTime="2015-09-28T09:43:38.8598057-07:00" testType="13cdc9d9-ddb5-4fa4-a97d-d965ccfc6d4b" outcome="Passed" testListId="8c84fa94-04c1-424b-9868-57a2d4851a1d" relativeResultsDirectory="9b2f429b-5a84-46e9-baff-c0fb82111705" />
    <UnitTestResult executionId="0b45b7e7-2d5d-400d-a41b-dba968ba559d" testId="2c1f1199-aa80-ba3a-8d8f-4e9cabfe12ab" testName="CommerceMessageSubscriber_Recieve_HasProjects" computerName="TFSBUILD11" duration="00:00:00.0180326" startTime="2015-09-28T09:43:38.8598057-07:00" endTime="2015-09-28T09:43:38.8754316-07:00" testType="13cdc9d9-ddb5-4fa4-a97d-d965ccfc6d4b" outcome="Passed" testListId="8c84fa94-04c1-424b-9868-57a2d4851a1d" relativeResultsDirectory="0b45b7e7-2d5d-400d-a41b-dba968ba559d" />
    <UnitTestResult executionId="d4bb1d9e-95bf-4e95-92cb-8c23e0263254" testId="5e4ed205-4046-67ec-5e5e-6e0667bf219e" testName="CommerceMessageSubscriber_GetBaseHydrationData" computerName="TFSBUILD11" duration="00:00:00.0080369" startTime="2015-09-28T09:43:38.8754316-07:00" endTime="2015-09-28T09:43:38.8910582-07:00" testType="13cdc9d9-ddb5-4fa4-a97d-d965ccfc6d4b" outcome="Passed" testListId="8c84fa94-04c1-424b-9868-57a2d4851a1d" relativeResultsDirectory="d4bb1d9e-95bf-4e95-92cb-8c23e0263254" />
    <UnitTestResult executionId="5cbd1e73-1756-4b0a-80b1-993c6349518b" testId="fdee4893-2746-7f2f-f3e8-b1ce3a5b018b" testName="CommerceMessageSubscriber_QueueHydrationJob_Create" computerName="TFSBUILD11" duration="00:00:00.0150325" startTime="2015-09-28T09:43:38.8910582-07:00" endTime="2015-09-28T09:43:38.9066841-07:00" testType="13cdc9d9-ddb5-4fa4-a97d-d965ccfc6d4b" outcome="Passed" testListId="8c84fa94-04c1-424b-9868-57a2d4851a1d" relativeResultsDirectory="5cbd1e73-1756-4b0a-80b1-993c6349518b" />
    <UnitTestResult executionId="88d47c99-1da2-41a1-b490-fbfc56a37a69" testId="28187de0-694f-e11a-9923-b9a2c782b3bf" testName="CommerceMessageSubscriber_QueueHydrationJob_Delete" computerName="TFSBUILD11" duration="00:00:00.0078307" startTime="2015-09-28T09:43:38.9066841-07:00" endTime="2015-09-28T09:43:38.9066841-07:00" testType="13cdc9d9-ddb5-4fa4-a97d-d965ccfc6d4b" outcome="Passed" testListId="8c84fa94-04c1-424b-9868-57a2d4851a1d" relativeResultsDirectory="88d47c99-1da2-41a1-b490-fbfc56a37a69" />
    <UnitTestResult executionId="12207b66-958a-4412-a583-da5f23058933" testId="d89f4051-7ff9-0ecb-7f1d-7ff46656a5fd" testName="CommerceMessageSubscriber_QueueHydrationJob_Recreate" computerName="TFSBUILD11" duration="00:00:00.0166351" startTime="2015-09-28T09:43:38.9066841-07:00" endTime="2015-09-28T09:43:38.9223096-07:00" testType="13cdc9d9-ddb5-4fa4-a97d-d965ccfc6d4b" outcome="Passed" testListId="8c84fa94-04c1-424b-9868-57a2d4851a1d" relativeResultsDirectory="12207b66-958a-4412-a583-da5f23058933" />
    <UnitTestResult executionId="c58b0b5e-fb21-4d4c-9463-26dfa7df6a6f" testId="f28552f3-5a02-406c-506a-e0d5e20ef18a" testName="CommerceMessageSubscriber_GetResourceNameValue_NoFF_NoForced" computerName="TFSBUILD11" duration="00:00:00.0059110" startTime="2015-09-28T09:43:38.9223096-07:00" endTime="2015-09-28T09:43:38.9379366-07:00" testType="13cdc9d9-ddb5-4fa4-a97d-d965ccfc6d4b" outcome="Passed" testListId="8c84fa94-04c1-424b-9868-57a2d4851a1d" relativeResultsDirectory="c58b0b5e-fb21-4d4c-9463-26dfa7df6a6f" />
    <UnitTestResult executionId="32068258-b7c2-4867-ba92-ef60bb680850" testId="7a6e43d5-dfbe-4c0b-e510-b941b17d5022" testName="CommerceMessageSubscriber_GetResourceNameValue_NoFF_ForcedGuid" computerName="TFSBUILD11" duration="00:00:00.0055566" startTime="2015-09-28T09:43:38.9379366-07:00" endTime="2015-09-28T09:43:38.9379366-07:00" testType="13cdc9d9-ddb5-4fa4-a97d-d965ccfc6d4b" outcome="Passed" testListId="8c84fa94-04c1-424b-9868-57a2d4851a1d" relativeResultsDirectory="32068258-b7c2-4867-ba92-ef60bb680850" />
    <UnitTestResult executionId="ac51e41d-3717-4fde-af1c-e59f2e85b30c" testId="943f56e1-76a4-afa6-66e3-21d8b50316d2" testName="CommerceMessageSubscriber_GetResourceNameValue_FF_NoForced" computerName="TFSBUILD11" duration="00:00:00.0055642" startTime="2015-09-28T09:43:38.9379366-07:00" endTime="2015-09-28T09:43:38.9379366-07:00" testType="13cdc9d9-ddb5-4fa4-a97d-d965ccfc6d4b" outcome="Passed" testListId="8c84fa94-04c1-424b-9868-57a2d4851a1d" relativeResultsDirectory="ac51e41d-3717-4fde-af1c-e59f2e85b30c" />
    <UnitTestResult executionId="d2e21bf9-cbb7-4a4a-a875-708f37b4109c" testId="12a55f30-5382-c626-8782-9a279ac63c19" testName="CommerceMessageSubscriber_GetResourceNameValue_FF_ForcedName" computerName="TFSBUILD11" duration="00:00:00.0058325" startTime="2015-09-28T09:43:38.9379366-07:00" endTime="2015-09-28T09:43:38.9535624-07:00" testType="13cdc9d9-ddb5-4fa4-a97d-d965ccfc6d4b" outcome="Passed" testListId="8c84fa94-04c1-424b-9868-57a2d4851a1d" relativeResultsDirectory="d2e21bf9-cbb7-4a4a-a875-708f37b4109c" />
    <UnitTestResult executionId="1071ab6b-2b9a-4e29-9abb-0f9b01ff132b" testId="ac612ed3-a3b6-57b4-ccf7-7a092e979e0e" testName="CommerceMessageSubscriber_GetResourceNameValue_FF_ForcedGuid" computerName="TFSBUILD11" duration="00:00:00.0057705" startTime="2015-09-28T09:43:38.9535624-07:00" endTime="2015-09-28T09:43:38.9535624-07:00" testType="13cdc9d9-ddb5-4fa4-a97d-d965ccfc6d4b" outcome="Passed" testListId="8c84fa94-04c1-424b-9868-57a2d4851a1d" relativeResultsDirectory="1071ab6b-2b9a-4e29-9abb-0f9b01ff132b" />
    <UnitTestResult executionId="f79adc5b-40bf-4893-87c6-eb9af759afe2" testId="f3f992ad-33e2-4a79-fa72-cd947b52e850" testName="UpdateProjectAzureResourceSubscriber_Recieve_CannotProcess" computerName="TFSBUILD11" duration="00:00:00.0682807" startTime="2015-09-28T09:43:38.9535624-07:00" endTime="2015-09-28T09:43:39.0316930-07:00" testType="13cdc9d9-ddb5-4fa4-a97d-d965ccfc6d4b" outcome="Passed" testListId="8c84fa94-04c1-424b-9868-57a2d4851a1d" relativeResultsDirectory="f79adc5b-40bf-4893-87c6-eb9af759afe2" />
    <UnitTestResult executionId="71d4ce30-be92-4f1a-be83-1796b0353bc3" testId="5dda263a-012a-6d4a-c8d2-994444dd0c7b" testName="UpdateProjectAzureResourceSubscriber_CanThisSubscriberProcessMessage_Invalid" computerName="TFSBUILD11" duration="00:00:00.0087054" startTime="2015-09-28T09:43:39.0316930-07:00" endTime="2015-09-28T09:43:39.0316930-07:00" testType="13cdc9d9-ddb5-4fa4-a97d-d965ccfc6d4b" outcome="Passed" testListId="8c84fa94-04c1-424b-9868-57a2d4851a1d" relativeResultsDirectory="71d4ce30-be92-4f1a-be83-1796b0353bc3" />
    <UnitTestResult executionId="3eac0f95-6bfc-4a6d-aafb-66ce4dd57e6e" testId="92f0bb1d-9f47-a793-e1f6-a542df491712" testName="UpdateProjectAzureResourceSubscriber_DisabledFeatureFlag" computerName="TFSBUILD11" duration="00:00:00.0145700" startTime="2015-09-28T09:43:39.0316930-07:00" endTime="2015-09-28T09:43:39.0473191-07:00" testType="13cdc9d9-ddb5-4fa4-a97d-d965ccfc6d4b" outcome="Passed" testListId="8c84fa94-04c1-424b-9868-57a2d4851a1d" relativeResultsDirectory="3eac0f95-6bfc-4a6d-aafb-66ce4dd57e6e" />
    <UnitTestResult executionId="9b0bca2b-5a98-4543-a092-6957e9b01746" testId="b492b370-c333-d8ce-fe43-57da73b1d9c0" testName="UpdateProjectAzureResourceSubscriber_OnRenameValidationFailed" computerName="TFSBUILD11" duration="00:00:00.0157701" startTime="2015-09-28T09:43:39.0473191-07:00" endTime="2015-09-28T09:43:39.0629452-07:00" testType="13cdc9d9-ddb5-4fa4-a97d-d965ccfc6d4b" outcome="Passed" testListId="8c84fa94-04c1-424b-9868-57a2d4851a1d" relativeResultsDirectory="9b0bca2b-5a98-4543-a092-6957e9b01746" />
    <UnitTestResult executionId="10d708ad-0d25-4bb8-8cff-98983f8be1c7" testId="f125d038-3885-5be9-62bc-c0b5df559a92" testName="UpdateProjectAzureResourceSubscriber_QueueJobInvoked" computerName="TFSBUILD11" duration="00:00:00.0158392" startTime="2015-09-28T09:43:39.0629452-07:00" endTime="2015-09-28T09:43:39.0785710-07:00" testType="13cdc9d9-ddb5-4fa4-a97d-d965ccfc6d4b" outcome="Passed" testListId="8c84fa94-04c1-424b-9868-57a2d4851a1d" relativeResultsDirectory="10d708ad-0d25-4bb8-8cff-98983f8be1c7" />
    <UnitTestResult executionId="c4c37f86-8a83-44e4-b1bc-44c922f09c55" testId="41b742b3-a02e-cf79-4931-2111d2c31466" testName="UpdateProjectAzureResourceSubscriber_TestRenameJobIsSubmitted" computerName="TFSBUILD11" duration="00:00:00.0521360" startTime="2015-09-28T09:43:39.0785710-07:00" endTime="2015-09-28T09:43:39.1410752-07:00" testType="13cdc9d9-ddb5-4fa4-a97d-d965ccfc6d4b" outcome="Passed" testListId="8c84fa94-04c1-424b-9868-57a2d4851a1d" relativeResultsDirectory="c4c37f86-8a83-44e4-b1bc-44c922f09c55" />
    <UnitTestResult executionId="8f52d24a-1619-4705-a093-5bc8d7f3697f" testId="be21a510-a798-5c05-efbd-f75f323d112b" testName="UpdateProjectAzureResourceSubscriber_TestInvalidProject_SameOldName" computerName="TFSBUILD11" duration="00:00:00.0633106" startTime="2015-09-28T09:43:39.1410752-07:00" endTime="2015-09-28T09:43:39.2035802-07:00" testType="13cdc9d9-ddb5-4fa4-a97d-d965ccfc6d4b" outcome="Passed" testListId="8c84fa94-04c1-424b-9868-57a2d4851a1d" relativeResultsDirectory="8f52d24a-1619-4705-a093-5bc8d7f3697f" />
    <UnitTestResult executionId="719448da-8058-461e-b021-5fa63e33f1c5" testId="5a2e340c-e963-bae0-78ac-1de8df3f7286" testName="UpdateProjectAzureResourceSubscriber_TestIsValidProject_ReturnsValid" computerName="TFSBUILD11" duration="00:00:00.0113328" startTime="2015-09-28T09:43:39.2035802-07:00" endTime="2015-09-28T09:43:39.2035802-07:00" testType="13cdc9d9-ddb5-4fa4-a97d-d965ccfc6d4b" outcome="Passed" testListId="8c84fa94-04c1-424b-9868-57a2d4851a1d" relativeResultsDirectory="719448da-8058-461e-b021-5fa63e33f1c5" />
    <UnitTestResult executionId="27aa7594-d17d-43db-921f-4bbf1f5b4e45" testId="04fabc02-692c-9ab5-6cf5-39a781d10aa1" testName="UpdateProjectAzureResourceSubscriber_TestInvalidAccount_OnInvalidSubscription" computerName="TFSBUILD11" duration="00:00:00.0826599" startTime="2015-09-28T09:43:39.2035802-07:00" endTime="2015-09-28T09:43:39.2973368-07:00" testType="13cdc9d9-ddb5-4fa4-a97d-d965ccfc6d4b" outcome="Passed" testListId="8c84fa94-04c1-424b-9868-57a2d4851a1d" relativeResultsDirectory="27aa7594-d17d-43db-921f-4bbf1f5b4e45" />
    <UnitTestResult executionId="843b6464-2021-4837-855c-ed25efd1d595" testId="2845c0c7-8db5-1043-02de-a2be684c041a" testName="UpdateProjectAzureResourceSubscriber_TestInvalidAccount_OnInvalidTenantAccount" computerName="TFSBUILD11" duration="00:00:00.0632059" startTime="2015-09-28T09:43:39.2973368-07:00" endTime="2015-09-28T09:43:39.3598410-07:00" testType="13cdc9d9-ddb5-4fa4-a97d-d965ccfc6d4b" outcome="Passed" testListId="8c84fa94-04c1-424b-9868-57a2d4851a1d" relativeResultsDirectory="843b6464-2021-4837-855c-ed25efd1d595" />
    <UnitTestResult executionId="7ea6bf23-e70c-4102-a17e-33fd68450f32" testId="15b3d0cb-8acb-cb7e-75f8-760e5b61fb78" testName="UpdateProjectAzureResourceSubscriber_TestInvalidAccount_OnValidTenantAccount" computerName="TFSBUILD11" duration="00:00:00.0257532" startTime="2015-09-28T09:43:39.3598410-07:00" endTime="2015-09-28T09:43:39.3754674-07:00" testType="13cdc9d9-ddb5-4fa4-a97d-d965ccfc6d4b" outcome="Passed" testListId="8c84fa94-04c1-424b-9868-57a2d4851a1d" relativeResultsDirectory="7ea6bf23-e70c-4102-a17e-33fd68450f32" />
  </Results>
  <TestDefinitions>
    <UnitTest name="AzureResourceManagerService_TestRenameAzureResource" storage="d:\v2.0\a1\_work\dbded102\bin\release.anycpu\tfs.service\ms.tf.server.webaccess.commerce.l0.tests\ms.tf.server.webaccess.commerce.l0.tests.dll" id="401dfe5f-50d3-94be-51d0-ec2cc75d4902">
      <Execution id="e0375196-6cff-4d84-9527-bb373c215070" />
      <TestMethod codeBase="D:\v2.0\A1\_work\dbded102\bin\Release.AnyCPU\Tfs.Service\MS.TF.Server.WebAccess.Commerce.L0.Tests\MS.TF.Server.WebAccess.Commerce.L0.Tests.dll" adapterTypeName="Microsoft.VisualStudio.TestTools.TestTypes.Unit.UnitTestAdapter" className="MS.TF.Server.WebAccess.Commerce.L0.Tests.AzureResourceManagerServiceTests" name="AzureResourceManagerService_TestRenameAzureResource" />
    </UnitTest>
    <UnitTest name="AzureResourceRenameJobTests_TestNullData" storage="d:\v2.0\a1\_work\dbded102\bin\release.anycpu\tfs.service\ms.tf.server.webaccess.commerce.l0.tests\ms.tf.server.webaccess.commerce.l0.tests.dll" id="7db22e4b-b672-5603-8a90-b94a76e6f958">
      <Execution id="2ec22c09-8e53-4f78-86a1-5d2e19093d58" />
      <TestMethod codeBase="D:\v2.0\A1\_work\dbded102\bin\Release.AnyCPU\Tfs.Service\MS.TF.Server.WebAccess.Commerce.L0.Tests\MS.TF.Server.WebAccess.Commerce.L0.Tests.dll" adapterTypeName="Microsoft.VisualStudio.TestTools.TestTypes.Unit.UnitTestAdapter" className="MS.TF.Server.WebAccess.Commerce.L0.Tests.AzureResourceRenameJobTests" name="AzureResourceRenameJobTests_TestNullData" />
    </UnitTest>
    <UnitTest name="AzureResourceRenameJobTests_TestRenameCall" storage="d:\v2.0\a1\_work\dbded102\bin\release.anycpu\tfs.service\ms.tf.server.webaccess.commerce.l0.tests\ms.tf.server.webaccess.commerce.l0.tests.dll" id="f657dbad-4767-589c-58cd-5e99cc9f9400">
      <Execution id="bf49005f-c235-4cf4-bd92-4a0f39fa6e83" />
      <TestMethod codeBase="D:\v2.0\A1\_work\dbded102\bin\Release.AnyCPU\Tfs.Service\MS.TF.Server.WebAccess.Commerce.L0.Tests\MS.TF.Server.WebAccess.Commerce.L0.Tests.dll" adapterTypeName="Microsoft.VisualStudio.TestTools.TestTypes.Unit.UnitTestAdapter" className="MS.TF.Server.WebAccess.Commerce.L0.Tests.AzureResourceRenameJobTests" name="AzureResourceRenameJobTests_TestRenameCall" />
    </UnitTest>
    <UnitTest name="AzureResourceRenameJobTests_TestRetryLogicIsInvoked" storage="d:\v2.0\a1\_work\dbded102\bin\release.anycpu\tfs.service\ms.tf.server.webaccess.commerce.l0.tests\ms.tf.server.webaccess.commerce.l0.tests.dll" id="01d4333d-2b34-7826-aef8-e7d2b8c5dcb9">
      <Execution id="b7e732be-c143-46a0-baa2-23a70229a9a0" />
      <TestMethod codeBase="D:\v2.0\A1\_work\dbded102\bin\Release.AnyCPU\Tfs.Service\MS.TF.Server.WebAccess.Commerce.L0.Tests\MS.TF.Server.WebAccess.Commerce.L0.Tests.dll" adapterTypeName="Microsoft.VisualStudio.TestTools.TestTypes.Unit.UnitTestAdapter" className="MS.TF.Server.WebAccess.Commerce.L0.Tests.AzureResourceRenameJobTests" name="AzureResourceRenameJobTests_TestRetryLogicIsInvoked" />
    </UnitTest>
    <UnitTest name="AzureResourceRenameJobTests_TestRetryLogicQueueJob" storage="d:\v2.0\a1\_work\dbded102\bin\release.anycpu\tfs.service\ms.tf.server.webaccess.commerce.l0.tests\ms.tf.server.webaccess.commerce.l0.tests.dll" id="70b54ecc-c87d-c690-7128-355923e0be97">
      <Execution id="0c6bd972-ee84-4077-93a8-d2eebe635bbb" />
      <TestMethod codeBase="D:\v2.0\A1\_work\dbded102\bin\Release.AnyCPU\Tfs.Service\MS.TF.Server.WebAccess.Commerce.L0.Tests\MS.TF.Server.WebAccess.Commerce.L0.Tests.dll" adapterTypeName="Microsoft.VisualStudio.TestTools.TestTypes.Unit.UnitTestAdapter" className="MS.TF.Server.WebAccess.Commerce.L0.Tests.AzureResourceRenameJobTests" name="AzureResourceRenameJobTests_TestRetryLogicQueueJob" />
    </UnitTest>
    <UnitTest name="AzureResourceRenameJobTests_JobFailedForEmptyTenant" storage="d:\v2.0\a1\_work\dbded102\bin\release.anycpu\tfs.service\ms.tf.server.webaccess.commerce.l0.tests\ms.tf.server.webaccess.commerce.l0.tests.dll" id="963a21d3-d3b7-ab2f-c4e9-4798be25fdf3">
      <Execution id="3ba484b4-19d3-43f2-b83a-40932c0d837a" />
      <TestMethod codeBase="D:\v2.0\A1\_work\dbded102\bin\Release.AnyCPU\Tfs.Service\MS.TF.Server.WebAccess.Commerce.L0.Tests\MS.TF.Server.WebAccess.Commerce.L0.Tests.dll" adapterTypeName="Microsoft.VisualStudio.TestTools.TestTypes.Unit.UnitTestAdapter" className="MS.TF.Server.WebAccess.Commerce.L0.Tests.AzureResourceRenameJobTests" name="AzureResourceRenameJobTests_JobFailedForEmptyTenant" />
    </UnitTest>
    <UnitTest name="AzureResourceRenameJobTests_ValidateResourceNotFoundShouldNotRequeueJobReturnsFalseWithStatusAsFailed" storage="d:\v2.0\a1\_work\dbded102\bin\release.anycpu\tfs.service\ms.tf.server.webaccess.commerce.l0.tests\ms.tf.server.webaccess.commerce.l0.tests.dll" id="63587c86-0e2f-302d-6f07-8117bbc158c2">
      <Execution id="05585e26-caf1-4aea-a957-cd78137f59a7" />
      <TestMethod codeBase="D:\v2.0\A1\_work\dbded102\bin\Release.AnyCPU\Tfs.Service\MS.TF.Server.WebAccess.Commerce.L0.Tests\MS.TF.Server.WebAccess.Commerce.L0.Tests.dll" adapterTypeName="Microsoft.VisualStudio.TestTools.TestTypes.Unit.UnitTestAdapter" className="MS.TF.Server.WebAccess.Commerce.L0.Tests.AzureResourceRenameJobTests" name="AzureResourceRenameJobTests_ValidateResourceNotFoundShouldNotRequeueJobReturnsFalseWithStatusAsFailed" />
    </UnitTest>
    <UnitTest name="AzureResourceRenameJobTests_ValidateShouldRequeueJobReturnsFalse" storage="d:\v2.0\a1\_work\dbded102\bin\release.anycpu\tfs.service\ms.tf.server.webaccess.commerce.l0.tests\ms.tf.server.webaccess.commerce.l0.tests.dll" id="6cb34131-1a2f-e3ee-4004-41debddd00ff">
      <Execution id="2084527f-0e95-49b1-b9ee-02892e5dc683" />
      <TestMethod codeBase="D:\v2.0\A1\_work\dbded102\bin\Release.AnyCPU\Tfs.Service\MS.TF.Server.WebAccess.Commerce.L0.Tests\MS.TF.Server.WebAccess.Commerce.L0.Tests.dll" adapterTypeName="Microsoft.VisualStudio.TestTools.TestTypes.Unit.UnitTestAdapter" className="MS.TF.Server.WebAccess.Commerce.L0.Tests.AzureResourceRenameJobTests" name="AzureResourceRenameJobTests_ValidateShouldRequeueJobReturnsFalse" />
    </UnitTest>
    <UnitTest name="AzureResourceRenameJobTests_ValidateShouldRequeueJobReturnsTrue1" storage="d:\v2.0\a1\_work\dbded102\bin\release.anycpu\tfs.service\ms.tf.server.webaccess.commerce.l0.tests\ms.tf.server.webaccess.commerce.l0.tests.dll" id="f590c6bf-9445-47c9-8b9b-d7982f3b9e12">
      <Execution id="15c56c8d-b49e-4e38-9149-fdb898e63208" />
      <TestMethod codeBase="D:\v2.0\A1\_work\dbded102\bin\Release.AnyCPU\Tfs.Service\MS.TF.Server.WebAccess.Commerce.L0.Tests\MS.TF.Server.WebAccess.Commerce.L0.Tests.dll" adapterTypeName="Microsoft.VisualStudio.TestTools.TestTypes.Unit.UnitTestAdapter" className="MS.TF.Server.WebAccess.Commerce.L0.Tests.AzureResourceRenameJobTests" name="AzureResourceRenameJobTests_ValidateShouldRequeueJobReturnsTrue1" />
    </UnitTest>
    <UnitTest name="AzureResourceRenameJobTests_ShouldRequeueJobReturnTrue2" storage="d:\v2.0\a1\_work\dbded102\bin\release.anycpu\tfs.service\ms.tf.server.webaccess.commerce.l0.tests\ms.tf.server.webaccess.commerce.l0.tests.dll" id="1d7a1195-c0aa-7b91-4c7f-05e474555bbf">
      <Execution id="bb005d11-d77c-452e-a9b3-a4143ad80297" />
      <TestMethod codeBase="D:\v2.0\A1\_work\dbded102\bin\Release.AnyCPU\Tfs.Service\MS.TF.Server.WebAccess.Commerce.L0.Tests\MS.TF.Server.WebAccess.Commerce.L0.Tests.dll" adapterTypeName="Microsoft.VisualStudio.TestTools.TestTypes.Unit.UnitTestAdapter" className="MS.TF.Server.WebAccess.Commerce.L0.Tests.AzureResourceRenameJobTests" name="AzureResourceRenameJobTests_ShouldRequeueJobReturnTrue2" />
    </UnitTest>
    <UnitTest name="AzureResourceRenameJobTests_ValidateShouldRequeueJob2" storage="d:\v2.0\a1\_work\dbded102\bin\release.anycpu\tfs.service\ms.tf.server.webaccess.commerce.l0.tests\ms.tf.server.webaccess.commerce.l0.tests.dll" id="d223f68d-68cb-563f-4f14-f27055120c43">
      <Execution id="a603d73b-2512-49ab-a28d-f615b61f7781" />
      <TestMethod codeBase="D:\v2.0\A1\_work\dbded102\bin\Release.AnyCPU\Tfs.Service\MS.TF.Server.WebAccess.Commerce.L0.Tests\MS.TF.Server.WebAccess.Commerce.L0.Tests.dll" adapterTypeName="Microsoft.VisualStudio.TestTools.TestTypes.Unit.UnitTestAdapter" className="MS.TF.Server.WebAccess.Commerce.L0.Tests.AzureResourceRenameJobTests" name="AzureResourceRenameJobTests_ValidateShouldRequeueJob2" />
    </UnitTest>
    <UnitTest name="AzureResourceRenameJobTests_ValidateCustomerIntelligenceCall" storage="d:\v2.0\a1\_work\dbded102\bin\release.anycpu\tfs.service\ms.tf.server.webaccess.commerce.l0.tests\ms.tf.server.webaccess.commerce.l0.tests.dll" id="97128130-f403-76f2-c528-b558b2209536">
      <Execution id="ac7bd92d-8828-4c7a-81b7-f972a9ed6fc6" />
      <TestMethod codeBase="D:\v2.0\A1\_work\dbded102\bin\Release.AnyCPU\Tfs.Service\MS.TF.Server.WebAccess.Commerce.L0.Tests\MS.TF.Server.WebAccess.Commerce.L0.Tests.dll" adapterTypeName="Microsoft.VisualStudio.TestTools.TestTypes.Unit.UnitTestAdapter" className="MS.TF.Server.WebAccess.Commerce.L0.Tests.AzureResourceRenameJobTests" name="AzureResourceRenameJobTests_ValidateCustomerIntelligenceCall" />
    </UnitTest>
    <UnitTest name="CommerceMessageSubscriber_Recieve_MessageNullTest" storage="d:\v2.0\a1\_work\dbded102\bin\release.anycpu\tfs.service\ms.tf.server.webaccess.commerce.l0.tests\ms.tf.server.webaccess.commerce.l0.tests.dll" id="24495f88-f73f-e68b-f144-16de47340d32">
      <Execution id="8f999b8a-33eb-48e5-872d-a19a8933366d" />
      <TestMethod codeBase="D:\v2.0\A1\_work\dbded102\bin\Release.AnyCPU\Tfs.Service\MS.TF.Server.WebAccess.Commerce.L0.Tests\MS.TF.Server.WebAccess.Commerce.L0.Tests.dll" adapterTypeName="Microsoft.VisualStudio.TestTools.TestTypes.Unit.UnitTestAdapter" className="MS.TF.Server.WebAccess.Commerce.L0.Tests.CommerceMessageSubscriberTests" name="CommerceMessageSubscriber_Recieve_MessageNullTest" />
    </UnitTest>
    <UnitTest name="CommerceMessageSubscriber_Recieve_CannotProcess" storage="d:\v2.0\a1\_work\dbded102\bin\release.anycpu\tfs.service\ms.tf.server.webaccess.commerce.l0.tests\ms.tf.server.webaccess.commerce.l0.tests.dll" id="85fe4f59-61ee-42df-01b2-5e80961783dd">
      <Execution id="9fa91df5-e755-4a88-81ec-2432858c4160" />
      <TestMethod codeBase="D:\v2.0\A1\_work\dbded102\bin\Release.AnyCPU\Tfs.Service\MS.TF.Server.WebAccess.Commerce.L0.Tests\MS.TF.Server.WebAccess.Commerce.L0.Tests.dll" adapterTypeName="Microsoft.VisualStudio.TestTools.TestTypes.Unit.UnitTestAdapter" className="MS.TF.Server.WebAccess.Commerce.L0.Tests.CommerceMessageSubscriberTests" name="CommerceMessageSubscriber_Recieve_CannotProcess" />
    </UnitTest>
    <UnitTest name="CommerceMessageSubscriber_Recieve_NoProjects" storage="d:\v2.0\a1\_work\dbded102\bin\release.anycpu\tfs.service\ms.tf.server.webaccess.commerce.l0.tests\ms.tf.server.webaccess.commerce.l0.tests.dll" id="313ee23c-f3f1-f09b-cded-ae7e4eb8020a">
      <Execution id="9b2f429b-5a84-46e9-baff-c0fb82111705" />
      <TestMethod codeBase="D:\v2.0\A1\_work\dbded102\bin\Release.AnyCPU\Tfs.Service\MS.TF.Server.WebAccess.Commerce.L0.Tests\MS.TF.Server.WebAccess.Commerce.L0.Tests.dll" adapterTypeName="Microsoft.VisualStudio.TestTools.TestTypes.Unit.UnitTestAdapter" className="MS.TF.Server.WebAccess.Commerce.L0.Tests.CommerceMessageSubscriberTests" name="CommerceMessageSubscriber_Recieve_NoProjects" />
    </UnitTest>
    <UnitTest name="CommerceMessageSubscriber_Recieve_HasProjects" storage="d:\v2.0\a1\_work\dbded102\bin\release.anycpu\tfs.service\ms.tf.server.webaccess.commerce.l0.tests\ms.tf.server.webaccess.commerce.l0.tests.dll" id="2c1f1199-aa80-ba3a-8d8f-4e9cabfe12ab">
      <Execution id="0b45b7e7-2d5d-400d-a41b-dba968ba559d" />
      <TestMethod codeBase="D:\v2.0\A1\_work\dbded102\bin\Release.AnyCPU\Tfs.Service\MS.TF.Server.WebAccess.Commerce.L0.Tests\MS.TF.Server.WebAccess.Commerce.L0.Tests.dll" adapterTypeName="Microsoft.VisualStudio.TestTools.TestTypes.Unit.UnitTestAdapter" className="MS.TF.Server.WebAccess.Commerce.L0.Tests.CommerceMessageSubscriberTests" name="CommerceMessageSubscriber_Recieve_HasProjects" />
    </UnitTest>
    <UnitTest name="CommerceMessageSubscriber_GetBaseHydrationData" storage="d:\v2.0\a1\_work\dbded102\bin\release.anycpu\tfs.service\ms.tf.server.webaccess.commerce.l0.tests\ms.tf.server.webaccess.commerce.l0.tests.dll" id="5e4ed205-4046-67ec-5e5e-6e0667bf219e">
      <Execution id="d4bb1d9e-95bf-4e95-92cb-8c23e0263254" />
      <TestMethod codeBase="D:\v2.0\A1\_work\dbded102\bin\Release.AnyCPU\Tfs.Service\MS.TF.Server.WebAccess.Commerce.L0.Tests\MS.TF.Server.WebAccess.Commerce.L0.Tests.dll" adapterTypeName="Microsoft.VisualStudio.TestTools.TestTypes.Unit.UnitTestAdapter" className="MS.TF.Server.WebAccess.Commerce.L0.Tests.CommerceMessageSubscriberTests" name="CommerceMessageSubscriber_GetBaseHydrationData" />
    </UnitTest>
    <UnitTest name="CommerceMessageSubscriber_QueueHydrationJob_Create" storage="d:\v2.0\a1\_work\dbded102\bin\release.anycpu\tfs.service\ms.tf.server.webaccess.commerce.l0.tests\ms.tf.server.webaccess.commerce.l0.tests.dll" id="fdee4893-2746-7f2f-f3e8-b1ce3a5b018b">
      <Execution id="5cbd1e73-1756-4b0a-80b1-993c6349518b" />
      <TestMethod codeBase="D:\v2.0\A1\_work\dbded102\bin\Release.AnyCPU\Tfs.Service\MS.TF.Server.WebAccess.Commerce.L0.Tests\MS.TF.Server.WebAccess.Commerce.L0.Tests.dll" adapterTypeName="Microsoft.VisualStudio.TestTools.TestTypes.Unit.UnitTestAdapter" className="MS.TF.Server.WebAccess.Commerce.L0.Tests.CommerceMessageSubscriberTests" name="CommerceMessageSubscriber_QueueHydrationJob_Create" />
    </UnitTest>
    <UnitTest name="CommerceMessageSubscriber_QueueHydrationJob_Delete" storage="d:\v2.0\a1\_work\dbded102\bin\release.anycpu\tfs.service\ms.tf.server.webaccess.commerce.l0.tests\ms.tf.server.webaccess.commerce.l0.tests.dll" id="28187de0-694f-e11a-9923-b9a2c782b3bf">
      <Execution id="88d47c99-1da2-41a1-b490-fbfc56a37a69" />
      <TestMethod codeBase="D:\v2.0\A1\_work\dbded102\bin\Release.AnyCPU\Tfs.Service\MS.TF.Server.WebAccess.Commerce.L0.Tests\MS.TF.Server.WebAccess.Commerce.L0.Tests.dll" adapterTypeName="Microsoft.VisualStudio.TestTools.TestTypes.Unit.UnitTestAdapter" className="MS.TF.Server.WebAccess.Commerce.L0.Tests.CommerceMessageSubscriberTests" name="CommerceMessageSubscriber_QueueHydrationJob_Delete" />
    </UnitTest>
    <UnitTest name="CommerceMessageSubscriber_QueueHydrationJob_Recreate" storage="d:\v2.0\a1\_work\dbded102\bin\release.anycpu\tfs.service\ms.tf.server.webaccess.commerce.l0.tests\ms.tf.server.webaccess.commerce.l0.tests.dll" id="d89f4051-7ff9-0ecb-7f1d-7ff46656a5fd">
      <Execution id="12207b66-958a-4412-a583-da5f23058933" />
      <TestMethod codeBase="D:\v2.0\A1\_work\dbded102\bin\Release.AnyCPU\Tfs.Service\MS.TF.Server.WebAccess.Commerce.L0.Tests\MS.TF.Server.WebAccess.Commerce.L0.Tests.dll" adapterTypeName="Microsoft.VisualStudio.TestTools.TestTypes.Unit.UnitTestAdapter" className="MS.TF.Server.WebAccess.Commerce.L0.Tests.CommerceMessageSubscriberTests" name="CommerceMessageSubscriber_QueueHydrationJob_Recreate" />
    </UnitTest>
    <UnitTest name="CommerceMessageSubscriber_GetResourceNameValue_NoFF_NoForced" storage="d:\v2.0\a1\_work\dbded102\bin\release.anycpu\tfs.service\ms.tf.server.webaccess.commerce.l0.tests\ms.tf.server.webaccess.commerce.l0.tests.dll" id="f28552f3-5a02-406c-506a-e0d5e20ef18a">
      <Execution id="c58b0b5e-fb21-4d4c-9463-26dfa7df6a6f" />
      <TestMethod codeBase="D:\v2.0\A1\_work\dbded102\bin\Release.AnyCPU\Tfs.Service\MS.TF.Server.WebAccess.Commerce.L0.Tests\MS.TF.Server.WebAccess.Commerce.L0.Tests.dll" adapterTypeName="Microsoft.VisualStudio.TestTools.TestTypes.Unit.UnitTestAdapter" className="MS.TF.Server.WebAccess.Commerce.L0.Tests.CommerceMessageSubscriberTests" name="CommerceMessageSubscriber_GetResourceNameValue_NoFF_NoForced" />
    </UnitTest>
    <UnitTest name="CommerceMessageSubscriber_GetResourceNameValue_NoFF_ForcedGuid" storage="d:\v2.0\a1\_work\dbded102\bin\release.anycpu\tfs.service\ms.tf.server.webaccess.commerce.l0.tests\ms.tf.server.webaccess.commerce.l0.tests.dll" id="7a6e43d5-dfbe-4c0b-e510-b941b17d5022">
      <Execution id="32068258-b7c2-4867-ba92-ef60bb680850" />
      <TestMethod codeBase="D:\v2.0\A1\_work\dbded102\bin\Release.AnyCPU\Tfs.Service\MS.TF.Server.WebAccess.Commerce.L0.Tests\MS.TF.Server.WebAccess.Commerce.L0.Tests.dll" adapterTypeName="Microsoft.VisualStudio.TestTools.TestTypes.Unit.UnitTestAdapter" className="MS.TF.Server.WebAccess.Commerce.L0.Tests.CommerceMessageSubscriberTests" name="CommerceMessageSubscriber_GetResourceNameValue_NoFF_ForcedGuid" />
    </UnitTest>
    <UnitTest name="CommerceMessageSubscriber_GetResourceNameValue_FF_NoForced" storage="d:\v2.0\a1\_work\dbded102\bin\release.anycpu\tfs.service\ms.tf.server.webaccess.commerce.l0.tests\ms.tf.server.webaccess.commerce.l0.tests.dll" id="943f56e1-76a4-afa6-66e3-21d8b50316d2">
      <Execution id="ac51e41d-3717-4fde-af1c-e59f2e85b30c" />
      <TestMethod codeBase="D:\v2.0\A1\_work\dbded102\bin\Release.AnyCPU\Tfs.Service\MS.TF.Server.WebAccess.Commerce.L0.Tests\MS.TF.Server.WebAccess.Commerce.L0.Tests.dll" adapterTypeName="Microsoft.VisualStudio.TestTools.TestTypes.Unit.UnitTestAdapter" className="MS.TF.Server.WebAccess.Commerce.L0.Tests.CommerceMessageSubscriberTests" name="CommerceMessageSubscriber_GetResourceNameValue_FF_NoForced" />
    </UnitTest>
    <UnitTest name="CommerceMessageSubscriber_GetResourceNameValue_FF_ForcedName" storage="d:\v2.0\a1\_work\dbded102\bin\release.anycpu\tfs.service\ms.tf.server.webaccess.commerce.l0.tests\ms.tf.server.webaccess.commerce.l0.tests.dll" id="12a55f30-5382-c626-8782-9a279ac63c19">
      <Execution id="d2e21bf9-cbb7-4a4a-a875-708f37b4109c" />
      <TestMethod codeBase="D:\v2.0\A1\_work\dbded102\bin\Release.AnyCPU\Tfs.Service\MS.TF.Server.WebAccess.Commerce.L0.Tests\MS.TF.Server.WebAccess.Commerce.L0.Tests.dll" adapterTypeName="Microsoft.VisualStudio.TestTools.TestTypes.Unit.UnitTestAdapter" className="MS.TF.Server.WebAccess.Commerce.L0.Tests.CommerceMessageSubscriberTests" name="CommerceMessageSubscriber_GetResourceNameValue_FF_ForcedName" />
    </UnitTest>
    <UnitTest name="CommerceMessageSubscriber_GetResourceNameValue_FF_ForcedGuid" storage="d:\v2.0\a1\_work\dbded102\bin\release.anycpu\tfs.service\ms.tf.server.webaccess.commerce.l0.tests\ms.tf.server.webaccess.commerce.l0.tests.dll" id="ac612ed3-a3b6-57b4-ccf7-7a092e979e0e">
      <Execution id="1071ab6b-2b9a-4e29-9abb-0f9b01ff132b" />
      <TestMethod codeBase="D:\v2.0\A1\_work\dbded102\bin\Release.AnyCPU\Tfs.Service\MS.TF.Server.WebAccess.Commerce.L0.Tests\MS.TF.Server.WebAccess.Commerce.L0.Tests.dll" adapterTypeName="Microsoft.VisualStudio.TestTools.TestTypes.Unit.UnitTestAdapter" className="MS.TF.Server.WebAccess.Commerce.L0.Tests.CommerceMessageSubscriberTests" name="CommerceMessageSubscriber_GetResourceNameValue_FF_ForcedGuid" />
    </UnitTest>
    <UnitTest name="UpdateProjectAzureResourceSubscriber_Recieve_CannotProcess" storage="d:\v2.0\a1\_work\dbded102\bin\release.anycpu\tfs.service\ms.tf.server.webaccess.commerce.l0.tests\ms.tf.server.webaccess.commerce.l0.tests.dll" id="f3f992ad-33e2-4a79-fa72-cd947b52e850">
      <Execution id="f79adc5b-40bf-4893-87c6-eb9af759afe2" />
      <TestMethod codeBase="D:\v2.0\A1\_work\dbded102\bin\Release.AnyCPU\Tfs.Service\MS.TF.Server.WebAccess.Commerce.L0.Tests\MS.TF.Server.WebAccess.Commerce.L0.Tests.dll" adapterTypeName="Microsoft.VisualStudio.TestTools.TestTypes.Unit.UnitTestAdapter" className="MS.TF.Server.WebAccess.Commerce.L0.Tests.UpdateProjectAzureResourceSubscriberTests" name="UpdateProjectAzureResourceSubscriber_Recieve_CannotProcess" />
    </UnitTest>
    <UnitTest name="UpdateProjectAzureResourceSubscriber_CanThisSubscriberProcessMessage_Invalid" storage="d:\v2.0\a1\_work\dbded102\bin\release.anycpu\tfs.service\ms.tf.server.webaccess.commerce.l0.tests\ms.tf.server.webaccess.commerce.l0.tests.dll" id="5dda263a-012a-6d4a-c8d2-994444dd0c7b">
      <Execution id="71d4ce30-be92-4f1a-be83-1796b0353bc3" />
      <TestMethod codeBase="D:\v2.0\A1\_work\dbded102\bin\Release.AnyCPU\Tfs.Service\MS.TF.Server.WebAccess.Commerce.L0.Tests\MS.TF.Server.WebAccess.Commerce.L0.Tests.dll" adapterTypeName="Microsoft.VisualStudio.TestTools.TestTypes.Unit.UnitTestAdapter" className="MS.TF.Server.WebAccess.Commerce.L0.Tests.UpdateProjectAzureResourceSubscriberTests" name="UpdateProjectAzureResourceSubscriber_CanThisSubscriberProcessMessage_Invalid" />
    </UnitTest>
    <UnitTest name="UpdateProjectAzureResourceSubscriber_DisabledFeatureFlag" storage="d:\v2.0\a1\_work\dbded102\bin\release.anycpu\tfs.service\ms.tf.server.webaccess.commerce.l0.tests\ms.tf.server.webaccess.commerce.l0.tests.dll" id="92f0bb1d-9f47-a793-e1f6-a542df491712">
      <Execution id="3eac0f95-6bfc-4a6d-aafb-66ce4dd57e6e" />
      <TestMethod codeBase="D:\v2.0\A1\_work\dbded102\bin\Release.AnyCPU\Tfs.Service\MS.TF.Server.WebAccess.Commerce.L0.Tests\MS.TF.Server.WebAccess.Commerce.L0.Tests.dll" adapterTypeName="Microsoft.VisualStudio.TestTools.TestTypes.Unit.UnitTestAdapter" className="MS.TF.Server.WebAccess.Commerce.L0.Tests.UpdateProjectAzureResourceSubscriberTests" name="UpdateProjectAzureResourceSubscriber_DisabledFeatureFlag" />
    </UnitTest>
    <UnitTest name="UpdateProjectAzureResourceSubscriber_OnRenameValidationFailed" storage="d:\v2.0\a1\_work\dbded102\bin\release.anycpu\tfs.service\ms.tf.server.webaccess.commerce.l0.tests\ms.tf.server.webaccess.commerce.l0.tests.dll" id="b492b370-c333-d8ce-fe43-57da73b1d9c0">
      <Execution id="9b0bca2b-5a98-4543-a092-6957e9b01746" />
      <TestMethod codeBase="D:\v2.0\A1\_work\dbded102\bin\Release.AnyCPU\Tfs.Service\MS.TF.Server.WebAccess.Commerce.L0.Tests\MS.TF.Server.WebAccess.Commerce.L0.Tests.dll" adapterTypeName="Microsoft.VisualStudio.TestTools.TestTypes.Unit.UnitTestAdapter" className="MS.TF.Server.WebAccess.Commerce.L0.Tests.UpdateProjectAzureResourceSubscriberTests" name="UpdateProjectAzureResourceSubscriber_OnRenameValidationFailed" />
    </UnitTest>
    <UnitTest name="UpdateProjectAzureResourceSubscriber_QueueJobInvoked" storage="d:\v2.0\a1\_work\dbded102\bin\release.anycpu\tfs.service\ms.tf.server.webaccess.commerce.l0.tests\ms.tf.server.webaccess.commerce.l0.tests.dll" id="f125d038-3885-5be9-62bc-c0b5df559a92">
      <Execution id="10d708ad-0d25-4bb8-8cff-98983f8be1c7" />
      <TestMethod codeBase="D:\v2.0\A1\_work\dbded102\bin\Release.AnyCPU\Tfs.Service\MS.TF.Server.WebAccess.Commerce.L0.Tests\MS.TF.Server.WebAccess.Commerce.L0.Tests.dll" adapterTypeName="Microsoft.VisualStudio.TestTools.TestTypes.Unit.UnitTestAdapter" className="MS.TF.Server.WebAccess.Commerce.L0.Tests.UpdateProjectAzureResourceSubscriberTests" name="UpdateProjectAzureResourceSubscriber_QueueJobInvoked" />
    </UnitTest>
    <UnitTest name="UpdateProjectAzureResourceSubscriber_TestRenameJobIsSubmitted" storage="d:\v2.0\a1\_work\dbded102\bin\release.anycpu\tfs.service\ms.tf.server.webaccess.commerce.l0.tests\ms.tf.server.webaccess.commerce.l0.tests.dll" id="41b742b3-a02e-cf79-4931-2111d2c31466">
      <Execution id="c4c37f86-8a83-44e4-b1bc-44c922f09c55" />
      <TestMethod codeBase="D:\v2.0\A1\_work\dbded102\bin\Release.AnyCPU\Tfs.Service\MS.TF.Server.WebAccess.Commerce.L0.Tests\MS.TF.Server.WebAccess.Commerce.L0.Tests.dll" adapterTypeName="Microsoft.VisualStudio.TestTools.TestTypes.Unit.UnitTestAdapter" className="MS.TF.Server.WebAccess.Commerce.L0.Tests.UpdateProjectAzureResourceSubscriberTests" name="UpdateProjectAzureResourceSubscriber_TestRenameJobIsSubmitted" />
    </UnitTest>
    <UnitTest name="UpdateProjectAzureResourceSubscriber_TestInvalidProject_SameOldName" storage="d:\v2.0\a1\_work\dbded102\bin\release.anycpu\tfs.service\ms.tf.server.webaccess.commerce.l0.tests\ms.tf.server.webaccess.commerce.l0.tests.dll" id="be21a510-a798-5c05-efbd-f75f323d112b">
      <Execution id="8f52d24a-1619-4705-a093-5bc8d7f3697f" />
      <TestMethod codeBase="D:\v2.0\A1\_work\dbded102\bin\Release.AnyCPU\Tfs.Service\MS.TF.Server.WebAccess.Commerce.L0.Tests\MS.TF.Server.WebAccess.Commerce.L0.Tests.dll" adapterTypeName="Microsoft.VisualStudio.TestTools.TestTypes.Unit.UnitTestAdapter" className="MS.TF.Server.WebAccess.Commerce.L0.Tests.UpdateProjectAzureResourceSubscriberTests" name="UpdateProjectAzureResourceSubscriber_TestInvalidProject_SameOldName" />
    </UnitTest>
    <UnitTest name="UpdateProjectAzureResourceSubscriber_TestIsValidProject_ReturnsValid" storage="d:\v2.0\a1\_work\dbded102\bin\release.anycpu\tfs.service\ms.tf.server.webaccess.commerce.l0.tests\ms.tf.server.webaccess.commerce.l0.tests.dll" id="5a2e340c-e963-bae0-78ac-1de8df3f7286">
      <Execution id="719448da-8058-461e-b021-5fa63e33f1c5" />
      <TestMethod codeBase="D:\v2.0\A1\_work\dbded102\bin\Release.AnyCPU\Tfs.Service\MS.TF.Server.WebAccess.Commerce.L0.Tests\MS.TF.Server.WebAccess.Commerce.L0.Tests.dll" adapterTypeName="Microsoft.VisualStudio.TestTools.TestTypes.Unit.UnitTestAdapter" className="MS.TF.Server.WebAccess.Commerce.L0.Tests.UpdateProjectAzureResourceSubscriberTests" name="UpdateProjectAzureResourceSubscriber_TestIsValidProject_ReturnsValid" />
    </UnitTest>
    <UnitTest name="UpdateProjectAzureResourceSubscriber_TestInvalidAccount_OnInvalidSubscription" storage="d:\v2.0\a1\_work\dbded102\bin\release.anycpu\tfs.service\ms.tf.server.webaccess.commerce.l0.tests\ms.tf.server.webaccess.commerce.l0.tests.dll" id="04fabc02-692c-9ab5-6cf5-39a781d10aa1">
      <Execution id="27aa7594-d17d-43db-921f-4bbf1f5b4e45" />
      <TestMethod codeBase="D:\v2.0\A1\_work\dbded102\bin\Release.AnyCPU\Tfs.Service\MS.TF.Server.WebAccess.Commerce.L0.Tests\MS.TF.Server.WebAccess.Commerce.L0.Tests.dll" adapterTypeName="Microsoft.VisualStudio.TestTools.TestTypes.Unit.UnitTestAdapter" className="MS.TF.Server.WebAccess.Commerce.L0.Tests.UpdateProjectAzureResourceSubscriberTests" name="UpdateProjectAzureResourceSubscriber_TestInvalidAccount_OnInvalidSubscription" />
    </UnitTest>
    <UnitTest name="UpdateProjectAzureResourceSubscriber_TestInvalidAccount_OnInvalidTenantAccount" storage="d:\v2.0\a1\_work\dbded102\bin\release.anycpu\tfs.service\ms.tf.server.webaccess.commerce.l0.tests\ms.tf.server.webaccess.commerce.l0.tests.dll" id="2845c0c7-8db5-1043-02de-a2be684c041a">
      <Execution id="843b6464-2021-4837-855c-ed25efd1d595" />
      <TestMethod codeBase="D:\v2.0\A1\_work\dbded102\bin\Release.AnyCPU\Tfs.Service\MS.TF.Server.WebAccess.Commerce.L0.Tests\MS.TF.Server.WebAccess.Commerce.L0.Tests.dll" adapterTypeName="Microsoft.VisualStudio.TestTools.TestTypes.Unit.UnitTestAdapter" className="MS.TF.Server.WebAccess.Commerce.L0.Tests.UpdateProjectAzureResourceSubscriberTests" name="UpdateProjectAzureResourceSubscriber_TestInvalidAccount_OnInvalidTenantAccount" />
    </UnitTest>
    <UnitTest name="UpdateProjectAzureResourceSubscriber_TestInvalidAccount_OnValidTenantAccount" storage="d:\v2.0\a1\_work\dbded102\bin\release.anycpu\tfs.service\ms.tf.server.webaccess.commerce.l0.tests\ms.tf.server.webaccess.commerce.l0.tests.dll" id="15b3d0cb-8acb-cb7e-75f8-760e5b61fb78">
      <Execution id="7ea6bf23-e70c-4102-a17e-33fd68450f32" />
      <TestMethod codeBase="D:\v2.0\A1\_work\dbded102\bin\Release.AnyCPU\Tfs.Service\MS.TF.Server.WebAccess.Commerce.L0.Tests\MS.TF.Server.WebAccess.Commerce.L0.Tests.dll" adapterTypeName="Microsoft.VisualStudio.TestTools.TestTypes.Unit.UnitTestAdapter" className="MS.TF.Server.WebAccess.Commerce.L0.Tests.UpdateProjectAzureResourceSubscriberTests" name="UpdateProjectAzureResourceSubscriber_TestInvalidAccount_OnValidTenantAccount" />
    </UnitTest>
  </TestDefinitions>
  <TestEntries>
    <TestEntry testId="401dfe5f-50d3-94be-51d0-ec2cc75d4902" executionId="e0375196-6cff-4d84-9527-bb373c215070" testListId="8c84fa94-04c1-424b-9868-57a2d4851a1d" />
    <TestEntry testId="7db22e4b-b672-5603-8a90-b94a76e6f958" executionId="2ec22c09-8e53-4f78-86a1-5d2e19093d58" testListId="8c84fa94-04c1-424b-9868-57a2d4851a1d" />
    <TestEntry testId="f657dbad-4767-589c-58cd-5e99cc9f9400" executionId="bf49005f-c235-4cf4-bd92-4a0f39fa6e83" testListId="8c84fa94-04c1-424b-9868-57a2d4851a1d" />
    <TestEntry testId="01d4333d-2b34-7826-aef8-e7d2b8c5dcb9" executionId="b7e732be-c143-46a0-baa2-23a70229a9a0" testListId="8c84fa94-04c1-424b-9868-57a2d4851a1d" />
    <TestEntry testId="70b54ecc-c87d-c690-7128-355923e0be97" executionId="0c6bd972-ee84-4077-93a8-d2eebe635bbb" testListId="8c84fa94-04c1-424b-9868-57a2d4851a1d" />
    <TestEntry testId="963a21d3-d3b7-ab2f-c4e9-4798be25fdf3" executionId="3ba484b4-19d3-43f2-b83a-40932c0d837a" testListId="8c84fa94-04c1-424b-9868-57a2d4851a1d" />
    <TestEntry testId="63587c86-0e2f-302d-6f07-8117bbc158c2" executionId="05585e26-caf1-4aea-a957-cd78137f59a7" testListId="8c84fa94-04c1-424b-9868-57a2d4851a1d" />
    <TestEntry testId="6cb34131-1a2f-e3ee-4004-41debddd00ff" executionId="2084527f-0e95-49b1-b9ee-02892e5dc683" testListId="8c84fa94-04c1-424b-9868-57a2d4851a1d" />
    <TestEntry testId="f590c6bf-9445-47c9-8b9b-d7982f3b9e12" executionId="15c56c8d-b49e-4e38-9149-fdb898e63208" testListId="8c84fa94-04c1-424b-9868-57a2d4851a1d" />
    <TestEntry testId="1d7a1195-c0aa-7b91-4c7f-05e474555bbf" executionId="bb005d11-d77c-452e-a9b3-a4143ad80297" testListId="8c84fa94-04c1-424b-9868-57a2d4851a1d" />
    <TestEntry testId="d223f68d-68cb-563f-4f14-f27055120c43" executionId="a603d73b-2512-49ab-a28d-f615b61f7781" testListId="8c84fa94-04c1-424b-9868-57a2d4851a1d" />
    <TestEntry testId="97128130-f403-76f2-c528-b558b2209536" executionId="ac7bd92d-8828-4c7a-81b7-f972a9ed6fc6" testListId="8c84fa94-04c1-424b-9868-57a2d4851a1d" />
    <TestEntry testId="24495f88-f73f-e68b-f144-16de47340d32" executionId="8f999b8a-33eb-48e5-872d-a19a8933366d" testListId="8c84fa94-04c1-424b-9868-57a2d4851a1d" />
    <TestEntry testId="85fe4f59-61ee-42df-01b2-5e80961783dd" executionId="9fa91df5-e755-4a88-81ec-2432858c4160" testListId="8c84fa94-04c1-424b-9868-57a2d4851a1d" />
    <TestEntry testId="313ee23c-f3f1-f09b-cded-ae7e4eb8020a" executionId="9b2f429b-5a84-46e9-baff-c0fb82111705" testListId="8c84fa94-04c1-424b-9868-57a2d4851a1d" />
    <TestEntry testId="2c1f1199-aa80-ba3a-8d8f-4e9cabfe12ab" executionId="0b45b7e7-2d5d-400d-a41b-dba968ba559d" testListId="8c84fa94-04c1-424b-9868-57a2d4851a1d" />
    <TestEntry testId="5e4ed205-4046-67ec-5e5e-6e0667bf219e" executionId="d4bb1d9e-95bf-4e95-92cb-8c23e0263254" testListId="8c84fa94-04c1-424b-9868-57a2d4851a1d" />
    <TestEntry testId="fdee4893-2746-7f2f-f3e8-b1ce3a5b018b" executionId="5cbd1e73-1756-4b0a-80b1-993c6349518b" testListId="8c84fa94-04c1-424b-9868-57a2d4851a1d" />
    <TestEntry testId="28187de0-694f-e11a-9923-b9a2c782b3bf" executionId="88d47c99-1da2-41a1-b490-fbfc56a37a69" testListId="8c84fa94-04c1-424b-9868-57a2d4851a1d" />
    <TestEntry testId="d89f4051-7ff9-0ecb-7f1d-7ff46656a5fd" executionId="12207b66-958a-4412-a583-da5f23058933" testListId="8c84fa94-04c1-424b-9868-57a2d4851a1d" />
    <TestEntry testId="f28552f3-5a02-406c-506a-e0d5e20ef18a" executionId="c58b0b5e-fb21-4d4c-9463-26dfa7df6a6f" testListId="8c84fa94-04c1-424b-9868-57a2d4851a1d" />
    <TestEntry testId="7a6e43d5-dfbe-4c0b-e510-b941b17d5022" executionId="32068258-b7c2-4867-ba92-ef60bb680850" testListId="8c84fa94-04c1-424b-9868-57a2d4851a1d" />
    <TestEntry testId="943f56e1-76a4-afa6-66e3-21d8b50316d2" executionId="ac51e41d-3717-4fde-af1c-e59f2e85b30c" testListId="8c84fa94-04c1-424b-9868-57a2d4851a1d" />
    <TestEntry testId="12a55f30-5382-c626-8782-9a279ac63c19" executionId="d2e21bf9-cbb7-4a4a-a875-708f37b4109c" testListId="8c84fa94-04c1-424b-9868-57a2d4851a1d" />
    <TestEntry testId="ac612ed3-a3b6-57b4-ccf7-7a092e979e0e" executionId="1071ab6b-2b9a-4e29-9abb-0f9b01ff132b" testListId="8c84fa94-04c1-424b-9868-57a2d4851a1d" />
    <TestEntry testId="f3f992ad-33e2-4a79-fa72-cd947b52e850" executionId="f79adc5b-40bf-4893-87c6-eb9af759afe2" testListId="8c84fa94-04c1-424b-9868-57a2d4851a1d" />
    <TestEntry testId="5dda263a-012a-6d4a-c8d2-994444dd0c7b" executionId="71d4ce30-be92-4f1a-be83-1796b0353bc3" testListId="8c84fa94-04c1-424b-9868-57a2d4851a1d" />
    <TestEntry testId="92f0bb1d-9f47-a793-e1f6-a542df491712" executionId="3eac0f95-6bfc-4a6d-aafb-66ce4dd57e6e" testListId="8c84fa94-04c1-424b-9868-57a2d4851a1d" />
    <TestEntry testId="b492b370-c333-d8ce-fe43-57da73b1d9c0" executionId="9b0bca2b-5a98-4543-a092-6957e9b01746" testListId="8c84fa94-04c1-424b-9868-57a2d4851a1d" />
    <TestEntry testId="f125d038-3885-5be9-62bc-c0b5df559a92" executionId="10d708ad-0d25-4bb8-8cff-98983f8be1c7" testListId="8c84fa94-04c1-424b-9868-57a2d4851a1d" />
    <TestEntry testId="41b742b3-a02e-cf79-4931-2111d2c31466" executionId="c4c37f86-8a83-44e4-b1bc-44c922f09c55" testListId="8c84fa94-04c1-424b-9868-57a2d4851a1d" />
    <TestEntry testId="be21a510-a798-5c05-efbd-f75f323d112b" executionId="8f52d24a-1619-4705-a093-5bc8d7f3697f" testListId="8c84fa94-04c1-424b-9868-57a2d4851a1d" />
    <TestEntry testId="5a2e340c-e963-bae0-78ac-1de8df3f7286" executionId="719448da-8058-461e-b021-5fa63e33f1c5" testListId="8c84fa94-04c1-424b-9868-57a2d4851a1d" />
    <TestEntry testId="04fabc02-692c-9ab5-6cf5-39a781d10aa1" executionId="27aa7594-d17d-43db-921f-4bbf1f5b4e45" testListId="8c84fa94-04c1-424b-9868-57a2d4851a1d" />
    <TestEntry testId="2845c0c7-8db5-1043-02de-a2be684c041a" executionId="843b6464-2021-4837-855c-ed25efd1d595" testListId="8c84fa94-04c1-424b-9868-57a2d4851a1d" />
    <TestEntry testId="15b3d0cb-8acb-cb7e-75f8-760e5b61fb78" executionId="7ea6bf23-e70c-4102-a17e-33fd68450f32" testListId="8c84fa94-04c1-424b-9868-57a2d4851a1d" />
  </TestEntries>
  <TestLists>
    <TestList name="Results Not in a List" id="8c84fa94-04c1-424b-9868-57a2d4851a1d" />
    <TestList name="All Loaded Results" id="19431567-8539-422a-85d7-44ee4e166bda" />
  </TestLists>
  <ResultSummary outcome="Completed">
    <Counters total="36" executed="36" passed="36" failed="0" error="0" timeout="0" aborted="0" inconclusive="0" passedButRunAborted="0" notRunnable="0" notExecuted="0" disconnected="0" warning="0" completed="0" inProgress="0" pending="0" />
  </ResultSummary>
</TestRun>