<?xml version="1.0" encoding="UTF-8"?>
<TestRun id="7052ed6f-0b2c-461d-841c-07498ecdf44b" name="tfsmladm@TFSBUILD11 2015-09-28 09:43:39" runUser="REDMOND\tfsmladm" xmlns="http://microsoft.com/schemas/VisualStudio/TeamTest/2010">
  <Times creation="2015-09-28T09:43:39.7661202-07:00" queuing="2015-09-28T09:43:39.7661202-07:00" start="2015-09-28T09:43:39.7817457-07:00" finish="2015-09-28T09:43:39.8286243-07:00" />
  <TestSettings name="default" id="7d65ad52-ad85-4347-add8-84a893dd97d1">
    <Execution>
      <TestTypeSpecific />
    </Execution>
    <Deployment runDeploymentRoot="tfsmladm_TFSBUILD11 2015-09-28 09_43_39" />
    <Properties />
  </TestSettings>
  <Results>
    <UnitTestResult executionId="d1b4bc93-41f4-4ef2-a5fd-40b77c48d50f" testId="7c06c203-8893-6c83-7ac2-5462a3cffc61" testName="Read_FeatureFlagDisabled_ReturnsDisabledContext" computerName="TFSBUILD11" duration="00:00:00.3690784" startTime="2015-09-28T09:43:39.1723280-07:00" endTime="2015-09-28T09:43:39.5942335-07:00" testType="13cdc9d9-ddb5-4fa4-a97d-d965ccfc6d4b" outcome="Passed" testListId="8c84fa94-04c1-424b-9868-57a2d4851a1d" relativeResultsDirectory="d1b4bc93-41f4-4ef2-a5fd-40b77c48d50f" />
    <UnitTestResult executionId="9033f9b2-8a7d-41be-9c07-d137787dbb1d" testId="a15dc4f6-0ff5-497e-f393-cc58d1165f60" testName="Write_FeatureFlagDisabled_NotWriteToHive" computerName="TFSBUILD11" duration="00:00:00.0112548" startTime="2015-09-28T09:43:39.6098591-07:00" endTime="2015-09-28T09:43:39.6254849-07:00" testType="13cdc9d9-ddb5-4fa4-a97d-d965ccfc6d4b" outcome="Passed" testListId="8c84fa94-04c1-424b-9868-57a2d4851a1d" relativeResultsDirectory="9033f9b2-8a7d-41be-9c07-d137787dbb1d" />
    <UnitTestResult executionId="7045a3a7-f268-43d9-9b31-db761989d5ee" testId="6612e61e-5c13-ae74-754e-7531055c4cbe" testName="Read_NotHosted_ReturnsDisabledContext" computerName="TFSBUILD11" duration="00:00:00.0038744" startTime="2015-09-28T09:43:39.6254849-07:00" endTime="2015-09-28T09:43:39.6254849-07:00" testType="13cdc9d9-ddb5-4fa4-a97d-d965ccfc6d4b" outcome="Passed" testListId="8c84fa94-04c1-424b-9868-57a2d4851a1d" relativeResultsDirectory="7045a3a7-f268-43d9-9b31-db761989d5ee" />
    <UnitTestResult executionId="3c30d08e-286e-4f0c-abe8-58283e61709b" testId="d42c9651-f0d7-d5ac-1f72-ea80b4f49113" testName="Write_NotHosted_NotWriteToHive" computerName="TFSBUILD11" duration="00:00:00.0043010" startTime="2015-09-28T09:43:39.6254849-07:00" endTime="2015-09-28T09:43:39.6411113-07:00" testType="13cdc9d9-ddb5-4fa4-a97d-d965ccfc6d4b" outcome="Passed" testListId="8c84fa94-04c1-424b-9868-57a2d4851a1d" relativeResultsDirectory="3c30d08e-286e-4f0c-abe8-58283e61709b" />
    <UnitTestResult executionId="ccc119ea-432b-41e2-a5ef-f00ffbdc7d50" testId="4d3eefbb-8440-bd58-b30f-1d93bd9024b1" testName="Read_ReadsFromHive" computerName="TFSBUILD11" duration="00:00:00.0155661" startTime="2015-09-28T09:43:39.6411113-07:00" endTime="2015-09-28T09:43:39.6567368-07:00" testType="13cdc9d9-ddb5-4fa4-a97d-d965ccfc6d4b" outcome="Passed" testListId="8c84fa94-04c1-424b-9868-57a2d4851a1d" relativeResultsDirectory="ccc119ea-432b-41e2-a5ef-f00ffbdc7d50" />
    <UnitTestResult executionId="14283878-8d68-4ed1-9ab8-b5b199e5cd5a" testId="0d66ddea-521d-5a16-bf5c-3a61522adb5f" testName="Write_WritesToHive" computerName="TFSBUILD11" duration="00:00:00.0061513" startTime="2015-09-28T09:43:39.6567368-07:00" endTime="2015-09-28T09:43:39.6567368-07:00" testType="13cdc9d9-ddb5-4fa4-a97d-d965ccfc6d4b" outcome="Passed" testListId="8c84fa94-04c1-424b-9868-57a2d4851a1d" relativeResultsDirectory="14283878-8d68-4ed1-9ab8-b5b199e5cd5a" />
    <UnitTestResult executionId="1afaf6aa-a042-4b51-b82b-11f3a24e0391" testId="f23f0809-8805-fb44-2c4f-684efeb0115b" testName="GetQuickStartContext" computerName="TFSBUILD11" duration="00:00:00.0638422" startTime="2015-09-28T09:43:39.6567368-07:00" endTime="2015-09-28T09:43:39.7192421-07:00" testType="13cdc9d9-ddb5-4fa4-a97d-d965ccfc6d4b" outcome="Passed" testListId="8c84fa94-04c1-424b-9868-57a2d4851a1d" relativeResultsDirectory="1afaf6aa-a042-4b51-b82b-11f3a24e0391" />
    <UnitTestResult executionId="1425387e-ce60-4136-b721-3debb45148d1" testId="addb44a0-7884-fc9e-efe6-e87dacfc22c3" testName="HideQuickStart" computerName="TFSBUILD11" duration="00:00:00.0082977" startTime="2015-09-28T09:43:39.7192421-07:00" endTime="2015-09-28T09:43:39.7348677-07:00" testType="13cdc9d9-ddb5-4fa4-a97d-d965ccfc6d4b" outcome="Passed" testListId="8c84fa94-04c1-424b-9868-57a2d4851a1d" relativeResultsDirectory="1425387e-ce60-4136-b721-3debb45148d1" />
    <UnitTestResult executionId="eac28eb1-728e-403d-a7ae-6ed2617fe129" testId="10144fe1-98c7-c8b2-e29e-0ba6c0f25ad5" testName="HideQuickStart_HasExistingContext_OnlyUpdateTopLevelEnabledFlag" computerName="TFSBUILD11" duration="00:00:00.0039588" startTime="2015-09-28T09:43:39.7348677-07:00" endTime="2015-09-28T09:43:39.7348677-07:00" testType="13cdc9d9-ddb5-4fa4-a97d-d965ccfc6d4b" outcome="Passed" testListId="8c84fa94-04c1-424b-9868-57a2d4851a1d" relativeResultsDirectory="eac28eb1-728e-403d-a7ae-6ed2617fe129" />
    <UnitTestResult executionId="2c2ed915-4d22-49ad-9bac-581a2ed75a09" testId="d1ae9938-5876-9e6e-23d0-f5db8fe921e3" testName="HideQuickStartForAccount" computerName="TFSBUILD11" duration="00:00:00.0032802" startTime="2015-09-28T09:43:39.7348677-07:00" endTime="2015-09-28T09:43:39.7348677-07:00" testType="13cdc9d9-ddb5-4fa4-a97d-d965ccfc6d4b" outcome="Passed" testListId="8c84fa94-04c1-424b-9868-57a2d4851a1d" relativeResultsDirectory="2c2ed915-4d22-49ad-9bac-581a2ed75a09" />
    <UnitTestResult executionId="463a51b3-14ac-48e9-903a-6bd2d98e4f88" testId="7ec295da-2c62-30f0-7cee-a0c361ea9a6c" testName="HideQuickStartForAccount_HasExistingContext_OnlyUpdateAccountLevelFlag" computerName="TFSBUILD11" duration="00:00:00.0048142" startTime="2015-09-28T09:43:39.7348677-07:00" endTime="2015-09-28T09:43:39.7504943-07:00" testType="13cdc9d9-ddb5-4fa4-a97d-d965ccfc6d4b" outcome="Passed" testListId="8c84fa94-04c1-424b-9868-57a2d4851a1d" relativeResultsDirectory="463a51b3-14ac-48e9-903a-6bd2d98e4f88" />
    <UnitTestResult executionId="37d75e96-b939-4d2c-9066-ab7f83cafd48" testId="b06fd9b7-e525-eb91-9204-80566cdbb4e7" testName="HideQuickStartForProject" computerName="TFSBUILD11" duration="00:00:00.0098531" startTime="2015-09-28T09:43:39.7504943-07:00" endTime="2015-09-28T09:43:39.7504943-07:00" testType="13cdc9d9-ddb5-4fa4-a97d-d965ccfc6d4b" outcome="Passed" testListId="8c84fa94-04c1-424b-9868-57a2d4851a1d" relativeResultsDirectory="37d75e96-b939-4d2c-9066-ab7f83cafd48" />
    <UnitTestResult executionId="b349c63f-1730-4898-8c8b-7d0fb697e6d3" testId="ca88ebdc-dd24-9fa3-cfe4-95d476757537" testName="HideQuickStartForProject_HasExistingContext_OnlyUpdateProjectLevelFlag" computerName="TFSBUILD11" duration="00:00:00.0044307" startTime="2015-09-28T09:43:39.7504943-07:00" endTime="2015-09-28T09:43:39.7661202-07:00" testType="13cdc9d9-ddb5-4fa4-a97d-d965ccfc6d4b" outcome="Passed" testListId="8c84fa94-04c1-424b-9868-57a2d4851a1d" relativeResultsDirectory="b349c63f-1730-4898-8c8b-7d0fb697e6d3" />
  </Results>
  <TestDefinitions>
    <UnitTest name="Read_FeatureFlagDisabled_ReturnsDisabledContext" storage="d:\v2.0\a1\_work\dbded102\bin\release.anycpu\tfs.service\ms.tf.server.webaccess.engagement.l0.tests\ms.tf.server.webaccess.engagement.l0.tests.dll" id="7c06c203-8893-6c83-7ac2-5462a3cffc61">
      <Execution id="d1b4bc93-41f4-4ef2-a5fd-40b77c48d50f" />
      <TestMethod codeBase="D:\v2.0\A1\_work\dbded102\bin\Release.AnyCPU\Tfs.Service\MS.TF.Server.WebAccess.Engagement.L0.Tests\MS.TF.Server.WebAccess.Engagement.L0.Tests.dll" adapterTypeName="Microsoft.VisualStudio.TestTools.TestTypes.Unit.UnitTestAdapter" className="MS.TF.Server.WebAccess.Engagement.L0.Tests.QuickStartContextRegistryRepositoryTests" name="Read_FeatureFlagDisabled_ReturnsDisabledContext" />
    </UnitTest>
    <UnitTest name="Write_FeatureFlagDisabled_NotWriteToHive" storage="d:\v2.0\a1\_work\dbded102\bin\release.anycpu\tfs.service\ms.tf.server.webaccess.engagement.l0.tests\ms.tf.server.webaccess.engagement.l0.tests.dll" id="a15dc4f6-0ff5-497e-f393-cc58d1165f60">
      <Execution id="9033f9b2-8a7d-41be-9c07-d137787dbb1d" />
      <TestMethod codeBase="D:\v2.0\A1\_work\dbded102\bin\Release.AnyCPU\Tfs.Service\MS.TF.Server.WebAccess.Engagement.L0.Tests\MS.TF.Server.WebAccess.Engagement.L0.Tests.dll" adapterTypeName="Microsoft.VisualStudio.TestTools.TestTypes.Unit.UnitTestAdapter" className="MS.TF.Server.WebAccess.Engagement.L0.Tests.QuickStartContextRegistryRepositoryTests" name="Write_FeatureFlagDisabled_NotWriteToHive" />
    </UnitTest>
    <UnitTest name="Read_NotHosted_ReturnsDisabledContext" storage="d:\v2.0\a1\_work\dbded102\bin\release.anycpu\tfs.service\ms.tf.server.webaccess.engagement.l0.tests\ms.tf.server.webaccess.engagement.l0.tests.dll" id="6612e61e-5c13-ae74-754e-7531055c4cbe">
      <Execution id="7045a3a7-f268-43d9-9b31-db761989d5ee" />
      <TestMethod codeBase="D:\v2.0\A1\_work\dbded102\bin\Release.AnyCPU\Tfs.Service\MS.TF.Server.WebAccess.Engagement.L0.Tests\MS.TF.Server.WebAccess.Engagement.L0.Tests.dll" adapterTypeName="Microsoft.VisualStudio.TestTools.TestTypes.Unit.UnitTestAdapter" className="MS.TF.Server.WebAccess.Engagement.L0.Tests.QuickStartContextRegistryRepositoryTests" name="Read_NotHosted_ReturnsDisabledContext" />
    </UnitTest>
    <UnitTest name="Write_NotHosted_NotWriteToHive" storage="d:\v2.0\a1\_work\dbded102\bin\release.anycpu\tfs.service\ms.tf.server.webaccess.engagement.l0.tests\ms.tf.server.webaccess.engagement.l0.tests.dll" id="d42c9651-f0d7-d5ac-1f72-ea80b4f49113">
      <Execution id="3c30d08e-286e-4f0c-abe8-58283e61709b" />
      <TestMethod codeBase="D:\v2.0\A1\_work\dbded102\bin\Release.AnyCPU\Tfs.Service\MS.TF.Server.WebAccess.Engagement.L0.Tests\MS.TF.Server.WebAccess.Engagement.L0.Tests.dll" adapterTypeName="Microsoft.VisualStudio.TestTools.TestTypes.Unit.UnitTestAdapter" className="MS.TF.Server.WebAccess.Engagement.L0.Tests.QuickStartContextRegistryRepositoryTests" name="Write_NotHosted_NotWriteToHive" />
    </UnitTest>
    <UnitTest name="Read_ReadsFromHive" storage="d:\v2.0\a1\_work\dbded102\bin\release.anycpu\tfs.service\ms.tf.server.webaccess.engagement.l0.tests\ms.tf.server.webaccess.engagement.l0.tests.dll" id="4d3eefbb-8440-bd58-b30f-1d93bd9024b1">
      <Execution id="ccc119ea-432b-41e2-a5ef-f00ffbdc7d50" />
      <TestMethod codeBase="D:\v2.0\A1\_work\dbded102\bin\Release.AnyCPU\Tfs.Service\MS.TF.Server.WebAccess.Engagement.L0.Tests\MS.TF.Server.WebAccess.Engagement.L0.Tests.dll" adapterTypeName="Microsoft.VisualStudio.TestTools.TestTypes.Unit.UnitTestAdapter" className="MS.TF.Server.WebAccess.Engagement.L0.Tests.QuickStartContextRegistryRepositoryTests" name="Read_ReadsFromHive" />
    </UnitTest>
    <UnitTest name="Write_WritesToHive" storage="d:\v2.0\a1\_work\dbded102\bin\release.anycpu\tfs.service\ms.tf.server.webaccess.engagement.l0.tests\ms.tf.server.webaccess.engagement.l0.tests.dll" id="0d66ddea-521d-5a16-bf5c-3a61522adb5f">
      <Execution id="14283878-8d68-4ed1-9ab8-b5b199e5cd5a" />
      <TestMethod codeBase="D:\v2.0\A1\_work\dbded102\bin\Release.AnyCPU\Tfs.Service\MS.TF.Server.WebAccess.Engagement.L0.Tests\MS.TF.Server.WebAccess.Engagement.L0.Tests.dll" adapterTypeName="Microsoft.VisualStudio.TestTools.TestTypes.Unit.UnitTestAdapter" className="MS.TF.Server.WebAccess.Engagement.L0.Tests.QuickStartContextRegistryRepositoryTests" name="Write_WritesToHive" />
    </UnitTest>
    <UnitTest name="GetQuickStartContext" storage="d:\v2.0\a1\_work\dbded102\bin\release.anycpu\tfs.service\ms.tf.server.webaccess.engagement.l0.tests\ms.tf.server.webaccess.engagement.l0.tests.dll" id="f23f0809-8805-fb44-2c4f-684efeb0115b">
      <Owners>
        <Owner name="Acquisition" />
      </Owners>
      <Execution id="1afaf6aa-a042-4b51-b82b-11f3a24e0391" />
      <TestMethod codeBase="D:\v2.0\A1\_work\dbded102\bin\Release.AnyCPU\Tfs.Service\MS.TF.Server.WebAccess.Engagement.L0.Tests\MS.TF.Server.WebAccess.Engagement.L0.Tests.dll" adapterTypeName="Microsoft.VisualStudio.TestTools.TestTypes.Unit.UnitTestAdapter" className="MS.TF.Server.WebAccess.Engagement.L0.Tests.QuickStartControllerTests" name="GetQuickStartContext" />
    </UnitTest>
    <UnitTest name="HideQuickStart" storage="d:\v2.0\a1\_work\dbded102\bin\release.anycpu\tfs.service\ms.tf.server.webaccess.engagement.l0.tests\ms.tf.server.webaccess.engagement.l0.tests.dll" id="addb44a0-7884-fc9e-efe6-e87dacfc22c3">
      <Owners>
        <Owner name="Acquisition" />
      </Owners>
      <Execution id="1425387e-ce60-4136-b721-3debb45148d1" />
      <TestMethod codeBase="D:\v2.0\A1\_work\dbded102\bin\Release.AnyCPU\Tfs.Service\MS.TF.Server.WebAccess.Engagement.L0.Tests\MS.TF.Server.WebAccess.Engagement.L0.Tests.dll" adapterTypeName="Microsoft.VisualStudio.TestTools.TestTypes.Unit.UnitTestAdapter" className="MS.TF.Server.WebAccess.Engagement.L0.Tests.QuickStartControllerTests" name="HideQuickStart" />
    </UnitTest>
    <UnitTest name="HideQuickStart_HasExistingContext_OnlyUpdateTopLevelEnabledFlag" storage="d:\v2.0\a1\_work\dbded102\bin\release.anycpu\tfs.service\ms.tf.server.webaccess.engagement.l0.tests\ms.tf.server.webaccess.engagement.l0.tests.dll" id="10144fe1-98c7-c8b2-e29e-0ba6c0f25ad5">
      <Owners>
        <Owner name="Acquisition" />
      </Owners>
      <Execution id="eac28eb1-728e-403d-a7ae-6ed2617fe129" />
      <TestMethod codeBase="D:\v2.0\A1\_work\dbded102\bin\Release.AnyCPU\Tfs.Service\MS.TF.Server.WebAccess.Engagement.L0.Tests\MS.TF.Server.WebAccess.Engagement.L0.Tests.dll" adapterTypeName="Microsoft.VisualStudio.TestTools.TestTypes.Unit.UnitTestAdapter" className="MS.TF.Server.WebAccess.Engagement.L0.Tests.QuickStartControllerTests" name="HideQuickStart_HasExistingContext_OnlyUpdateTopLevelEnabledFlag" />
    </UnitTest>
    <UnitTest name="HideQuickStartForAccount" storage="d:\v2.0\a1\_work\dbded102\bin\release.anycpu\tfs.service\ms.tf.server.webaccess.engagement.l0.tests\ms.tf.server.webaccess.engagement.l0.tests.dll" id="d1ae9938-5876-9e6e-23d0-f5db8fe921e3">
      <Owners>
        <Owner name="Acquisition" />
      </Owners>
      <Execution id="2c2ed915-4d22-49ad-9bac-581a2ed75a09" />
      <TestMethod codeBase="D:\v2.0\A1\_work\dbded102\bin\Release.AnyCPU\Tfs.Service\MS.TF.Server.WebAccess.Engagement.L0.Tests\MS.TF.Server.WebAccess.Engagement.L0.Tests.dll" adapterTypeName="Microsoft.VisualStudio.TestTools.TestTypes.Unit.UnitTestAdapter" className="MS.TF.Server.WebAccess.Engagement.L0.Tests.QuickStartControllerTests" name="HideQuickStartForAccount" />
    </UnitTest>
    <UnitTest name="HideQuickStartForAccount_HasExistingContext_OnlyUpdateAccountLevelFlag" storage="d:\v2.0\a1\_work\dbded102\bin\release.anycpu\tfs.service\ms.tf.server.webaccess.engagement.l0.tests\ms.tf.server.webaccess.engagement.l0.tests.dll" id="7ec295da-2c62-30f0-7cee-a0c361ea9a6c">
      <Owners>
        <Owner name="Acquisition" />
      </Owners>
      <Execution id="463a51b3-14ac-48e9-903a-6bd2d98e4f88" />
      <TestMethod codeBase="D:\v2.0\A1\_work\dbded102\bin\Release.AnyCPU\Tfs.Service\MS.TF.Server.WebAccess.Engagement.L0.Tests\MS.TF.Server.WebAccess.Engagement.L0.Tests.dll" adapterTypeName="Microsoft.VisualStudio.TestTools.TestTypes.Unit.UnitTestAdapter" className="MS.TF.Server.WebAccess.Engagement.L0.Tests.QuickStartControllerTests" name="HideQuickStartForAccount_HasExistingContext_OnlyUpdateAccountLevelFlag" />
    </UnitTest>
    <UnitTest name="HideQuickStartForProject" storage="d:\v2.0\a1\_work\dbded102\bin\release.anycpu\tfs.service\ms.tf.server.webaccess.engagement.l0.tests\ms.tf.server.webaccess.engagement.l0.tests.dll" id="b06fd9b7-e525-eb91-9204-80566cdbb4e7">
      <Owners>
        <Owner name="Acquisition" />
      </Owners>
      <Execution id="37d75e96-b939-4d2c-9066-ab7f83cafd48" />
      <TestMethod codeBase="D:\v2.0\A1\_work\dbded102\bin\Release.AnyCPU\Tfs.Service\MS.TF.Server.WebAccess.Engagement.L0.Tests\MS.TF.Server.WebAccess.Engagement.L0.Tests.dll" adapterTypeName="Microsoft.VisualStudio.TestTools.TestTypes.Unit.UnitTestAdapter" className="MS.TF.Server.WebAccess.Engagement.L0.Tests.QuickStartControllerTests" name="HideQuickStartForProject" />
    </UnitTest>
    <UnitTest name="HideQuickStartForProject_HasExistingContext_OnlyUpdateProjectLevelFlag" storage="d:\v2.0\a1\_work\dbded102\bin\release.anycpu\tfs.service\ms.tf.server.webaccess.engagement.l0.tests\ms.tf.server.webaccess.engagement.l0.tests.dll" id="ca88ebdc-dd24-9fa3-cfe4-95d476757537">
      <Owners>
        <Owner name="Acquisition" />
      </Owners>
      <Execution id="b349c63f-1730-4898-8c8b-7d0fb697e6d3" />
      <TestMethod codeBase="D:\v2.0\A1\_work\dbded102\bin\Release.AnyCPU\Tfs.Service\MS.TF.Server.WebAccess.Engagement.L0.Tests\MS.TF.Server.WebAccess.Engagement.L0.Tests.dll" adapterTypeName="Microsoft.VisualStudio.TestTools.TestTypes.Unit.UnitTestAdapter" className="MS.TF.Server.WebAccess.Engagement.L0.Tests.QuickStartControllerTests" name="HideQuickStartForProject_HasExistingContext_OnlyUpdateProjectLevelFlag" />
    </UnitTest>
  </TestDefinitions>
  <TestEntries>
    <TestEntry testId="7c06c203-8893-6c83-7ac2-5462a3cffc61" executionId="d1b4bc93-41f4-4ef2-a5fd-40b77c48d50f" testListId="8c84fa94-04c1-424b-9868-57a2d4851a1d" />
    <TestEntry testId="a15dc4f6-0ff5-497e-f393-cc58d1165f60" executionId="9033f9b2-8a7d-41be-9c07-d137787dbb1d" testListId="8c84fa94-04c1-424b-9868-57a2d4851a1d" />
    <TestEntry testId="6612e61e-5c13-ae74-754e-7531055c4cbe" executionId="7045a3a7-f268-43d9-9b31-db761989d5ee" testListId="8c84fa94-04c1-424b-9868-57a2d4851a1d" />
    <TestEntry testId="d42c9651-f0d7-d5ac-1f72-ea80b4f49113" executionId="3c30d08e-286e-4f0c-abe8-58283e61709b" testListId="8c84fa94-04c1-424b-9868-57a2d4851a1d" />
    <TestEntry testId="4d3eefbb-8440-bd58-b30f-1d93bd9024b1" executionId="ccc119ea-432b-41e2-a5ef-f00ffbdc7d50" testListId="8c84fa94-04c1-424b-9868-57a2d4851a1d" />
    <TestEntry testId="0d66ddea-521d-5a16-bf5c-3a61522adb5f" executionId="14283878-8d68-4ed1-9ab8-b5b199e5cd5a" testListId="8c84fa94-04c1-424b-9868-57a2d4851a1d" />
    <TestEntry testId="f23f0809-8805-fb44-2c4f-684efeb0115b" executionId="1afaf6aa-a042-4b51-b82b-11f3a24e0391" testListId="8c84fa94-04c1-424b-9868-57a2d4851a1d" />
    <TestEntry testId="addb44a0-7884-fc9e-efe6-e87dacfc22c3" executionId="1425387e-ce60-4136-b721-3debb45148d1" testListId="8c84fa94-04c1-424b-9868-57a2d4851a1d" />
    <TestEntry testId="10144fe1-98c7-c8b2-e29e-0ba6c0f25ad5" executionId="eac28eb1-728e-403d-a7ae-6ed2617fe129" testListId="8c84fa94-04c1-424b-9868-57a2d4851a1d" />
    <TestEntry testId="d1ae9938-5876-9e6e-23d0-f5db8fe921e3" executionId="2c2ed915-4d22-49ad-9bac-581a2ed75a09" testListId="8c84fa94-04c1-424b-9868-57a2d4851a1d" />
    <TestEntry testId="7ec295da-2c62-30f0-7cee-a0c361ea9a6c" executionId="463a51b3-14ac-48e9-903a-6bd2d98e4f88" testListId="8c84fa94-04c1-424b-9868-57a2d4851a1d" />
    <TestEntry testId="b06fd9b7-e525-eb91-9204-80566cdbb4e7" executionId="37d75e96-b939-4d2c-9066-ab7f83cafd48" testListId="8c84fa94-04c1-424b-9868-57a2d4851a1d" />
    <TestEntry testId="ca88ebdc-dd24-9fa3-cfe4-95d476757537" executionId="b349c63f-1730-4898-8c8b-7d0fb697e6d3" testListId="8c84fa94-04c1-424b-9868-57a2d4851a1d" />
  </TestEntries>
  <TestLists>
    <TestList name="Results Not in a List" id="8c84fa94-04c1-424b-9868-57a2d4851a1d" />
    <TestList name="All Loaded Results" id="19431567-8539-422a-85d7-44ee4e166bda" />
  </TestLists>
  <ResultSummary outcome="Completed">
    <Counters total="13" executed="13" passed="13" failed="0" error="0" timeout="0" aborted="0" inconclusive="0" passedButRunAborted="0" notRunnable="0" notExecuted="0" disconnected="0" warning="0" completed="0" inProgress="0" pending="0" />
  </ResultSummary>
</TestRun>