<?xml version="1.0" encoding="UTF-8"?>
<TestRun id="8d0a4db4-9603-4809-a5e2-7681f751d6bc" name="tfsmladm@TFSBUILD11 2015-09-28 09:43:43" runUser="REDMOND\tfsmladm" xmlns="http://microsoft.com/schemas/VisualStudio/TeamTest/2010">
  <Times creation="2015-09-28T09:43:43.1726121-07:00" queuing="2015-09-28T09:43:43.1726121-07:00" start="2015-09-28T09:43:43.1726121-07:00" finish="2015-09-28T09:43:43.2194919-07:00" />
  <TestSettings name="default" id="ddcc2641-924b-494d-b83b-29fa41e680e5">
    <Execution>
      <TestTypeSpecific />
    </Execution>
    <Deployment runDeploymentRoot="tfsmladm_TFSBUILD11 2015-09-28 09_43_43" />
    <Properties />
  </TestSettings>
  <Results>
    <UnitTestResult executionId="b729ce26-ae48-4095-af2c-4599ed6f287f" testId="6358543e-16a6-83d9-de17-4e44c571776f" testName="TpcTeamStore_SupportsTeams_WhenTeamConfigurationServiceIsAvailable" computerName="TFSBUILD11" duration="00:00:00.2804377" startTime="2015-09-28T09:43:42.7350813-07:00" endTime="2015-09-28T09:43:43.0632290-07:00" testType="13cdc9d9-ddb5-4fa4-a97d-d965ccfc6d4b" outcome="Passed" testListId="8c84fa94-04c1-424b-9868-57a2d4851a1d" relativeResultsDirectory="b729ce26-ae48-4095-af2c-4599ed6f287f" />
    <UnitTestResult executionId="432d45c6-dc9e-4c28-8dce-ca2150b762bb" testId="6d8e6f99-9669-9b7b-c9eb-b5e42fdabc79" testName="TpcTeamStore_DoesntSupportTeams_WhenTeamConfigurationServiceIsNotAvailable" computerName="TFSBUILD11" duration="00:00:00.0027716" startTime="2015-09-28T09:43:43.0788552-07:00" endTime="2015-09-28T09:43:43.0944816-07:00" testType="13cdc9d9-ddb5-4fa4-a97d-d965ccfc6d4b" outcome="Passed" testListId="8c84fa94-04c1-424b-9868-57a2d4851a1d" relativeResultsDirectory="432d45c6-dc9e-4c28-8dce-ca2150b762bb" />
    <UnitTestResult executionId="da37ed09-38c6-4900-aac7-593dc10ba42e" testId="5cd1d91b-c882-a3c2-e12a-3a1c98d9f0a8" testName="TpcTeamStore_InitializingTeamCache_LoadsTeams" computerName="TFSBUILD11" duration="00:00:00.0178627" startTime="2015-09-28T09:43:43.0944816-07:00" endTime="2015-09-28T09:43:43.1101077-07:00" testType="13cdc9d9-ddb5-4fa4-a97d-d965ccfc6d4b" outcome="Passed" testListId="8c84fa94-04c1-424b-9868-57a2d4851a1d" relativeResultsDirectory="da37ed09-38c6-4900-aac7-593dc10ba42e" />
    <UnitTestResult executionId="d04415a0-40fa-40d7-b40b-b7e3ce144d60" testId="71614550-e596-ae1a-fb14-d4af87ce1f0f" testName="TpcTeamStore_GetTeamById_ReturnsTeamWhenInitialized" computerName="TFSBUILD11" duration="00:00:00.0050662" startTime="2015-09-28T09:43:43.1101077-07:00" endTime="2015-09-28T09:43:43.1101077-07:00" testType="13cdc9d9-ddb5-4fa4-a97d-d965ccfc6d4b" outcome="Passed" testListId="8c84fa94-04c1-424b-9868-57a2d4851a1d" relativeResultsDirectory="d04415a0-40fa-40d7-b40b-b7e3ce144d60" />
    <UnitTestResult executionId="80bb959e-e706-4711-8dd6-f7ab7d9c3e27" testId="938dab8e-3f18-a640-2d92-eba6466bff6a" testName="TpcTeamStore_GetTeamById_RetrievesTeamWhenNotInitialized" computerName="TFSBUILD11" duration="00:00:00.0042373" startTime="2015-09-28T09:43:43.1101077-07:00" endTime="2015-09-28T09:43:43.1101077-07:00" testType="13cdc9d9-ddb5-4fa4-a97d-d965ccfc6d4b" outcome="Passed" testListId="8c84fa94-04c1-424b-9868-57a2d4851a1d" relativeResultsDirectory="80bb959e-e706-4711-8dd6-f7ab7d9c3e27" />
    <UnitTestResult executionId="ce0ad207-d13a-4897-b731-bc0e28034e11" testId="0733c014-78d1-95bb-8157-bb0fc17843b4" testName="TpcTeamStore_GetTeamById_ReturnsNullWhenNotFound" computerName="TFSBUILD11" duration="00:00:00.0028609" startTime="2015-09-28T09:43:43.1101077-07:00" endTime="2015-09-28T09:43:43.1257341-07:00" testType="13cdc9d9-ddb5-4fa4-a97d-d965ccfc6d4b" outcome="Passed" testListId="8c84fa94-04c1-424b-9868-57a2d4851a1d" relativeResultsDirectory="ce0ad207-d13a-4897-b731-bc0e28034e11" />
    <UnitTestResult executionId="348630fc-0ddb-4778-8f38-765c02e4df66" testId="e127a12f-51d9-12a8-eaaa-339293067a8a" testName="TpcTeamStore_GetTeamByName_ReturnsTeamWhenInitialized" computerName="TFSBUILD11" duration="00:00:00.0040971" startTime="2015-09-28T09:43:43.1257341-07:00" endTime="2015-09-28T09:43:43.1257341-07:00" testType="13cdc9d9-ddb5-4fa4-a97d-d965ccfc6d4b" outcome="Passed" testListId="8c84fa94-04c1-424b-9868-57a2d4851a1d" relativeResultsDirectory="348630fc-0ddb-4778-8f38-765c02e4df66" />
    <UnitTestResult executionId="4d6d7210-727d-4f16-b921-1c1b37836ffe" testId="f90a03c7-ca1e-8c70-1a54-ba6dee81889f" testName="TpcTeamStore_GetTeamByName_RetrievesTeamWhenNotInitialized" computerName="TFSBUILD11" duration="00:00:00.0039546" startTime="2015-09-28T09:43:43.1257341-07:00" endTime="2015-09-28T09:43:43.1257341-07:00" testType="13cdc9d9-ddb5-4fa4-a97d-d965ccfc6d4b" outcome="Passed" testListId="8c84fa94-04c1-424b-9868-57a2d4851a1d" relativeResultsDirectory="4d6d7210-727d-4f16-b921-1c1b37836ffe" />
    <UnitTestResult executionId="1f08bf4e-dda6-4d67-be60-73155a66c23a" testId="00fd8d9f-d010-3044-379b-480fdcc9d7c0" testName="TpcTeamStore_GetTeamByName_ReturnsNullWhenNotFound" computerName="TFSBUILD11" duration="00:00:00.0021017" startTime="2015-09-28T09:43:43.1257341-07:00" endTime="2015-09-28T09:43:43.1257341-07:00" testType="13cdc9d9-ddb5-4fa4-a97d-d965ccfc6d4b" outcome="Passed" testListId="8c84fa94-04c1-424b-9868-57a2d4851a1d" relativeResultsDirectory="1f08bf4e-dda6-4d67-be60-73155a66c23a" />
    <UnitTestResult executionId="067569d0-c73b-49f5-8b80-dfb373c51b05" testId="4a0707cc-89d3-3ffa-cd5e-ffb5280c563e" testName="TpcTeamStore_GetTeams_ReturnsTeamWhenInitialized" computerName="TFSBUILD11" duration="00:00:00.0044632" startTime="2015-09-28T09:43:43.1413602-07:00" endTime="2015-09-28T09:43:43.1413602-07:00" testType="13cdc9d9-ddb5-4fa4-a97d-d965ccfc6d4b" outcome="Passed" testListId="8c84fa94-04c1-424b-9868-57a2d4851a1d" relativeResultsDirectory="067569d0-c73b-49f5-8b80-dfb373c51b05" />
    <UnitTestResult executionId="4dce9f24-f5d9-4736-b008-718e74754949" testId="82a67ea8-6647-1297-475a-84912bc733c6" testName="TpcTeamStore_GetTeams_RetrievesTeamWhenNotInitialized" computerName="TFSBUILD11" duration="00:00:00.0044760" startTime="2015-09-28T09:43:43.1413602-07:00" endTime="2015-09-28T09:43:43.1413602-07:00" testType="13cdc9d9-ddb5-4fa4-a97d-d965ccfc6d4b" outcome="Passed" testListId="8c84fa94-04c1-424b-9868-57a2d4851a1d" relativeResultsDirectory="4dce9f24-f5d9-4736-b008-718e74754949" />
    <UnitTestResult executionId="f862e15f-d300-414d-a3b8-25a138ebd22b" testId="b2bd0272-58ce-f321-691e-70de1d39e883" testName="TpcTeamStore_GetTeams_ReturnsEmptyEnumerationWhenNotFound" computerName="TFSBUILD11" duration="00:00:00.0023830" startTime="2015-09-28T09:43:43.1413602-07:00" endTime="2015-09-28T09:43:43.1413602-07:00" testType="13cdc9d9-ddb5-4fa4-a97d-d965ccfc6d4b" outcome="Passed" testListId="8c84fa94-04c1-424b-9868-57a2d4851a1d" relativeResultsDirectory="f862e15f-d300-414d-a3b8-25a138ebd22b" />
    <UnitTestResult executionId="0bf7928e-c9ed-460b-8fcd-7318a31edc25" testId="29287893-f74f-6201-673f-585aa4e572ec" testName="TpcTeamStore_GetTeamsForCurrentUser_ReturnsEmptyEnumerationWhenNotInitialized" computerName="TFSBUILD11" duration="00:00:00.0028066" startTime="2015-09-28T09:43:43.1413602-07:00" endTime="2015-09-28T09:43:43.1569863-07:00" testType="13cdc9d9-ddb5-4fa4-a97d-d965ccfc6d4b" outcome="Passed" testListId="8c84fa94-04c1-424b-9868-57a2d4851a1d" relativeResultsDirectory="0bf7928e-c9ed-460b-8fcd-7318a31edc25" />
    <UnitTestResult executionId="7944c8ac-85e5-4bca-b4e4-6ab95752ee94" testId="561e777f-ab19-7ec6-1e1b-6cfc50a3a2b1" testName="TpcTeamStore_GetTeamsForCurrentUser_ReturnsTeamsWhenInitialized" computerName="TFSBUILD11" duration="00:00:00.0028970" startTime="2015-09-28T09:43:43.1569863-07:00" endTime="2015-09-28T09:43:43.1569863-07:00" testType="13cdc9d9-ddb5-4fa4-a97d-d965ccfc6d4b" outcome="Passed" testListId="8c84fa94-04c1-424b-9868-57a2d4851a1d" relativeResultsDirectory="7944c8ac-85e5-4bca-b4e4-6ab95752ee94" />
    <UnitTestResult executionId="bca398bd-3430-4f8a-8021-ea6e3201110d" testId="7920bd77-53c9-4100-1acf-636fd2a4b473" testName="TpcTeamStore_GetDefaultTeam_ReturnsDefaultTeam" computerName="TFSBUILD11" duration="00:00:00.0040530" startTime="2015-09-28T09:43:43.1569863-07:00" endTime="2015-09-28T09:43:43.1569863-07:00" testType="13cdc9d9-ddb5-4fa4-a97d-d965ccfc6d4b" outcome="Passed" testListId="8c84fa94-04c1-424b-9868-57a2d4851a1d" relativeResultsDirectory="bca398bd-3430-4f8a-8021-ea6e3201110d" />
    <UnitTestResult executionId="0e23da93-9e02-45b1-9b2d-bccfa907bd2d" testId="292cdf34-14b8-251b-db6c-96178c90c507" testName="TpcTeamStore_GetDefaultTeam_RetrievesTeamsWhenNotInitialized" computerName="TFSBUILD11" duration="00:00:00.0027989" startTime="2015-09-28T09:43:43.1569863-07:00" endTime="2015-09-28T09:43:43.1569863-07:00" testType="13cdc9d9-ddb5-4fa4-a97d-d965ccfc6d4b" outcome="Passed" testListId="8c84fa94-04c1-424b-9868-57a2d4851a1d" relativeResultsDirectory="0e23da93-9e02-45b1-9b2d-bccfa907bd2d" />
    <UnitTestResult executionId="2f16407a-c38e-4af2-aa12-2ffbee8a5be5" testId="42e5d8d6-ae82-32cb-c816-9cb94954b203" testName="TpcTeamStore_GetDefaultTeam_ReturnsNullWhenNoDefaultTeam" computerName="TFSBUILD11" duration="00:00:00.0020130" startTime="2015-09-28T09:43:43.1569863-07:00" endTime="2015-09-28T09:43:43.1569863-07:00" testType="13cdc9d9-ddb5-4fa4-a97d-d965ccfc6d4b" outcome="Passed" testListId="8c84fa94-04c1-424b-9868-57a2d4851a1d" relativeResultsDirectory="2f16407a-c38e-4af2-aa12-2ffbee8a5be5" />
  </Results>
  <TestDefinitions>
    <UnitTest name="TpcTeamStore_SupportsTeams_WhenTeamConfigurationServiceIsAvailable" storage="d:\v2.0\a1\_work\dbded102\bin\release.anycpu\vsintegration.client\ms.vs.services.integration.l0.tests\ms.vs.services.integration.l0.tests.dll" id="6358543e-16a6-83d9-de17-4e44c571776f">
      <Owners>
        <Owner name="vscsbacklogs" />
      </Owners>
      <Execution id="b729ce26-ae48-4095-af2c-4599ed6f287f" />
      <TestMethod codeBase="D:\v2.0\A1\_work\dbded102\bin\Release.AnyCPU\VSIntegration.Client\MS.VS.Services.Integration.L0.Tests\MS.VS.Services.Integration.L0.Tests.dll" adapterTypeName="Microsoft.VisualStudio.TestTools.TestTypes.Unit.UnitTestAdapter" className="MS.VS.Services.Integration.L0.Tests.TpcTeamStoreTests" name="TpcTeamStore_SupportsTeams_WhenTeamConfigurationServiceIsAvailable" />
    </UnitTest>
    <UnitTest name="TpcTeamStore_DoesntSupportTeams_WhenTeamConfigurationServiceIsNotAvailable" storage="d:\v2.0\a1\_work\dbded102\bin\release.anycpu\vsintegration.client\ms.vs.services.integration.l0.tests\ms.vs.services.integration.l0.tests.dll" id="6d8e6f99-9669-9b7b-c9eb-b5e42fdabc79">
      <Owners>
        <Owner name="vscsbacklogs" />
      </Owners>
      <Execution id="432d45c6-dc9e-4c28-8dce-ca2150b762bb" />
      <TestMethod codeBase="D:\v2.0\A1\_work\dbded102\bin\Release.AnyCPU\VSIntegration.Client\MS.VS.Services.Integration.L0.Tests\MS.VS.Services.Integration.L0.Tests.dll" adapterTypeName="Microsoft.VisualStudio.TestTools.TestTypes.Unit.UnitTestAdapter" className="MS.VS.Services.Integration.L0.Tests.TpcTeamStoreTests" name="TpcTeamStore_DoesntSupportTeams_WhenTeamConfigurationServiceIsNotAvailable" />
    </UnitTest>
    <UnitTest name="TpcTeamStore_InitializingTeamCache_LoadsTeams" storage="d:\v2.0\a1\_work\dbded102\bin\release.anycpu\vsintegration.client\ms.vs.services.integration.l0.tests\ms.vs.services.integration.l0.tests.dll" id="5cd1d91b-c882-a3c2-e12a-3a1c98d9f0a8">
      <Owners>
        <Owner name="vscsbacklogs" />
      </Owners>
      <Execution id="da37ed09-38c6-4900-aac7-593dc10ba42e" />
      <TestMethod codeBase="D:\v2.0\A1\_work\dbded102\bin\Release.AnyCPU\VSIntegration.Client\MS.VS.Services.Integration.L0.Tests\MS.VS.Services.Integration.L0.Tests.dll" adapterTypeName="Microsoft.VisualStudio.TestTools.TestTypes.Unit.UnitTestAdapter" className="MS.VS.Services.Integration.L0.Tests.TpcTeamStoreTests" name="TpcTeamStore_InitializingTeamCache_LoadsTeams" />
    </UnitTest>
    <UnitTest name="TpcTeamStore_GetTeamById_ReturnsTeamWhenInitialized" storage="d:\v2.0\a1\_work\dbded102\bin\release.anycpu\vsintegration.client\ms.vs.services.integration.l0.tests\ms.vs.services.integration.l0.tests.dll" id="71614550-e596-ae1a-fb14-d4af87ce1f0f">
      <Owners>
        <Owner name="vscsbacklogs" />
      </Owners>
      <Execution id="d04415a0-40fa-40d7-b40b-b7e3ce144d60" />
      <TestMethod codeBase="D:\v2.0\A1\_work\dbded102\bin\Release.AnyCPU\VSIntegration.Client\MS.VS.Services.Integration.L0.Tests\MS.VS.Services.Integration.L0.Tests.dll" adapterTypeName="Microsoft.VisualStudio.TestTools.TestTypes.Unit.UnitTestAdapter" className="MS.VS.Services.Integration.L0.Tests.TpcTeamStoreTests" name="TpcTeamStore_GetTeamById_ReturnsTeamWhenInitialized" />
    </UnitTest>
    <UnitTest name="TpcTeamStore_GetTeamById_RetrievesTeamWhenNotInitialized" storage="d:\v2.0\a1\_work\dbded102\bin\release.anycpu\vsintegration.client\ms.vs.services.integration.l0.tests\ms.vs.services.integration.l0.tests.dll" id="938dab8e-3f18-a640-2d92-eba6466bff6a">
      <Owners>
        <Owner name="vscsbacklogs" />
      </Owners>
      <Execution id="80bb959e-e706-4711-8dd6-f7ab7d9c3e27" />
      <TestMethod codeBase="D:\v2.0\A1\_work\dbded102\bin\Release.AnyCPU\VSIntegration.Client\MS.VS.Services.Integration.L0.Tests\MS.VS.Services.Integration.L0.Tests.dll" adapterTypeName="Microsoft.VisualStudio.TestTools.TestTypes.Unit.UnitTestAdapter" className="MS.VS.Services.Integration.L0.Tests.TpcTeamStoreTests" name="TpcTeamStore_GetTeamById_RetrievesTeamWhenNotInitialized" />
    </UnitTest>
    <UnitTest name="TpcTeamStore_GetTeamById_ReturnsNullWhenNotFound" storage="d:\v2.0\a1\_work\dbded102\bin\release.anycpu\vsintegration.client\ms.vs.services.integration.l0.tests\ms.vs.services.integration.l0.tests.dll" id="0733c014-78d1-95bb-8157-bb0fc17843b4">
      <Owners>
        <Owner name="vscsbacklogs" />
      </Owners>
      <Execution id="ce0ad207-d13a-4897-b731-bc0e28034e11" />
      <TestMethod codeBase="D:\v2.0\A1\_work\dbded102\bin\Release.AnyCPU\VSIntegration.Client\MS.VS.Services.Integration.L0.Tests\MS.VS.Services.Integration.L0.Tests.dll" adapterTypeName="Microsoft.VisualStudio.TestTools.TestTypes.Unit.UnitTestAdapter" className="MS.VS.Services.Integration.L0.Tests.TpcTeamStoreTests" name="TpcTeamStore_GetTeamById_ReturnsNullWhenNotFound" />
    </UnitTest>
    <UnitTest name="TpcTeamStore_GetTeamByName_ReturnsTeamWhenInitialized" storage="d:\v2.0\a1\_work\dbded102\bin\release.anycpu\vsintegration.client\ms.vs.services.integration.l0.tests\ms.vs.services.integration.l0.tests.dll" id="e127a12f-51d9-12a8-eaaa-339293067a8a">
      <Owners>
        <Owner name="vscsbacklogs" />
      </Owners>
      <Execution id="348630fc-0ddb-4778-8f38-765c02e4df66" />
      <TestMethod codeBase="D:\v2.0\A1\_work\dbded102\bin\Release.AnyCPU\VSIntegration.Client\MS.VS.Services.Integration.L0.Tests\MS.VS.Services.Integration.L0.Tests.dll" adapterTypeName="Microsoft.VisualStudio.TestTools.TestTypes.Unit.UnitTestAdapter" className="MS.VS.Services.Integration.L0.Tests.TpcTeamStoreTests" name="TpcTeamStore_GetTeamByName_ReturnsTeamWhenInitialized" />
    </UnitTest>
    <UnitTest name="TpcTeamStore_GetTeamByName_RetrievesTeamWhenNotInitialized" storage="d:\v2.0\a1\_work\dbded102\bin\release.anycpu\vsintegration.client\ms.vs.services.integration.l0.tests\ms.vs.services.integration.l0.tests.dll" id="f90a03c7-ca1e-8c70-1a54-ba6dee81889f">
      <Owners>
        <Owner name="vscsbacklogs" />
      </Owners>
      <Execution id="4d6d7210-727d-4f16-b921-1c1b37836ffe" />
      <TestMethod codeBase="D:\v2.0\A1\_work\dbded102\bin\Release.AnyCPU\VSIntegration.Client\MS.VS.Services.Integration.L0.Tests\MS.VS.Services.Integration.L0.Tests.dll" adapterTypeName="Microsoft.VisualStudio.TestTools.TestTypes.Unit.UnitTestAdapter" className="MS.VS.Services.Integration.L0.Tests.TpcTeamStoreTests" name="TpcTeamStore_GetTeamByName_RetrievesTeamWhenNotInitialized" />
    </UnitTest>
    <UnitTest name="TpcTeamStore_GetTeamByName_ReturnsNullWhenNotFound" storage="d:\v2.0\a1\_work\dbded102\bin\release.anycpu\vsintegration.client\ms.vs.services.integration.l0.tests\ms.vs.services.integration.l0.tests.dll" id="00fd8d9f-d010-3044-379b-480fdcc9d7c0">
      <Owners>
        <Owner name="vscsbacklogs" />
      </Owners>
      <Execution id="1f08bf4e-dda6-4d67-be60-73155a66c23a" />
      <TestMethod codeBase="D:\v2.0\A1\_work\dbded102\bin\Release.AnyCPU\VSIntegration.Client\MS.VS.Services.Integration.L0.Tests\MS.VS.Services.Integration.L0.Tests.dll" adapterTypeName="Microsoft.VisualStudio.TestTools.TestTypes.Unit.UnitTestAdapter" className="MS.VS.Services.Integration.L0.Tests.TpcTeamStoreTests" name="TpcTeamStore_GetTeamByName_ReturnsNullWhenNotFound" />
    </UnitTest>
    <UnitTest name="TpcTeamStore_GetTeams_ReturnsTeamWhenInitialized" storage="d:\v2.0\a1\_work\dbded102\bin\release.anycpu\vsintegration.client\ms.vs.services.integration.l0.tests\ms.vs.services.integration.l0.tests.dll" id="4a0707cc-89d3-3ffa-cd5e-ffb5280c563e">
      <Owners>
        <Owner name="vscsbacklogs" />
      </Owners>
      <Execution id="067569d0-c73b-49f5-8b80-dfb373c51b05" />
      <TestMethod codeBase="D:\v2.0\A1\_work\dbded102\bin\Release.AnyCPU\VSIntegration.Client\MS.VS.Services.Integration.L0.Tests\MS.VS.Services.Integration.L0.Tests.dll" adapterTypeName="Microsoft.VisualStudio.TestTools.TestTypes.Unit.UnitTestAdapter" className="MS.VS.Services.Integration.L0.Tests.TpcTeamStoreTests" name="TpcTeamStore_GetTeams_ReturnsTeamWhenInitialized" />
    </UnitTest>
    <UnitTest name="TpcTeamStore_GetTeams_RetrievesTeamWhenNotInitialized" storage="d:\v2.0\a1\_work\dbded102\bin\release.anycpu\vsintegration.client\ms.vs.services.integration.l0.tests\ms.vs.services.integration.l0.tests.dll" id="82a67ea8-6647-1297-475a-84912bc733c6">
      <Owners>
        <Owner name="vscsbacklogs" />
      </Owners>
      <Execution id="4dce9f24-f5d9-4736-b008-718e74754949" />
      <TestMethod codeBase="D:\v2.0\A1\_work\dbded102\bin\Release.AnyCPU\VSIntegration.Client\MS.VS.Services.Integration.L0.Tests\MS.VS.Services.Integration.L0.Tests.dll" adapterTypeName="Microsoft.VisualStudio.TestTools.TestTypes.Unit.UnitTestAdapter" className="MS.VS.Services.Integration.L0.Tests.TpcTeamStoreTests" name="TpcTeamStore_GetTeams_RetrievesTeamWhenNotInitialized" />
    </UnitTest>
    <UnitTest name="TpcTeamStore_GetTeams_ReturnsEmptyEnumerationWhenNotFound" storage="d:\v2.0\a1\_work\dbded102\bin\release.anycpu\vsintegration.client\ms.vs.services.integration.l0.tests\ms.vs.services.integration.l0.tests.dll" id="b2bd0272-58ce-f321-691e-70de1d39e883">
      <Owners>
        <Owner name="vscsbacklogs" />
      </Owners>
      <Execution id="f862e15f-d300-414d-a3b8-25a138ebd22b" />
      <TestMethod codeBase="D:\v2.0\A1\_work\dbded102\bin\Release.AnyCPU\VSIntegration.Client\MS.VS.Services.Integration.L0.Tests\MS.VS.Services.Integration.L0.Tests.dll" adapterTypeName="Microsoft.VisualStudio.TestTools.TestTypes.Unit.UnitTestAdapter" className="MS.VS.Services.Integration.L0.Tests.TpcTeamStoreTests" name="TpcTeamStore_GetTeams_ReturnsEmptyEnumerationWhenNotFound" />
    </UnitTest>
    <UnitTest name="TpcTeamStore_GetTeamsForCurrentUser_ReturnsEmptyEnumerationWhenNotInitialized" storage="d:\v2.0\a1\_work\dbded102\bin\release.anycpu\vsintegration.client\ms.vs.services.integration.l0.tests\ms.vs.services.integration.l0.tests.dll" id="29287893-f74f-6201-673f-585aa4e572ec">
      <Owners>
        <Owner name="vscsbacklogs" />
      </Owners>
      <Execution id="0bf7928e-c9ed-460b-8fcd-7318a31edc25" />
      <TestMethod codeBase="D:\v2.0\A1\_work\dbded102\bin\Release.AnyCPU\VSIntegration.Client\MS.VS.Services.Integration.L0.Tests\MS.VS.Services.Integration.L0.Tests.dll" adapterTypeName="Microsoft.VisualStudio.TestTools.TestTypes.Unit.UnitTestAdapter" className="MS.VS.Services.Integration.L0.Tests.TpcTeamStoreTests" name="TpcTeamStore_GetTeamsForCurrentUser_ReturnsEmptyEnumerationWhenNotInitialized" />
    </UnitTest>
    <UnitTest name="TpcTeamStore_GetTeamsForCurrentUser_ReturnsTeamsWhenInitialized" storage="d:\v2.0\a1\_work\dbded102\bin\release.anycpu\vsintegration.client\ms.vs.services.integration.l0.tests\ms.vs.services.integration.l0.tests.dll" id="561e777f-ab19-7ec6-1e1b-6cfc50a3a2b1">
      <Owners>
        <Owner name="vscsbacklogs" />
      </Owners>
      <Execution id="7944c8ac-85e5-4bca-b4e4-6ab95752ee94" />
      <TestMethod codeBase="D:\v2.0\A1\_work\dbded102\bin\Release.AnyCPU\VSIntegration.Client\MS.VS.Services.Integration.L0.Tests\MS.VS.Services.Integration.L0.Tests.dll" adapterTypeName="Microsoft.VisualStudio.TestTools.TestTypes.Unit.UnitTestAdapter" className="MS.VS.Services.Integration.L0.Tests.TpcTeamStoreTests" name="TpcTeamStore_GetTeamsForCurrentUser_ReturnsTeamsWhenInitialized" />
    </UnitTest>
    <UnitTest name="TpcTeamStore_GetDefaultTeam_ReturnsDefaultTeam" storage="d:\v2.0\a1\_work\dbded102\bin\release.anycpu\vsintegration.client\ms.vs.services.integration.l0.tests\ms.vs.services.integration.l0.tests.dll" id="7920bd77-53c9-4100-1acf-636fd2a4b473">
      <Owners>
        <Owner name="vscsbacklogs" />
      </Owners>
      <Execution id="bca398bd-3430-4f8a-8021-ea6e3201110d" />
      <TestMethod codeBase="D:\v2.0\A1\_work\dbded102\bin\Release.AnyCPU\VSIntegration.Client\MS.VS.Services.Integration.L0.Tests\MS.VS.Services.Integration.L0.Tests.dll" adapterTypeName="Microsoft.VisualStudio.TestTools.TestTypes.Unit.UnitTestAdapter" className="MS.VS.Services.Integration.L0.Tests.TpcTeamStoreTests" name="TpcTeamStore_GetDefaultTeam_ReturnsDefaultTeam" />
    </UnitTest>
    <UnitTest name="TpcTeamStore_GetDefaultTeam_RetrievesTeamsWhenNotInitialized" storage="d:\v2.0\a1\_work\dbded102\bin\release.anycpu\vsintegration.client\ms.vs.services.integration.l0.tests\ms.vs.services.integration.l0.tests.dll" id="292cdf34-14b8-251b-db6c-96178c90c507">
      <Owners>
        <Owner name="vscsbacklogs" />
      </Owners>
      <Execution id="0e23da93-9e02-45b1-9b2d-bccfa907bd2d" />
      <TestMethod codeBase="D:\v2.0\A1\_work\dbded102\bin\Release.AnyCPU\VSIntegration.Client\MS.VS.Services.Integration.L0.Tests\MS.VS.Services.Integration.L0.Tests.dll" adapterTypeName="Microsoft.VisualStudio.TestTools.TestTypes.Unit.UnitTestAdapter" className="MS.VS.Services.Integration.L0.Tests.TpcTeamStoreTests" name="TpcTeamStore_GetDefaultTeam_RetrievesTeamsWhenNotInitialized" />
    </UnitTest>
    <UnitTest name="TpcTeamStore_GetDefaultTeam_ReturnsNullWhenNoDefaultTeam" storage="d:\v2.0\a1\_work\dbded102\bin\release.anycpu\vsintegration.client\ms.vs.services.integration.l0.tests\ms.vs.services.integration.l0.tests.dll" id="42e5d8d6-ae82-32cb-c816-9cb94954b203">
      <Owners>
        <Owner name="vscsbacklogs" />
      </Owners>
      <Execution id="2f16407a-c38e-4af2-aa12-2ffbee8a5be5" />
      <TestMethod codeBase="D:\v2.0\A1\_work\dbded102\bin\Release.AnyCPU\VSIntegration.Client\MS.VS.Services.Integration.L0.Tests\MS.VS.Services.Integration.L0.Tests.dll" adapterTypeName="Microsoft.VisualStudio.TestTools.TestTypes.Unit.UnitTestAdapter" className="MS.VS.Services.Integration.L0.Tests.TpcTeamStoreTests" name="TpcTeamStore_GetDefaultTeam_ReturnsNullWhenNoDefaultTeam" />
    </UnitTest>
  </TestDefinitions>
  <TestEntries>
    <TestEntry testId="6358543e-16a6-83d9-de17-4e44c571776f" executionId="b729ce26-ae48-4095-af2c-4599ed6f287f" testListId="8c84fa94-04c1-424b-9868-57a2d4851a1d" />
    <TestEntry testId="6d8e6f99-9669-9b7b-c9eb-b5e42fdabc79" executionId="432d45c6-dc9e-4c28-8dce-ca2150b762bb" testListId="8c84fa94-04c1-424b-9868-57a2d4851a1d" />
    <TestEntry testId="5cd1d91b-c882-a3c2-e12a-3a1c98d9f0a8" executionId="da37ed09-38c6-4900-aac7-593dc10ba42e" testListId="8c84fa94-04c1-424b-9868-57a2d4851a1d" />
    <TestEntry testId="71614550-e596-ae1a-fb14-d4af87ce1f0f" executionId="d04415a0-40fa-40d7-b40b-b7e3ce144d60" testListId="8c84fa94-04c1-424b-9868-57a2d4851a1d" />
    <TestEntry testId="938dab8e-3f18-a640-2d92-eba6466bff6a" executionId="80bb959e-e706-4711-8dd6-f7ab7d9c3e27" testListId="8c84fa94-04c1-424b-9868-57a2d4851a1d" />
    <TestEntry testId="0733c014-78d1-95bb-8157-bb0fc17843b4" executionId="ce0ad207-d13a-4897-b731-bc0e28034e11" testListId="8c84fa94-04c1-424b-9868-57a2d4851a1d" />
    <TestEntry testId="e127a12f-51d9-12a8-eaaa-339293067a8a" executionId="348630fc-0ddb-4778-8f38-765c02e4df66" testListId="8c84fa94-04c1-424b-9868-57a2d4851a1d" />
    <TestEntry testId="f90a03c7-ca1e-8c70-1a54-ba6dee81889f" executionId="4d6d7210-727d-4f16-b921-1c1b37836ffe" testListId="8c84fa94-04c1-424b-9868-57a2d4851a1d" />
    <TestEntry testId="00fd8d9f-d010-3044-379b-480fdcc9d7c0" executionId="1f08bf4e-dda6-4d67-be60-73155a66c23a" testListId="8c84fa94-04c1-424b-9868-57a2d4851a1d" />
    <TestEntry testId="4a0707cc-89d3-3ffa-cd5e-ffb5280c563e" executionId="067569d0-c73b-49f5-8b80-dfb373c51b05" testListId="8c84fa94-04c1-424b-9868-57a2d4851a1d" />
    <TestEntry testId="82a67ea8-6647-1297-475a-84912bc733c6" executionId="4dce9f24-f5d9-4736-b008-718e74754949" testListId="8c84fa94-04c1-424b-9868-57a2d4851a1d" />
    <TestEntry testId="b2bd0272-58ce-f321-691e-70de1d39e883" executionId="f862e15f-d300-414d-a3b8-25a138ebd22b" testListId="8c84fa94-04c1-424b-9868-57a2d4851a1d" />
    <TestEntry testId="29287893-f74f-6201-673f-585aa4e572ec" executionId="0bf7928e-c9ed-460b-8fcd-7318a31edc25" testListId="8c84fa94-04c1-424b-9868-57a2d4851a1d" />
    <TestEntry testId="561e777f-ab19-7ec6-1e1b-6cfc50a3a2b1" executionId="7944c8ac-85e5-4bca-b4e4-6ab95752ee94" testListId="8c84fa94-04c1-424b-9868-57a2d4851a1d" />
    <TestEntry testId="7920bd77-53c9-4100-1acf-636fd2a4b473" executionId="bca398bd-3430-4f8a-8021-ea6e3201110d" testListId="8c84fa94-04c1-424b-9868-57a2d4851a1d" />
    <TestEntry testId="292cdf34-14b8-251b-db6c-96178c90c507" executionId="0e23da93-9e02-45b1-9b2d-bccfa907bd2d" testListId="8c84fa94-04c1-424b-9868-57a2d4851a1d" />
    <TestEntry testId="42e5d8d6-ae82-32cb-c816-9cb94954b203" executionId="2f16407a-c38e-4af2-aa12-2ffbee8a5be5" testListId="8c84fa94-04c1-424b-9868-57a2d4851a1d" />
  </TestEntries>
  <TestLists>
    <TestList name="Results Not in a List" id="8c84fa94-04c1-424b-9868-57a2d4851a1d" />
    <TestList name="All Loaded Results" id="19431567-8539-422a-85d7-44ee4e166bda" />
  </TestLists>
  <ResultSummary outcome="Completed">
    <Counters total="17" executed="17" passed="17" failed="0" error="0" timeout="0" aborted="0" inconclusive="0" passedButRunAborted="0" notRunnable="0" notExecuted="0" disconnected="0" warning="0" completed="0" inProgress="0" pending="0" />
  </ResultSummary>
</TestRun>